ARM Linker, 4.1 [Build 481] [Standard]

==============================================================================

Section Cross References

    main.o(i.main) refers to sys_config.o(i.RCC_Config) for RCC_Config
    main.o(i.main) refers to delay.o(i.delay_us) for delay_us
    main.o(i.main) refers to sys_config.o(i.NVIC_Config) for NVIC_Config
    main.o(i.main) refers to sys_config.o(i.GPIO_Config) for GPIO_Config
    main.o(i.main) refers to sys_config.o(i.GPIO_Initial) for GPIO_Initial
    main.o(i.main) refers to sys_config.o(i.USART_Config) for USART_Config
    main.o(i.main) refers to sys_config.o(i.I2C1_Config) for I2C1_Config
    main.o(i.main) refers to sys_config.o(i.TIM_Config) for TIM_Config
    main.o(i.main) refers to sys_config.o(i.TIM_Basic_Config) for TIM_Basic_Config
    main.o(i.main) refers to ex_var.o(i.Var_Init) for Var_Init
    main.o(i.main) refers to ra8806_ctrl.o(i.LCD_Init) for LCD_Init
    main.o(i.main) refers to ra8806_ctrl.o(i.LCD_IconInit) for LCD_IconInit
    main.o(i.main) refers to menu_resource.o(i.Menu_Init) for Menu_Init
    main.o(i.main) refers to ra8806_ctrl.o(i.LCD_InterfaceInit) for LCD_InterfaceInit
    main.o(i.main) refers to e2prom_op.o(i.Get_Schedule) for Get_Schedule
    main.o(i.main) refers to led_op.o(i.LED_Init) for LED_Init
    main.o(i.main) refers to sys_config.o(i.EXTI_Config) for EXTI_Config
    main.o(i.main) refers to stm32f10x_tim.o(i.TIM_Cmd) for TIM_Cmd
    main.o(i.main) refers to main.o(.data) for KEY_Press
    main.o(i.main) refers to main.o(.bss) for KEY_Buffer
    sys_config.o(i.EXTI_Config) refers to stm32f10x_exti.o(i.EXTI_Init) for EXTI_Init
    sys_config.o(i.GPIO_Config) refers to stm32f10x_gpio.o(i.GPIO_Init) for GPIO_Init
    sys_config.o(i.GPIO_Initial) refers to stm32f10x_gpio.o(i.GPIO_SetBits) for GPIO_SetBits
    sys_config.o(i.GPIO_Initial) refers to delay.o(i.delay_100ns) for delay_100ns
    sys_config.o(i.GPIO_Initial) refers to stm32f10x_gpio.o(i.GPIO_ResetBits) for GPIO_ResetBits
    sys_config.o(i.I2C1_Config) refers to stm32f10x_i2c.o(i.I2C_DeInit) for I2C_DeInit
    sys_config.o(i.I2C1_Config) refers to stm32f10x_i2c.o(i.I2C_Init) for I2C_Init
    sys_config.o(i.I2C1_Config) refers to stm32f10x_i2c.o(i.I2C_Cmd) for I2C_Cmd
    sys_config.o(i.NVIC_Config) refers to misc.o(i.NVIC_PriorityGroupConfig) for NVIC_PriorityGroupConfig
    sys_config.o(i.NVIC_Config) refers to misc.o(i.NVIC_SetVectorTable) for NVIC_SetVectorTable
    sys_config.o(i.NVIC_Config) refers to misc.o(i.NVIC_Init) for NVIC_Init
    sys_config.o(i.RCC_Config) refers to stm32f10x_rcc.o(i.RCC_DeInit) for RCC_DeInit
    sys_config.o(i.RCC_Config) refers to stm32f10x_rcc.o(i.RCC_HSEConfig) for RCC_HSEConfig
    sys_config.o(i.RCC_Config) refers to stm32f10x_rcc.o(i.RCC_WaitForHSEStartUp) for RCC_WaitForHSEStartUp
    sys_config.o(i.RCC_Config) refers to stm32f10x_rcc.o(i.RCC_PLLConfig) for RCC_PLLConfig
    sys_config.o(i.RCC_Config) refers to stm32f10x_rcc.o(i.RCC_PLLCmd) for RCC_PLLCmd
    sys_config.o(i.RCC_Config) refers to stm32f10x_rcc.o(i.RCC_SYSCLKConfig) for RCC_SYSCLKConfig
    sys_config.o(i.RCC_Config) refers to stm32f10x_rcc.o(i.RCC_HCLKConfig) for RCC_HCLKConfig
    sys_config.o(i.RCC_Config) refers to stm32f10x_rcc.o(i.RCC_PCLK1Config) for RCC_PCLK1Config
    sys_config.o(i.RCC_Config) refers to stm32f10x_rcc.o(i.RCC_PCLK2Config) for RCC_PCLK2Config
    sys_config.o(i.RCC_Config) refers to stm32f10x_rcc.o(i.RCC_APB2PeriphClockCmd) for RCC_APB2PeriphClockCmd
    sys_config.o(i.RCC_Config) refers to stm32f10x_rcc.o(i.RCC_APB1PeriphClockCmd) for RCC_APB1PeriphClockCmd
    sys_config.o(i.RTC_Config) refers to stm32f10x_pwr.o(i.PWR_BackupAccessCmd) for PWR_BackupAccessCmd
    sys_config.o(i.RTC_Config) refers to stm32f10x_bkp.o(i.BKP_DeInit) for BKP_DeInit
    sys_config.o(i.RTC_Config) refers to stm32f10x_rcc.o(i.RCC_LSEConfig) for RCC_LSEConfig
    sys_config.o(i.RTC_Config) refers to stm32f10x_rcc.o(i.RCC_GetFlagStatus) for RCC_GetFlagStatus
    sys_config.o(i.RTC_Config) refers to stm32f10x_rcc.o(i.RCC_RTCCLKConfig) for RCC_RTCCLKConfig
    sys_config.o(i.RTC_Config) refers to stm32f10x_rcc.o(i.RCC_RTCCLKCmd) for RCC_RTCCLKCmd
    sys_config.o(i.RTC_Config) refers to stm32f10x_rtc.o(i.RTC_WaitForSynchro) for RTC_WaitForSynchro
    sys_config.o(i.RTC_Config) refers to stm32f10x_rtc.o(i.RTC_WaitForLastTask) for RTC_WaitForLastTask
    sys_config.o(i.RTC_Config) refers to memcpya.o(.text) for __aeabi_memcpy4
    sys_config.o(i.RTC_Config) refers to time_op.o(i.Time_SetCalendarTime) for Time_SetCalendarTime
    sys_config.o(i.RTC_Config) refers to stm32f10x_rtc.o(i.RTC_ITConfig) for RTC_ITConfig
    sys_config.o(i.RTC_Config) refers to stm32f10x_rtc.o(i.RTC_SetPrescaler) for RTC_SetPrescaler
    sys_config.o(i.RTC_Config) refers to main.o(.bss) for Current_Time
    sys_config.o(i.RTC_Init) refers to stm32f10x_bkp.o(i.BKP_ReadBackupRegister) for BKP_ReadBackupRegister
[...]
    i.RTC_ClearITPendingBit                  0x20004d40   Section        0  stm32f10x_rtc.o(i.RTC_ClearITPendingBit)
    i.RTC_Config                             0x20004d60   Section        0  sys_config.o(i.RTC_Config)
    i.RTC_EnterConfigMode                    0x20004dd0   Section        0  stm32f10x_rtc.o(i.RTC_EnterConfigMode)
    i.RTC_ExitConfigMode                     0x20004de8   Section        0  stm32f10x_rtc.o(i.RTC_ExitConfigMode)
    i.RTC_GetCounter                         0x20004e04   Section        0  stm32f10x_rtc.o(i.RTC_GetCounter)
    i.RTC_GetFlagStatus                      0x20004e20   Section        0  stm32f10x_rtc.o(i.RTC_GetFlagStatus)
    i.RTC_IRQHandler                         0x20004e38   Section        0  stm32f10x_it.o(i.RTC_IRQHandler)
    i.RTC_ITConfig                           0x20004f38   Section        0  stm32f10x_rtc.o(i.RTC_ITConfig)
    i.RTC_SetCounter                         0x20004f68   Section        0  stm32f10x_rtc.o(i.RTC_SetCounter)
    i.RTC_SetDate                            0x20004f8c   Section        0  ra8806_ctrl.o(i.RTC_SetDate)
    i.RTC_SetDate_Init                       0x20005568   Section        0  ra8806_ctrl.o(i.RTC_SetDate_Init)
    i.RTC_SetDate_Update                     0x20005678   Section        0  ra8806_ctrl.o(i.RTC_SetDate_Update)
    i.RTC_SetPrescaler                       0x200057f8   Section        0  stm32f10x_rtc.o(i.RTC_SetPrescaler)
    i.RTC_WaitForLastTask                    0x2000581c   Section        0  stm32f10x_rtc.o(i.RTC_WaitForLastTask)
    i.RTC_WaitForSynchro                     0x20005830   Section        0  stm32f10x_rtc.o(i.RTC_WaitForSynchro)
    i.SVC_Handler                            0x20005858   Section        0  stm32f10x_it.o(i.SVC_Handler)
    i.SetSysClock                            0x2000585a   Section        0  system_stm32f10x.o(i.SetSysClock)
    SetSysClock                              0x2000585b   Thumb Code     8  system_stm32f10x.o(i.SetSysClock)
    i.SetSysClockTo72                        0x20005864   Section        0  system_stm32f10x.o(i.SetSysClockTo72)
    SetSysClockTo72                          0x20005865   Thumb Code   192  system_stm32f10x.o(i.SetSysClockTo72)
    i.Set_FlashAllowence                     0x2000592c   Section        0  ra8806_ctrl.o(i.Set_FlashAllowence)
    i.Set_FlashAllowence_Interface           0x20005a60   Section        0  ra8806_ctrl.o(i.Set_FlashAllowence_Interface)
    i.SysTick_Handler                        0x20005bec   Section        0  stm32f10x_it.o(i.SysTick_Handler)
    i.SystemInit                             0x20005bfc   Section        0  system_stm32f10x.o(i.SystemInit)
    i.TIM2_IRQHandler                        0x20005c5c   Section        0  stm32f10x_it.o(i.TIM2_IRQHandler)
    i.TIM6_IRQHandler                        0x20005d88   Section        0  stm32f10x_it.o(i.TIM6_IRQHandler)
    i.TIM_ARRPreloadConfig                   0x20005f74   Section        0  stm32f10x_tim.o(i.TIM_ARRPreloadConfig)
    i.TIM_Basic_Config                       0x20005f8c   Section        0  sys_config.o(i.TIM_Basic_Config)
    i.TIM_ClearFlag                          0x20005fe8   Section        0  stm32f10x_tim.o(i.TIM_ClearFlag)
    i.TIM_ClearITPendingBit                  0x20005fee   Section        0  stm32f10x_tim.o(i.TIM_ClearITPendingBit)
    i.TIM_Cmd                                0x20005ff4   Section        0  stm32f10x_tim.o(i.TIM_Cmd)
    i.TIM_Config                             0x2000600c   Section        0  sys_config.o(i.TIM_Config)
    i.TIM_DeInit                             0x2000608c   Section        0  stm32f10x_tim.o(i.TIM_DeInit)
    i.TIM_GetFlagStatus                      0x20006274   Section        0  stm32f10x_tim.o(i.TIM_GetFlagStatus)
    i.TIM_ITConfig                           0x20006286   Section        0  stm32f10x_tim.o(i.TIM_ITConfig)
    i.TIM_InternalClockConfig                0x2000629e   Section        0  stm32f10x_tim.o(i.TIM_InternalClockConfig)
    i.TIM_OC2Init                            0x200062ac   Section        0  stm32f10x_tim.o(i.TIM_OC2Init)
    i.TIM_SelectOnePulseMode                 0x20006348   Section        0  stm32f10x_tim.o(i.TIM_SelectOnePulseMode)
    i.TIM_TimeBaseInit                       0x2000635c   Section        0  stm32f10x_tim.o(i.TIM_TimeBaseInit)
    i.TIM_UpdateRequestConfig                0x20006400   Section        0  stm32f10x_tim.o(i.TIM_UpdateRequestConfig)
    i.TimeSetMenu_Init                       0x20006418   Section        0  menu_resource.o(i.TimeSetMenu_Init)
    i.Time_ConvCalendarToUnix                0x200064f8   Section        0  time_op.o(i.Time_ConvCalendarToUnix)
    i.Time_ConvUnixToCalendar                0x20006510   Section        0  time_op.o(i.Time_ConvUnixToCalendar)
    i.Time_GetUnixTime                       0x20006530   Section        0  time_op.o(i.Time_GetUnixTime)
    i.Time_JudgeDayOrNight                   0x20006538   Section        0  time_op.o(i.Time_JudgeDayOrNight)
    i.Time_JudgeTimeTable                    0x200065bc   Section        0  time_op.o(i.Time_JudgeTimeTable)
    i.Time_SetCalendarTime                   0x2000666c   Section        0  time_op.o(i.Time_SetCalendarTime)
    i.Time_SetUnixTime                       0x20006692   Section        0  time_op.o(i.Time_SetUnixTime)
    i.USART_Cmd                              0x200066a6   Section        0  stm32f10x_usart.o(i.USART_Cmd)
    i.USART_Config                           0x200066c0   Section        0  sys_config.o(i.USART_Config)
    i.USART_Init                             0x200066f8   Section        0  stm32f10x_usart.o(i.USART_Init)
    i.USART_SendData                         0x200067d0   Section        0  stm32f10x_usart.o(i.USART_SendData)
    i.UsageFault_Handler                     0x200067d8   Section        0  stm32f10x_it.o(i.UsageFault_Handler)
    i.Var_Init                               0x200067dc   Section        0  ex_var.o(i.Var_Init)
    i.__0printf$1                            0x20006894   Section        0  printf1.o(i.__0printf$1)
    i.__scatterload_copy                     0x200068b4   Section       14  handlers.o(i.__scatterload_copy)
    i.__scatterload_null                     0x200068c2   Section        2  handlers.o(i.__scatterload_null)
    i.__scatterload_zeroinit                 0x200068c4   Section       14  handlers.o(i.__scatterload_zeroinit)
    i._printf_core                           0x200068d4   Section        0  printf1.o(i._printf_core)
    _printf_core                             0x200068d5   Thumb Code   334  printf1.o(i._printf_core)
    i.add_period                             0x20006a28   Section        0  ra8806_ctrl.o(i.add_period)
    i.add_period_datainit                    0x20006d54   Section        0  ra8806_ctrl.o(i.add_period_datainit)
    i.add_period_interface                   0x20006d88   Section        0  ra8806_ctrl.o(i.add_period_interface)
    i.add_period_main                        0x20006ec0   Section        0  ra8806_ctrl.o(i.add_period_main)
    i.add_period_update                      0x20006f3c   Section        0  ra8806_ctrl.o(i.add_period_update)
    i.add_phase                              0x2000702c   Section        0  ra8806_ctrl.o(i.add_phase)
    i.add_phase_datainit                     0x20007450   Section        0  ra8806_ctrl.o(i.add_phase_datainit)
    i.add_phase_interface                    0x20007484   Section        0  ra8806_ctrl.o(i.add_phase_interface)
    i.add_phase_main                         0x200075dc   Section        0  ra8806_ctrl.o(i.add_phase_main)
    i.add_phase_update                       0x20007658   Section        0  ra8806_ctrl.o(i.add_phase_update)
    i.dayflash                               0x20007780   Section        0  ra8806_ctrl.o(i.dayflash)
    i.dayflash_Interface                     0x200078b8   Section        0  ra8806_ctrl.o(i.dayflash_Interface)
    i.dayflash_datainit                      0x20007a44   Section        0  ra8806_ctrl.o(i.dayflash_datainit)
    i.dayflash_main                          0x20007a90   Section        0  ra8806_ctrl.o(i.dayflash_main)
    i.del_period                             0x20007afc   Section        0  ra8806_ctrl.o(i.del_period)
    i.del_period_datainit                    0x20007d48   Section        0  ra8806_ctrl.o(i.del_period_datainit)
    i.del_period_interface                   0x20007db4   Section        0  ra8806_ctrl.o(i.del_period_interface)
    i.del_period_main                        0x20007ee4   Section        0  ra8806_ctrl.o(i.del_period_main)
    i.del_period_update                      0x20007f5c   Section        0  ra8806_ctrl.o(i.del_period_update)
    i.del_phase                              0x2000818c   Section        0  ra8806_ctrl.o(i.del_phase)
    i.del_phase_datainit                     0x2000869c   Section        0  ra8806_ctrl.o(i.del_phase_datainit)
    i.del_phase_interface                    0x2000870c   Section        0  ra8806_ctrl.o(i.del_phase_interface)
    i.del_phase_main                         0x200088ac   Section        0  ra8806_ctrl.o(i.del_phase_main)
    i.del_phase_update                       0x2000892c   Section        0  ra8806_ctrl.o(i.del_phase_update)
    i.delay_100ns                            0x20008be0   Section        0  delay.o(i.delay_100ns)
    i.delay_us                               0x20008bf8   Section        0  delay.o(i.delay_us)
    i.disp_frame1                            0x20008c10   Section        0  key_op.o(i.disp_frame1)
    i.disp_frame2                            0x20008c68   Section        0  key_op.o(i.disp_frame2)
    i.disp_help1                             0x20008cbc   Section        0  key_op.o(i.disp_help1)
    i.disp_help2                             0x20008d54   Section        0  key_op.o(i.disp_help2)
    i.disp_item                              0x20008e08   Section        0  key_op.o(i.disp_item)
    i.e2prom_read_bytes                      0x20008f30   Section        0  at24c64_op.o(i.e2prom_read_bytes)
    i.flash_allowed_datainit                 0x20009040   Section        0  ra8806_ctrl.o(i.flash_allowed_datainit)
    i.flash_allowed_main                     0x20009088   Section        0  ra8806_ctrl.o(i.flash_allowed_main)
    i.flashfunc_update                       0x200090f4   Section        0  ra8806_ctrl.o(i.flashfunc_update)
    i.fputc                                  0x20009194   Section        0  usart_op.o(i.fputc)
    i.free                                   0x200091b8   Section        0  malloc.o(i.free)
    i.keyfunction_clear_help                 0x20009208   Section        0  ra8806_ctrl.o(i.keyfunction_clear_help)
    i.keyfunction_help                       0x20009258   Section        0  ra8806_ctrl.o(i.keyfunction_help)
    i.main                                   0x200092b0   Section        0  main.o(i.main)
    i.malloc                                 0x20009350   Section        0  malloc.o(i.malloc)
    i.menu_keywork_mode1                     0x200093bc   Section        0  key_op.o(i.menu_keywork_mode1)
    i.menu_keywork_mode2                     0x20009454   Section        0  key_op.o(i.menu_keywork_mode2)
    i.nightflash_Interface                   0x200094e4   Section        0  ra8806_ctrl.o(i.nightflash_Interface)
    i.nightflash_datainit                    0x20009670   Section        0  ra8806_ctrl.o(i.nightflash_datainit)
    i.nightflash_main                        0x200096bc   Section        0  ra8806_ctrl.o(i.nightflash_main)
    i.set_period                             0x20009728   Section        0  ra8806_ctrl.o(i.set_period)
    i.set_period_datainit                    0x20009ae0   Section        0  ra8806_ctrl.o(i.set_period_datainit)
    i.set_period_interface                   0x20009b20   Section        0  ra8806_ctrl.o(i.set_period_interface)
    i.set_period_main                        0x20009c20   Section        0  ra8806_ctrl.o(i.set_period_main)
    i.set_period_update                      0x20009c98   Section        0  ra8806_ctrl.o(i.set_period_update)
    i.set_phase                              0x20009de0   Section        0  ra8806_ctrl.o(i.set_phase)
    i.set_phase_datainit                     0x2000a44c   Section        0  ra8806_ctrl.o(i.set_phase_datainit)
    i.set_phase_interface                    0x2000a4bc   Section        0  ra8806_ctrl.o(i.set_phase_interface)
    i.set_phase_main                         0x2000a648   Section        0  ra8806_ctrl.o(i.set_phase_main)
    i.set_phase_update                       0x2000a6b8   Section        0  ra8806_ctrl.o(i.set_phase_update)
    .constdata                               0x2000a95c   Section      232  ra8806_ctrl.o(.constdata)
    .constdata                               0x2000aa44   Section       12  mktime.o(.constdata)
    monlen                                   0x2000aa44   Data          12  mktime.o(.constdata)
    .constdata                               0x2000aa50   Section       12  localtime_i.o(.constdata)
    monlen                                   0x2000aa50   Data          12  localtime_i.o(.constdata)
    .conststring                             0x2000aa5c   Section       48  ra8806_ctrl.o(.conststring)
    .data                                    0x2000c000   Section       30  main.o(.data)
    .data                                    0x2000c020   Section       64  ra8806_ctrl.o(.data)
    .data                                    0x2000c060   Section       20  stm32f10x_rcc.o(.data)
    APBAHBPrescTable                         0x2000c060   Data          16  stm32f10x_rcc.o(.data)
    ADCPrescTable                            0x2000c070   Data           4  stm32f10x_rcc.o(.data)
    .data                                    0x2000c074   Section        4  stdout.o(.data)
    .data                                    0x2000c078   Section        4  mvars.o(.data)
    .data                                    0x2000c07c   Section        4  mvars.o(.data)
    .bss                                     0x2000c080   Section     4952  main.o(.bss)
    .bss                                     0x2000d3d8   Section       44  localtime_w.o(.bss)
    _tms                                     0x2000d3d8   Data          44  localtime_w.o(.bss)
    HEAP                                     0x2000d408   Section     1024  startup_stm32f10x_hd.o(HEAP)
    STACK                                    0x2000d808   Section     1024  startup_stm32f10x_hd.o(STACK)

    Global Symbols

    Symbol Name                              Value     Ov Type        Size  Object(Section)

    BuildAttributes$$THM_ISAv4$P$D$K$B$S$PE$A:L22UL41UL21$X:L11$S22US41US21$IEEE1$IW$USESV6$~STKCKD$USESV7$~SHL$OSPACE$ROPI$EBA8$MICROLIB$REQ8$PRES8$EABIv2 0x00000000   Number         0  anon$$obj.o ABSOLUTE
    __ARM_use_no_argv                        0x00000000   Number         0  main.o ABSOLUTE
    _printf_a                                0x00000000   Number         0  stubs.o ABSOLUTE
    _printf_c                                0x00000000   Number         0  stubs.o ABSOLUTE
    _printf_charcount                        0x00000000   Number         0  stubs.o ABSOLUTE
    _printf_d                                0x00000000   Number         0  stubs.o ABSOLUTE
    _printf_e                                0x00000000   Number         0  stubs.o ABSOLUTE
    _printf_f                                0x00000000   Number         0  stubs.o ABSOLUTE
    _printf_flags                            0x00000000   Number         0  stubs.o ABSOLUTE
    _printf_fp_dec                           0x00000000   Number         0  stubs.o ABSOLUTE
    _printf_fp_hex                           0x00000000   Number         0  stubs.o ABSOLUTE
    _printf_g                                0x00000000   Number         0  stubs.o ABSOLUTE
    _printf_i                                0x00000000   Number         0  stubs.o ABSOLUTE
    _printf_int_dec                          0x00000000   Number         0  stubs.o ABSOLUTE
    _printf_l                                0x00000000   Number         0  stubs.o ABSOLUTE
    _printf_lc                               0x00000000   Number         0  stubs.o ABSOLUTE
    _printf_ll                               0x00000000   Number         0  stubs.o ABSOLUTE
    _printf_lld                              0x00000000   Number         0  stubs.o ABSOLUTE
    _printf_lli                              0x00000000   Number         0  stubs.o ABSOLUTE
    _printf_llo                              0x00000000   Number         0  stubs.o ABSOLUTE
    _printf_llu                              0x00000000   Number         0  stubs.o ABSOLUTE
    _printf_llx                              0x00000000   Number         0  stubs.o ABSOLUTE
    _printf_longlong_dec                     0x00000000   Number         0  stubs.o ABSOLUTE
    _printf_longlong_hex                     0x00000000   Number         0  stubs.o ABSOLUTE
    _printf_longlong_oct                     0x00000000   Number         0  stubs.o ABSOLUTE
    _printf_ls                               0x00000000   Number         0  stubs.o ABSOLUTE
    _printf_mbtowc                           0x00000000   Number         0  stubs.o ABSOLUTE
    _printf_n                                0x00000000   Number         0  stubs.o ABSOLUTE
    _printf_o                                0x00000000   Number         0  stubs.o ABSOLUTE
    _printf_p                                0x00000000   Number         0  stubs.o ABSOLUTE
    _printf_percent                          0x00000000   Number         0  stubs.o ABSOLUTE
    _printf_pre_padding                      0x00000000   Number         0  stubs.o ABSOLUTE
    _printf_return_value                     0x00000000   Number         0  stubs.o ABSOLUTE
    _printf_s                                0x00000000   Number         0  stubs.o ABSOLUTE
    _printf_sizespec                         0x00000000   Number         0  stubs.o ABSOLUTE
    _printf_str                              0x00000000   Number         0  stubs.o ABSOLUTE
    _printf_truncate_signed                  0x00000000   Number         0  stubs.o ABSOLUTE
    _printf_truncate_unsigned                0x00000000   Number         0  stubs.o ABSOLUTE
    _printf_u                                0x00000000   Number         0  stubs.o ABSOLUTE
    _printf_wc                               0x00000000   Number         0  stubs.o ABSOLUTE
    _printf_wctomb                           0x00000000   Number         0  stubs.o ABSOLUTE
    _printf_widthprec                        0x00000000   Number         0  stubs.o ABSOLUTE
    _printf_x                                0x00000000   Number         0  stubs.o ABSOLUTE
    __decompress                              - Undefined Weak Reference
    __Vectors_Size                           0x00000130   Number         0  startup_stm32f10x_hd.o ABSOLUTE
    __Vectors                                0x20000000   Data           4  startup_stm32f10x_hd.o(RESET)
    __Vectors_End                            0x20000130   Data           0  startup_stm32f10x_hd.o(RESET)
    __main                                   0x20000131   Thumb Code     0  entry.o(.ARM.Collect$$$$00000000)
    _main_stk                                0x20000131   Thumb Code     0  entry2.o(.ARM.Collect$$$$00000001)
    _main_scatterload                        0x20000135   Thumb Code     0  entry5.o(.ARM.Collect$$$$00000004)
    __main_after_scatterload                 0x20000139   Thumb Code     0  entry5.o(.ARM.Collect$$$$00000004)
    _main_init                               0x20000139   Thumb Code     0  entry7.o(.ARM.Collect$$$$00000007)
    Reset_Handler                            0x20000145   Thumb Code     8  startup_stm32f10x_hd.o(.text)
    ADC1_2_IRQHandler                        0x2000015f   Thumb Code     0  startup_stm32f10x_hd.o(.text)
    ADC3_IRQHandler                          0x2000015f   Thumb Code     0  startup_stm32f10x_hd.o(.text)
    CAN1_RX1_IRQHandler                      0x2000015f   Thumb Code     0  startup_stm32f10x_hd.o(.text)
    CAN1_SCE_IRQHandler                      0x2000015f   Thumb Code     0  startup_stm32f10x_hd.o(.text)
    DMA1_Channel1_IRQHandler                 0x2000015f   Thumb Code     0  startup_stm32f10x_hd.o(.text)
    DMA1_Channel2_IRQHandler                 0x2000015f   Thumb Code     0  startup_stm32f10x_hd.o(.text)
    DMA1_Channel3_IRQHandler                 0x2000015f   Thumb Code     0  startup_stm32f10x_hd.o(.text)
    DMA1_Channel4_IRQHandler                 0x2000015f   Thumb Code     0  startup_stm32f10x_hd.o(.text)
    DMA1_Channel5_IRQHandler                 0x2000015f   Thumb Code     0  startup_stm32f10x_hd.o(.text)
    DMA1_Channel6_IRQHandler                 0x2000015f   Thumb Code     0  startup_stm32f10x_hd.o(.text)
    DMA1_Channel7_IRQHandler                 0x2000015f   Thumb Code     0  startup_stm32f10x_hd.o(.text)
    DMA2_Channel1_IRQHandler                 0x2000015f   Thumb Code     0  startup_stm32f10x_hd.o(.text)
    DMA2_Channel2_IRQHandler                 0x2000015f   Thumb Code     0  startup_stm32f10x_hd.o(.text)
    DMA2_Channel3_IRQHandler                 0x2000015f   Thumb Code     0  startup_stm32f10x_hd.o(.text)
    DMA2_Channel4_5_IRQHandler               0x2000015f   Thumb Code     0  startup_stm32f10x_hd.o(.text)
    EXTI15_10_IRQHandler                     0x2000015f   Thumb Code     0  startup_stm32f10x_hd.o(.text)
    EXTI1_IRQHandler                         0x2000015f   Thumb Code     0  startup_stm32f10x_hd.o(.text)
    EXTI2_IRQHandler                         0x2000015f   Thumb Code     0  startup_stm32f10x_hd.o(.text)
    EXTI3_IRQHandler                         0x2000015f   Thumb Code     0  startup_stm32f10x_hd.o(.text)
    EXTI4_IRQHandler                         0x2000015f   Thumb Code     0  startup_stm32f10x_hd.o(.text)
    EXTI9_5_IRQHandler                       0x2000015f   Thumb Code     0  startup_stm32f10x_hd.o(.text)
    FLASH_IRQHandler                         0x2000015f   Thumb Code     0  startup_stm32f10x_hd.o(.text)
    FSMC_IRQHandler                          0x2000015f   Thumb Code     0  startup_stm32f10x_hd.o(.text)
    I2C1_ER_IRQHandler                       0x2000015f   Thumb Code     0  startup_stm32f10x_hd.o(.text)
    I2C1_EV_IRQHandler                       0x2000015f   Thumb Code     0  startup_stm32f10x_hd.o(.text)
    I2C2_ER_IRQHandler                       0x2000015f   Thumb Code     0  startup_stm32f10x_hd.o(.text)
    I2C2_EV_IRQHandler                       0x2000015f   Thumb Code     0  startup_stm32f10x_hd.o(.text)
    PVD_IRQHandler                           0x2000015f   Thumb Code     0  startup_stm32f10x_hd.o(.text)
    RCC_IRQHandler                           0x2000015f   Thumb Code     0  startup_stm32f10x_hd.o(.text)
    RTCAlarm_IRQHandler                      0x2000015f   Thumb Code     0  startup_stm32f10x_hd.o(.text)
    SDIO_IRQHandler                          0x2000015f   Thumb Code     0  startup_stm32f10x_hd.o(.text)
    SPI1_IRQHandler                          0x2000015f   Thumb Code     0  startup_stm32f10x_hd.o(.text)
    SPI2_IRQHandler                          0x2000015f   Thumb Code     0  startup_stm32f10x_hd.o(.text)
    SPI3_IRQHandler                          0x2000015f   Thumb Code     0  startup_stm32f10x_hd.o(.text)
    TAMPER_IRQHandler                        0x2000015f   Thumb Code     0  startup_stm32f10x_hd.o(.text)
    TIM1_BRK_IRQHandler                      0x2000015f   Thumb Code     0  startup_stm32f10x_hd.o(.text)
    TIM1_CC_IRQHandler                       0x2000015f   Thumb Code     0  startup_stm32f10x_hd.o(.text)
    TIM1_TRG_COM_IRQHandler                  0x2000015f   Thumb Code     0  startup_stm32f10x_hd.o(.text)
    TIM1_UP_IRQHandler                       0x2000015f   Thumb Code     0  startup_stm32f10x_hd.o(.text)
    TIM3_IRQHandler                          0x2000015f   Thumb Code     0  startup_stm32f10x_hd.o(.text)
    TIM4_IRQHandler                          0x2000015f   Thumb Code     0  startup_stm32f10x_hd.o(.text)
    TIM5_IRQHandler                          0x2000015f   Thumb Code     0  startup_stm32f10x_hd.o(.text)
    TIM7_IRQHandler                          0x2000015f   Thumb Code     0  startup_stm32f10x_hd.o(.text)
    TIM8_BRK_IRQHandler                      0x2000015f   Thumb Code     0  startup_stm32f10x_hd.o(.text)
    TIM8_CC_IRQHandler                       0x2000015f   Thumb Code     0  startup_stm32f10x_hd.o(.text)
    TIM8_TRG_COM_IRQHandler                  0x2000015f   Thumb Code     0  startup_stm32f10x_hd.o(.text)
    TIM8_UP_IRQHandler                       0x2000015f   Thumb Code     0  startup_stm32f10x_hd.o(.text)
    UART4_IRQHandler                         0x2000015f   Thumb Code     0  startup_stm32f10x_hd.o(.text)
    UART5_IRQHandler                         0x2000015f   Thumb Code     0  startup_stm32f10x_hd.o(.text)
    USART1_IRQHandler                        0x2000015f   Thumb Code     0  startup_stm32f10x_hd.o(.text)
    USART2_IRQHandler                        0x2000015f   Thumb Code     0  startup_stm32f10x_hd.o(.text)
    USART3_IRQHandler                        0x2000015f   Thumb Code     0  startup_stm32f10x_hd.o(.text)
    USBWakeUp_IRQHandler                     0x2000015f   Thumb Code     0  startup_stm32f10x_hd.o(.text)
    USB_HP_CAN1_TX_IRQHandler                0x2000015f   Thumb Code     0  startup_stm32f10x_hd.o(.text)
    USB_LP_CAN1_RX0_IRQHandler               0x2000015f   Thumb Code     0  startup_stm32f10x_hd.o(.text)
    WWDG_IRQHandler                          0x2000015f   Thumb Code     0  startup_stm32f10x_hd.o(.text)
    mktime                                   0x20000169   Thumb Code   142  mktime.o(.text)
    __aeabi_memcpy                           0x20000209   Thumb Code    36  memcpya.o(.text)
    __aeabi_memcpy4                          0x20000209   Thumb Code     0  memcpya.o(.text)
    __aeabi_memcpy8                          0x20000209   Thumb Code     0  memcpya.o(.text)
    calloc                                   0x2000022d   Thumb Code    28  calloc.o(.text)
    __aeabi_uidiv                            0x20000249   Thumb Code     0  uidiv.o(.text)
    __aeabi_uidivmod                         0x20000249   Thumb Code    44  uidiv.o(.text)
    localtime                                0x20000275   Thumb Code     6  localtime_w.o(.text)
    _localtime                               0x20000281   Thumb Code   122  localtime_i.o(.text)
    __scatterload                            0x20000301   Thumb Code    28  init.o(.text)
    __scatterload_rt2                        0x20000301   Thumb Code     0  init.o(.text)
    All_LED_Die                              0x20000325   Thumb Code    20  led_op.o(i.All_LED_Die)
    BKP_DeInit                               0x20000339   Thumb Code    16  stm32f10x_bkp.o(i.BKP_DeInit)
    BusFault_Handler                         0x20000349   Thumb Code     4  stm32f10x_it.o(i.BusFault_Handler)
    CrossWay_LED_Display                     0x2000034d   Thumb Code   332  led_op.o(i.CrossWay_LED_Display)
    DayNight_PeriodofTime                    0x200004a1   Thumb Code   442  ra8806_ctrl.o(i.DayNight_PeriodofTime)
    DayNight_PeriodofTime_Init               0x20000671   Thumb Code   146  ra8806_ctrl.o(i.DayNight_PeriodofTime_Init)
    DayNight_PeriodofTime_Update             0x20000751   Thumb Code   218  ra8806_ctrl.o(i.DayNight_PeriodofTime_Update)
    DebugMon_Handler                         0x20000835   Thumb Code     2  stm32f10x_it.o(i.DebugMon_Handler)
    EXTI0_IRQHandler                         0x20000839   Thumb Code    28  stm32f10x_it.o(i.EXTI0_IRQHandler)
    EXTI_ClearITPendingBit                   0x20000859   Thumb Code     6  stm32f10x_exti.o(i.EXTI_ClearITPendingBit)
    EXTI_Config                              0x20000865   Thumb Code    32  sys_config.o(i.EXTI_Config)
    EXTI_GenerateSWInterrupt                 0x20000885   Thumb Code    16  stm32f10x_exti.o(i.EXTI_GenerateSWInterrupt)
    EXTI_Init                                0x2000089d   Thumb Code   160  stm32f10x_exti.o(i.EXTI_Init)
    FlashMenu_Init                           0x20000949   Thumb Code   150  menu_resource.o(i.FlashMenu_Init)
    GPIO_Config                              0x20000a8d   Thumb Code   224  sys_config.o(i.GPIO_Config)
    GPIO_Init                                0x20000b81   Thumb Code   274  stm32f10x_gpio.o(i.GPIO_Init)
    GPIO_Initial                             0x20000c95   Thumb Code    48  sys_config.o(i.GPIO_Initial)
    GPIO_ReadInputData                       0x20000cd1   Thumb Code     8  stm32f10x_gpio.o(i.GPIO_ReadInputData)
    GPIO_ReadInputDataBit                    0x20000cd9   Thumb Code    18  stm32f10x_gpio.o(i.GPIO_ReadInputDataBit)
    GPIO_ReadOutputData                      0x20000ceb   Thumb Code     8  stm32f10x_gpio.o(i.GPIO_ReadOutputData)
    GPIO_ReadOutputDataBit                   0x20000cf3   Thumb Code    18  stm32f10x_gpio.o(i.GPIO_ReadOutputDataBit)
    GPIO_ResetBits                           0x20000d05   Thumb Code     4  stm32f10x_gpio.o(i.GPIO_ResetBits)
    GPIO_SetBits                             0x20000d09   Thumb Code     4  stm32f10x_gpio.o(i.GPIO_SetBits)
    GPIO_Write                               0x20000d0d   Thumb Code     4  stm32f10x_gpio.o(i.GPIO_Write)
    GPIO_WriteBit                            0x20000d11   Thumb Code    10  stm32f10x_gpio.o(i.GPIO_WriteBit)
    Get_CurrentTime                          0x20000d1d   Thumb Code    30  time_op.o(i.Get_CurrentTime)
    Get_Schedule                             0x20000d41   Thumb Code   502  e2prom_op.o(i.Get_Schedule)
    HardFault_Handler                        0x20000f3d   Thumb Code     4  stm32f10x_it.o(i.HardFault_Handler)
    I2C1_Config                              0x20000f41   Thumb Code    64  sys_config.o(i.I2C1_Config)
    I2C_AcknowledgeConfig                    0x20000f89   Thumb Code    24  stm32f10x_i2c.o(i.I2C_AcknowledgeConfig)
    I2C_CheckEvent                           0x20000fa1   Thumb Code    42  stm32f10x_i2c.o(i.I2C_CheckEvent)
    I2C_Cmd                                  0x20000fcb   Thumb Code    24  stm32f10x_i2c.o(i.I2C_Cmd)
    I2C_DeInit                               0x20000fe5   Thumb Code    50  stm32f10x_i2c.o(i.I2C_DeInit)
    I2C_GenerateSTART                        0x2000101d   Thumb Code    24  stm32f10x_i2c.o(i.I2C_GenerateSTART)
    I2C_GenerateSTOP                         0x20001035   Thumb Code    24  stm32f10x_i2c.o(i.I2C_GenerateSTOP)
    I2C_GetFlagStatus                        0x2000104d   Thumb Code    42  stm32f10x_i2c.o(i.I2C_GetFlagStatus)
    I2C_Init                                 0x20001079   Thumb Code   222  stm32f10x_i2c.o(i.I2C_Init)
    I2C_ReceiveData                          0x20001165   Thumb Code     8  stm32f10x_i2c.o(i.I2C_ReceiveData)
    I2C_Send7bitAddress                      0x2000116d   Thumb Code    18  stm32f10x_i2c.o(i.I2C_Send7bitAddress)
    I2C_SendData                             0x2000117f   Thumb Code     4  stm32f10x_i2c.o(i.I2C_SendData)
    KEY1_OP                                  0x20001185   Thumb Code    58  key_op.o(i.KEY1_OP)
    KEY2_OP                                  0x200011c5   Thumb Code    62  key_op.o(i.KEY2_OP)
    KEY3_OP                                  0x20001209   Thumb Code    54  key_op.o(i.KEY3_OP)
    KEY4_OP                                  0x20001249   Thumb Code    78  key_op.o(i.KEY4_OP)
    KEY5_OP                                  0x200012a1   Thumb Code   170  key_op.o(i.KEY5_OP)
    KEY6_OP                                  0x20001351   Thumb Code    68  key_op.o(i.KEY6_OP)
    KEY_PressMinus                           0x20001399   Thumb Code    56  key_op.o(i.KEY_PressMinus)
    LCD_AccessLayer                          0x200013dd   Thumb Code    34  ra8806_ctrl.o(i.LCD_AccessLayer)
    LCD_CGRAM_CreatWord                      0x200013ff   Thumb Code   106  ra8806_ctrl.o(i.LCD_CGRAM_CreatWord)
    LCD_ClearAppWindow                       0x20001469   Thumb Code    58  ra8806_ctrl.o(i.LCD_ClearAppWindow)
    LCD_ClearItemAllText                     0x200014a3   Thumb Code    26  ra8806_ctrl.o(i.LCD_ClearItemAllText)
    LCD_ClearItemText                        0x200014bd   Thumb Code    26  ra8806_ctrl.o(i.LCD_ClearItemText)
    LCD_ClearMenuForm                        0x200014d7   Thumb Code    26  ra8806_ctrl.o(i.LCD_ClearMenuForm)
    LCD_ClearMenuText                        0x200014f1   Thumb Code    26  ra8806_ctrl.o(i.LCD_ClearMenuText)
    LCD_DDRAMs_ShowRule                      0x2000150b   Thumb Code    28  ra8806_ctrl.o(i.LCD_DDRAMs_ShowRule)
    LCD_DisplayMainPannel                    0x20001529   Thumb Code   336  ra8806_ctrl.o(i.LCD_DisplayMainPannel)
    LCD_DrawForm                             0x200016b1   Thumb Code   198  ra8806_ctrl.o(i.LCD_DrawForm)
    LCD_DrawRectangle                        0x20001777   Thumb Code   374  ra8806_ctrl.o(i.LCD_DrawRectangle)
    LCD_EliminateFlickerOFF                  0x200018ed   Thumb Code    22  ra8806_ctrl.o(i.LCD_EliminateFlickerOFF)
    LCD_FillAppWindow                        0x20001903   Thumb Code    40  ra8806_ctrl.o(i.LCD_FillAppWindow)
    LCD_IconInit                             0x2000192d   Thumb Code    20  ra8806_ctrl.o(i.LCD_IconInit)
    LCD_Init                                 0x20001949   Thumb Code   210  ra8806_ctrl.o(i.LCD_Init)
    LCD_InterfaceInit                        0x20001a1d   Thumb Code    60  ra8806_ctrl.o(i.LCD_InterfaceInit)
    LCD_Inv                                  0x20001ab9   Thumb Code    22  ra8806_ctrl.o(i.LCD_Inv)
    LCD_LedGPIO                              0x20001ad1   Thumb Code   544  ra8806_ctrl.o(i.LCD_LedGPIO)
    LCD_LedGPIO_Init                         0x20001d0d   Thumb Code   230  ra8806_ctrl.o(i.LCD_LedGPIO_Init)
    LCD_LedGPIO_Update                       0x20001ed9   Thumb Code   188  ra8806_ctrl.o(i.LCD_LedGPIO_Update)
    LCD_NoInv                                0x20001fa9   Thumb Code    28  ra8806_ctrl.o(i.LCD_NoInv)
    LCD_NorItem                              0x20001fc5   Thumb Code   272  key_op.o(i.LCD_NorItem)
    LCD_PicsMode                             0x200020ed   Thumb Code    28  ra8806_ctrl.o(i.LCD_PicsMode)
    LCD_ReadData                             0x20002109   Thumb Code   142  ra8806_ctrl.o(i.LCD_ReadData)
    LCD_ReadREG                              0x2000219d   Thumb Code    54  ra8806_ctrl.o(i.LCD_ReadREG)
    LCD_RefreshItem                          0x200021dd   Thumb Code   264  key_op.o(i.LCD_RefreshItem)
    LCD_Reset                                0x200022fd   Thumb Code    62  ra8806_ctrl.o(i.LCD_Reset)
    LCD_SetAppwindow                         0x20002341   Thumb Code    48  ra8806_ctrl.o(i.LCD_SetAppwindow)
    LCD_SetCursor                            0x20002371   Thumb Code    24  ra8806_ctrl.o(i.LCD_SetCursor)
    LCD_ShowLayer                            0x20002389   Thumb Code    28  ra8806_ctrl.o(i.LCD_ShowLayer)
    LCD_TextBold                             0x200023a5   Thumb Code    48  ra8806_ctrl.o(i.LCD_TextBold)
    LCD_TextMode                             0x200023d5   Thumb Code    50  ra8806_ctrl.o(i.LCD_TextMode)
    LCD_UpdateInfo                           0x20002409   Thumb Code  1020  ra8806_ctrl.o(i.LCD_UpdateInfo)
    LCD_WriteChar1                           0x2000282d   Thumb Code    28  ra8806_ctrl.o(i.LCD_WriteChar1)
    LCD_WriteChar2                           0x20002849   Thumb Code    40  ra8806_ctrl.o(i.LCD_WriteChar2)
    LCD_WriteCommand                         0x20002871   Thumb Code   104  ra8806_ctrl.o(i.LCD_WriteCommand)
    LCD_WriteData                            0x200028dd   Thumb Code   104  ra8806_ctrl.o(i.LCD_WriteData)
    LCD_WriteREG                             0x20002949   Thumb Code    54  ra8806_ctrl.o(i.LCD_WriteREG)
    LCD_WriteText1                           0x20002989   Thumb Code    40  ra8806_ctrl.o(i.LCD_WriteText1)
    LCD_WriteText2                           0x200029b1   Thumb Code    62  ra8806_ctrl.o(i.LCD_WriteText2)
    LCD_WriteWordFromCGRAM                   0x200029ef   Thumb Code    86  ra8806_ctrl.o(i.LCD_WriteWordFromCGRAM)
    LEDColorMenu_Init                        0x20002a45   Thumb Code    80  menu_resource.o(i.LEDColorMenu_Init)
    LED_Check                                0x20002af1   Thumb Code   552  ra8806_ctrl.o(i.LED_Check)
    LED_Check_Update                         0x20002d49   Thumb Code    64  ra8806_ctrl.o(i.LED_Check_Update)
    LED_Check_datainit                       0x20002d8d   Thumb Code    46  ra8806_ctrl.o(i.LED_Check_datainit)
    LED_Check_interfaceinit                  0x20002dc1   Thumb Code   114  ra8806_ctrl.o(i.LED_Check_interfaceinit)
    LED_Check_main                           0x20002e95   Thumb Code   208  ra8806_ctrl.o(i.LED_Check_main)
    LED_HalfSec_Display                      0x20002f89   Thumb Code   260  led_op.o(i.LED_HalfSec_Display)
    LED_Init                                 0x200030a5   Thumb Code   486  led_op.o(i.LED_Init)
    LED_Interpretation                       0x200032b1   Thumb Code   812  led_op.o(i.LED_Interpretation)
    LED_Sec_Display                          0x200035f9   Thumb Code   118  led_op.o(i.LED_Sec_Display)
    LE_sel                                   0x20003685   Thumb Code    44  led_op.o(i.LE_sel)
    MainMenu_Init                            0x200036b1   Thumb Code   428  menu_resource.o(i.MainMenu_Init)
    ManualModeMenu_Init                      0x20003a25   Thumb Code   150  menu_resource.o(i.ManualModeMenu_Init)
    ManualMode_CutDown                       0x20003b75   Thumb Code   196  ra8806_ctrl.o(i.ManualMode_CutDown)
    ManualMode_CutDown_init                  0x20003c41   Thumb Code    56  ra8806_ctrl.o(i.ManualMode_CutDown_init)
    ManualMode_CutDown_interfaceinit         0x20003c7d   Thumb Code    84  ra8806_ctrl.o(i.ManualMode_CutDown_interfaceinit)
    ManualMode_CutDown_main                  0x20003d15   Thumb Code   124  ra8806_ctrl.o(i.ManualMode_CutDown_main)
    ManualMode_TimePhase                     0x20003d95   Thumb Code   348  ra8806_ctrl.o(i.ManualMode_TimePhase)
    ManualMode_TimePhase_Update              0x20003f19   Thumb Code   176  ra8806_ctrl.o(i.ManualMode_TimePhase_Update)
    ManualMode_TimePhase_datainit            0x20003fd1   Thumb Code    56  ra8806_ctrl.o(i.ManualMode_TimePhase_datainit)
    ManualMode_TimePhase_interface           0x2000400d   Thumb Code   138  ra8806_ctrl.o(i.ManualMode_TimePhase_interface)
    ManualMode_TimePhase_main                0x200040f9   Thumb Code   208  ra8806_ctrl.o(i.ManualMode_TimePhase_main)
    MemManage_Handler                        0x200041ed   Thumb Code     4  stm32f10x_it.o(i.MemManage_Handler)
    MenuLock_Update                          0x200041f1   Thumb Code    86  ra8806_ctrl.o(i.MenuLock_Update)
    MenuLock_init                            0x2000424d   Thumb Code   164  ra8806_ctrl.o(i.MenuLock_init)
    Menu_Init                                0x20004319   Thumb Code    36  menu_resource.o(i.Menu_Init)
    Menu_Lock                                0x2000433d   Thumb Code   316  ra8806_ctrl.o(i.Menu_Lock)
    NMI_Handler                              0x2000448d   Thumb Code     2  stm32f10x_it.o(i.NMI_Handler)
    NVIC_Config                              0x20004491   Thumb Code   226  sys_config.o(i.NVIC_Config)
    NVIC_Init                                0x20004581   Thumb Code   118  misc.o(i.NVIC_Init)
    NVIC_PriorityGroupConfig                 0x20004605   Thumb Code    10  misc.o(i.NVIC_PriorityGroupConfig)
    NVIC_SetVectorTable                      0x20004619   Thumb Code    12  misc.o(i.NVIC_SetVectorTable)
    PWR_BackupAccessCmd                      0x2000462d   Thumb Code     6  stm32f10x_pwr.o(i.PWR_BackupAccessCmd)
    PendSV_Handler                           0x20004639   Thumb Code     2  stm32f10x_it.o(i.PendSV_Handler)
    PeriodOfTimeMenu_Init                    0x2000463d   Thumb Code   150  menu_resource.o(i.PeriodOfTimeMenu_Init)
    PhaseMenu_Init                           0x20004775   Thumb Code   150  menu_resource.o(i.PhaseMenu_Init)
    RCC_APB1PeriphClockCmd                   0x200048b9   Thumb Code    26  stm32f10x_rcc.o(i.RCC_APB1PeriphClockCmd)
    RCC_APB1PeriphResetCmd                   0x200048d9   Thumb Code    26  stm32f10x_rcc.o(i.RCC_APB1PeriphResetCmd)
    RCC_APB2PeriphClockCmd                   0x200048f9   Thumb Code    26  stm32f10x_rcc.o(i.RCC_APB2PeriphClockCmd)
    RCC_APB2PeriphResetCmd                   0x20004919   Thumb Code    26  stm32f10x_rcc.o(i.RCC_APB2PeriphResetCmd)
    RCC_BackupResetCmd                       0x20004939   Thumb Code     6  stm32f10x_rcc.o(i.RCC_BackupResetCmd)
    RCC_Config                               0x20004945   Thumb Code    82  sys_config.o(i.RCC_Config)
    RCC_DeInit                               0x2000499d   Thumb Code    64  stm32f10x_rcc.o(i.RCC_DeInit)
    RCC_GetClocksFreq                        0x200049e9   Thumb Code   192  stm32f10x_rcc.o(i.RCC_GetClocksFreq)
    RCC_GetFlagStatus                        0x20004abd   Thumb Code    56  stm32f10x_rcc.o(i.RCC_GetFlagStatus)
    RCC_HCLKConfig                           0x20004af9   Thumb Code    18  stm32f10x_rcc.o(i.RCC_HCLKConfig)
    RCC_HSEConfig                            0x20004b11   Thumb Code    70  stm32f10x_rcc.o(i.RCC_HSEConfig)
    RCC_LSEConfig                            0x20004b5d   Thumb Code    44  stm32f10x_rcc.o(i.RCC_LSEConfig)
    RCC_PCLK1Config                          0x20004b91   Thumb Code    18  stm32f10x_rcc.o(i.RCC_PCLK1Config)
    RCC_PCLK2Config                          0x20004ba9   Thumb Code    20  stm32f10x_rcc.o(i.RCC_PCLK2Config)
    RCC_PLLCmd                               0x20004bc1   Thumb Code     6  stm32f10x_rcc.o(i.RCC_PLLCmd)
    RCC_PLLConfig                            0x20004bcd   Thumb Code    24  stm32f10x_rcc.o(i.RCC_PLLConfig)
    RCC_RTCCLKCmd                            0x20004be9   Thumb Code     6  stm32f10x_rcc.o(i.RCC_RTCCLKCmd)
    RCC_RTCCLKConfig                         0x20004bf5   Thumb Code    12  stm32f10x_rcc.o(i.RCC_RTCCLKConfig)
    RCC_SYSCLKConfig                         0x20004c05   Thumb Code    18  stm32f10x_rcc.o(i.RCC_SYSCLKConfig)
    RCC_WaitForHSEStartUp                    0x20004c1d   Thumb Code    48  stm32f10x_rcc.o(i.RCC_WaitForHSEStartUp)
    RTCSetMenu_Init                          0x20004c4d   Thumb Code   108  menu_resource.o(i.RTCSetMenu_Init)
    RTC_ClearITPendingBit                    0x20004d41   Thumb Code    22  stm32f10x_rtc.o(i.RTC_ClearITPendingBit)
    RTC_Config                               0x20004d61   Thumb Code   106  sys_config.o(i.RTC_Config)
    RTC_EnterConfigMode                      0x20004dd1   Thumb Code    16  stm32f10x_rtc.o(i.RTC_EnterConfigMode)
    RTC_ExitConfigMode                       0x20004de9   Thumb Code    20  stm32f10x_rtc.o(i.RTC_ExitConfigMode)
    RTC_GetCounter                           0x20004e05   Thumb Code    18  stm32f10x_rtc.o(i.RTC_GetCounter)
    RTC_GetFlagStatus                        0x20004e21   Thumb Code    20  stm32f10x_rtc.o(i.RTC_GetFlagStatus)
    RTC_IRQHandler                           0x20004e39   Thumb Code   218  stm32f10x_it.o(i.RTC_IRQHandler)
    RTC_ITConfig                             0x20004f39   Thumb Code    40  stm32f10x_rtc.o(i.RTC_ITConfig)
    RTC_SetCounter                           0x20004f69   Thumb Code    26  stm32f10x_rtc.o(i.RTC_SetCounter)
    RTC_SetDate                              0x20004f8d   Thumb Code  1488  ra8806_ctrl.o(i.RTC_SetDate)
    RTC_SetDate_Init                         0x20005569   Thumb Code   178  ra8806_ctrl.o(i.RTC_SetDate_Init)
    RTC_SetDate_Update                       0x20005679   Thumb Code   374  ra8806_ctrl.o(i.RTC_SetDate_Update)
    RTC_SetPrescaler                         0x200057f9   Thumb Code    28  stm32f10x_rtc.o(i.RTC_SetPrescaler)
    RTC_WaitForLastTask                      0x2000581d   Thumb Code    14  stm32f10x_rtc.o(i.RTC_WaitForLastTask)
    RTC_WaitForSynchro                       0x20005831   Thumb Code    32  stm32f10x_rtc.o(i.RTC_WaitForSynchro)
    SVC_Handler                              0x20005859   Thumb Code     2  stm32f10x_it.o(i.SVC_Handler)
    Set_FlashAllowence                       0x2000592d   Thumb Code   288  ra8806_ctrl.o(i.Set_FlashAllowence)
    Set_FlashAllowence_Interface             0x20005a61   Thumb Code   184  ra8806_ctrl.o(i.Set_FlashAllowence_Interface)
    SysTick_Handler                          0x20005bed   Thumb Code    12  stm32f10x_it.o(i.SysTick_Handler)
    SystemInit                               0x20005bfd   Thumb Code    78  system_stm32f10x.o(i.SystemInit)
    TIM2_IRQHandler                          0x20005c5d   Thumb Code   256  stm32f10x_it.o(i.TIM2_IRQHandler)
    TIM6_IRQHandler                          0x20005d89   Thumb Code   456  stm32f10x_it.o(i.TIM6_IRQHandler)
    TIM_ARRPreloadConfig                     0x20005f75   Thumb Code    24  stm32f10x_tim.o(i.TIM_ARRPreloadConfig)
    TIM_Basic_Config                         0x20005f8d   Thumb Code    92  sys_config.o(i.TIM_Basic_Config)
    TIM_ClearFlag                            0x20005fe9   Thumb Code     6  stm32f10x_tim.o(i.TIM_ClearFlag)
    TIM_ClearITPendingBit                    0x20005fef   Thumb Code     6  stm32f10x_tim.o(i.TIM_ClearITPendingBit)
    TIM_Cmd                                  0x20005ff5   Thumb Code    24  stm32f10x_tim.o(i.TIM_Cmd)
    TIM_Config                               0x2000600d   Thumb Code   126  sys_config.o(i.TIM_Config)
    TIM_DeInit                               0x2000608d   Thumb Code   424  stm32f10x_tim.o(i.TIM_DeInit)
    TIM_GetFlagStatus                        0x20006275   Thumb Code    18  stm32f10x_tim.o(i.TIM_GetFlagStatus)
    TIM_ITConfig                             0x20006287   Thumb Code    24  stm32f10x_tim.o(i.TIM_ITConfig)
    TIM_InternalClockConfig                  0x2000629f   Thumb Code    12  stm32f10x_tim.o(i.TIM_InternalClockConfig)
    TIM_OC2Init                              0x200062ad   Thumb Code   146  stm32f10x_tim.o(i.TIM_OC2Init)
    TIM_SelectOnePulseMode                   0x20006349   Thumb Code    18  stm32f10x_tim.o(i.TIM_SelectOnePulseMode)
    TIM_TimeBaseInit                         0x2000635d   Thumb Code   122  stm32f10x_tim.o(i.TIM_TimeBaseInit)
    TIM_UpdateRequestConfig                  0x20006401   Thumb Code    24  stm32f10x_tim.o(i.TIM_UpdateRequestConfig)
    TimeSetMenu_Init                         0x20006419   Thumb Code   110  menu_resource.o(i.TimeSetMenu_Init)
    Time_ConvCalendarToUnix                  0x200064f9   Thumb Code    24  time_op.o(i.Time_ConvCalendarToUnix)
    Time_ConvUnixToCalendar                  0x20006511   Thumb Code    32  time_op.o(i.Time_ConvUnixToCalendar)
    Time_GetUnixTime                         0x20006531   Thumb Code     8  time_op.o(i.Time_GetUnixTime)
    Time_JudgeDayOrNight                     0x20006539   Thumb Code   118  time_op.o(i.Time_JudgeDayOrNight)
    Time_JudgeTimeTable                      0x200065bd   Thumb Code   162  time_op.o(i.Time_JudgeTimeTable)
    Time_SetCalendarTime                     0x2000666d   Thumb Code    38  time_op.o(i.Time_SetCalendarTime)
    Time_SetUnixTime                         0x20006693   Thumb Code    20  time_op.o(i.Time_SetUnixTime)
    USART_Cmd                                0x200066a7   Thumb Code    24  stm32f10x_usart.o(i.USART_Cmd)
    USART_Config                             0x200066c1   Thumb Code    52  sys_config.o(i.USART_Config)
    USART_Init                               0x200066f9   Thumb Code   210  stm32f10x_usart.o(i.USART_Init)
    USART_SendData                           0x200067d1   Thumb Code     8  stm32f10x_usart.o(i.USART_SendData)
    UsageFault_Handler                       0x200067d9   Thumb Code     4  stm32f10x_it.o(i.UsageFault_Handler)
    Var_Init                                 0x200067dd   Thumb Code    96  ex_var.o(i.Var_Init)
    __0printf$1                              0x20006895   Thumb Code    22  printf1.o(i.__0printf$1)
    __1printf$1                              0x20006895   Thumb Code     0  printf1.o(i.__0printf$1)
    __2printf                                0x20006895   Thumb Code     0  printf1.o(i.__0printf$1)
    __scatterload_copy                       0x200068b5   Thumb Code    14  handlers.o(i.__scatterload_copy)
    __scatterload_null                       0x200068c3   Thumb Code     2  handlers.o(i.__scatterload_null)
    __scatterload_zeroinit                   0x200068c5   Thumb Code    14  handlers.o(i.__scatterload_zeroinit)
    add_period                               0x20006a29   Thumb Code   756  ra8806_ctrl.o(i.add_period)
    add_period_datainit                      0x20006d55   Thumb Code    48  ra8806_ctrl.o(i.add_period_datainit)
    add_period_interface                     0x20006d89   Thumb Code   172  ra8806_ctrl.o(i.add_period_interface)
    add_period_main                          0x20006ec1   Thumb Code   120  ra8806_ctrl.o(i.add_period_main)
    add_period_update                        0x20006f3d   Thumb Code   228  ra8806_ctrl.o(i.add_period_update)
    add_phase                                0x2000702d   Thumb Code   970  ra8806_ctrl.o(i.add_phase)
    add_phase_datainit                       0x20007451   Thumb Code    46  ra8806_ctrl.o(i.add_phase_datainit)
    add_phase_interface                      0x20007485   Thumb Code   154  ra8806_ctrl.o(i.add_phase_interface)
    add_phase_main                           0x200075dd   Thumb Code   118  ra8806_ctrl.o(i.add_phase_main)
    add_phase_update                         0x20007659   Thumb Code   242  ra8806_ctrl.o(i.add_phase_update)
    dayflash                                 0x20007781   Thumb Code   290  ra8806_ctrl.o(i.dayflash)
    dayflash_Interface                       0x200078b9   Thumb Code   184  ra8806_ctrl.o(i.dayflash_Interface)
    dayflash_datainit                        0x20007a45   Thumb Code    66  ra8806_ctrl.o(i.dayflash_datainit)
    dayflash_main                            0x20007a91   Thumb Code   104  ra8806_ctrl.o(i.dayflash_main)
    del_period                               0x20007afd   Thumb Code   556  ra8806_ctrl.o(i.del_period)
    del_period_datainit                      0x20007d49   Thumb Code    98  ra8806_ctrl.o(i.del_period_datainit)
    del_period_interface                     0x20007db5   Thumb Code   188  ra8806_ctrl.o(i.del_period_interface)
    del_period_main                          0x20007ee5   Thumb Code   114  ra8806_ctrl.o(i.del_period_main)
    del_period_update                        0x20007f5d   Thumb Code   540  ra8806_ctrl.o(i.del_period_update)
    del_phase                                0x2000818d   Thumb Code  1248  ra8806_ctrl.o(i.del_phase)
    del_phase_datainit                       0x2000869d   Thumb Code   104  ra8806_ctrl.o(i.del_phase_datainit)
    del_phase_interface                      0x2000870d   Thumb Code   202  ra8806_ctrl.o(i.del_phase_interface)
    del_phase_main                           0x200088ad   Thumb Code   122  ra8806_ctrl.o(i.del_phase_main)
    del_phase_update                         0x2000892d   Thumb Code   654  ra8806_ctrl.o(i.del_phase_update)
    delay_100ns                              0x20008be1   Thumb Code    24  delay.o(i.delay_100ns)
    delay_us                                 0x20008bf9   Thumb Code    24  delay.o(i.delay_us)
    disp_frame1                              0x20008c11   Thumb Code    78  key_op.o(i.disp_frame1)
    disp_frame2                              0x20008c69   Thumb Code    82  key_op.o(i.disp_frame2)
    disp_help1                               0x20008cbd   Thumb Code   110  key_op.o(i.disp_help1)
    disp_help2                               0x20008d55   Thumb Code   130  key_op.o(i.disp_help2)
    disp_item                                0x20008e09   Thumb Code   270  key_op.o(i.disp_item)
    e2prom_read_bytes                        0x20008f31   Thumb Code   260  at24c64_op.o(i.e2prom_read_bytes)
    flash_allowed_datainit                   0x20009041   Thumb Code    64  ra8806_ctrl.o(i.flash_allowed_datainit)
    flash_allowed_main                       0x20009089   Thumb Code   104  ra8806_ctrl.o(i.flash_allowed_main)
    flashfunc_update                         0x200090f5   Thumb Code   140  ra8806_ctrl.o(i.flashfunc_update)
    fputc                                    0x20009195   Thumb Code    30  usart_op.o(i.fputc)
    free                                     0x200091b9   Thumb Code    76  malloc.o(i.free)
    keyfunction_clear_help                   0x20009209   Thumb Code    70  ra8806_ctrl.o(i.keyfunction_clear_help)
    keyfunction_help                         0x20009259   Thumb Code    78  ra8806_ctrl.o(i.keyfunction_help)
    main                                     0x200092b1   Thumb Code   134  main.o(i.main)
    malloc                                   0x20009351   Thumb Code    92  malloc.o(i.malloc)
    menu_keywork_mode1                       0x200093bd   Thumb Code   130  key_op.o(i.menu_keywork_mode1)
    menu_keywork_mode2                       0x20009455   Thumb Code   122  key_op.o(i.menu_keywork_mode2)
    nightflash_Interface                     0x200094e5   Thumb Code   184  ra8806_ctrl.o(i.nightflash_Interface)
    nightflash_datainit                      0x20009671   Thumb Code    66  ra8806_ctrl.o(i.nightflash_datainit)
    nightflash_main                          0x200096bd   Thumb Code   104  ra8806_ctrl.o(i.nightflash_main)
    set_period                               0x20009729   Thumb Code   918  ra8806_ctrl.o(i.set_period)
    set_period_datainit                      0x20009ae1   Thumb Code    56  ra8806_ctrl.o(i.set_period_datainit)
    set_period_interface                     0x20009b21   Thumb Code   152  ra8806_ctrl.o(i.set_period_interface)
    set_period_main                          0x20009c21   Thumb Code   114  ra8806_ctrl.o(i.set_period_main)
    set_period_update                        0x20009c99   Thumb Code   310  ra8806_ctrl.o(i.set_period_update)
    set_phase                                0x20009de1   Thumb Code  1614  ra8806_ctrl.o(i.set_phase)
    set_phase_datainit                       0x2000a44d   Thumb Code   102  ra8806_ctrl.o(i.set_phase_datainit)
    set_phase_interface                      0x2000a4bd   Thumb Code   192  ra8806_ctrl.o(i.set_phase_interface)
    set_phase_main                           0x2000a649   Thumb Code   108  ra8806_ctrl.o(i.set_phase_main)
    set_phase_update                         0x2000a6b9   Thumb Code   652  ra8806_ctrl.o(i.set_phase_update)
    Night_Icon                               0x2000a95c   Data          32  ra8806_ctrl.o(.constdata)
    Manual_Icon                              0x2000a97c   Data          32  ra8806_ctrl.o(.constdata)
    Number_Table                             0x2000a99c   Data          10  ra8806_ctrl.o(.constdata)
    Func_Run_PeriodPhase_Place               0x2000a9a6   Data           4  ra8806_ctrl.o(.constdata)
    Func_RTCDate_Place                       0x2000a9aa   Data          24  ra8806_ctrl.o(.constdata)
    Func_DayNight_Place                      0x2000a9c2   Data          12  ra8806_ctrl.o(.constdata)
    Func_LedGPIO_Place                       0x2000a9ce   Data          34  ra8806_ctrl.o(.constdata)
    Func_SetFlash_Place                      0x2000a9f0   Data          34  ra8806_ctrl.o(.constdata)
    Func_PhaseInfo_Place                     0x2000aa12   Data          14  ra8806_ctrl.o(.constdata)
    Func_AddPhase_Place                      0x2000aa20   Data           8  ra8806_ctrl.o(.constdata)
    Func_SetPeriodOfTime_Place               0x2000aa28   Data           8  ra8806_ctrl.o(.constdata)
    Func_SetPhase_Place                      0x2000aa30   Data          20  ra8806_ctrl.o(.constdata)
    Region$$Table$$Base                      0x2000aa8c   Number         0  anon$$obj.o(Region$$Table)
    Region$$Table$$Limit                     0x2000aaac   Number         0  anon$$obj.o(Region$$Table)
    RTC_FLAG_SECSET                          0x2000c000   Data           1  main.o(.data)
    RTC_FLAG_ALRSET                          0x2000c001   Data           1  main.o(.data)
    RTC_FLAG_HalfSecSET                      0x2000c002   Data           1  main.o(.data)
    Time_FLAG_DayOrNight                     0x2000c003   Data           1  main.o(.data)
    Phase_FLAG_Start                         0x2000c004   Data           1  main.o(.data)
    Cycle_FLAG_Start                         0x2000c005   Data           1  main.o(.data)
    Init_FLAG_Finished                       0x2000c006   Data           1  main.o(.data)
    Manual_FLAG                              0x2000c007   Data           1  main.o(.data)
    No_UpdateLED_FLAG                        0x2000c008   Data           1  main.o(.data)
    LCD_FLAG_Using                           0x2000c009   Data           1  main.o(.data)
    LCD_FLAG_Oping                           0x2000c00a   Data           1  main.o(.data)
    LCD_FLAG_UpdateIrq                       0x2000c00b   Data           1  main.o(.data)
    Current_CutDown                          0x2000c00c   Data           1  main.o(.data)
    Current_PhaseTable                       0x2000c00d   Data           1  main.o(.data)
    Current_TimeTable                        0x2000c00e   Data           1  main.o(.data)
    KEY_BufferPointer                        0x2000c00f   Data           1  main.o(.data)
    KEY_BufferBottomOfStack                  0x2000c010   Data           1  main.o(.data)
    KEY_Press                                0x2000c011   Data           1  main.o(.data)
    Trg                                      0x2000c012   Data           1  main.o(.data)
    Cont                                     0x2000c013   Data           1  main.o(.data)
    CKey                                     0x2000c014   Data           1  main.o(.data)
    press_cycle                              0x2000c015   Data           1  main.o(.data)
    Current_Menu                             0x2000c018   Data           4  main.o(.data)
    CurrentMenu_ItemNumber                   0x2000c01c   Data           1  main.o(.data)
    lcd_refresh_time                         0x2000c01d   Data           1  main.o(.data)
    Weekday_Table                            0x2000c020   Data          44  ra8806_ctrl.o(.data)
    Tick_Cross_Table                         0x2000c04c   Data           8  ra8806_ctrl.o(.data)
    LedColor_Table                           0x2000c054   Data          12  ra8806_ctrl.o(.data)
    __stdout                                 0x2000c074   Data           4  stdout.o(.data)
    __microlib_freelist                      0x2000c078   Data           4  mvars.o(.data)
    __microlib_freelist_initialised          0x2000c07c   Data           4  mvars.o(.data)
    Current_Time                             0x2000c080   Data          44  main.o(.bss)
    my_Schedule                              0x2000c0ac   Data        3546  main.o(.bss)
    Current_Crossway_LED                     0x2000ce86   Data          12  main.o(.bss)
    temp_Current_Crossway_LED                0x2000ce92   Data          12  main.o(.bss)
    temp_Current_Crossway_Yellow             0x2000ce9e   Data          12  main.o(.bss)
    Current_Crossway_Flash                   0x2000ceaa   Data          12  main.o(.bss)
    Current_Crossway_Flash_Allowence         0x2000ceb6   Data          12  main.o(.bss)
    Phase_OneShot                            0x2000cec2   Data         210  main.o(.bss)
    KEY_Buffer                               0x2000cf94   Data          16  main.o(.bss)
    MainMenu                                 0x2000cfa4   Data          40  main.o(.bss)
    MainMenu_Items                           0x2000cfcc   Data         280  main.o(.bss)
    PhaseMenu                                0x2000d0e4   Data          40  main.o(.bss)
    PhaseMenu_Items                          0x2000d10c   Data          84  main.o(.bss)
    PeriodOfTimeMenu                         0x2000d160   Data          40  main.o(.bss)
    PeriodOfTimeMenu_Items                   0x2000d188   Data          84  main.o(.bss)
    FlashMenu                                0x2000d1dc   Data          40  main.o(.bss)
    FlashMenu_Items                          0x2000d204   Data          84  main.o(.bss)
    TimeSetMenu                              0x2000d258   Data          40  main.o(.bss)
    TimeSetMenu_Items                        0x2000d280   Data          56  main.o(.bss)
    LEDColorMenu                             0x2000d2b8   Data          40  main.o(.bss)
    LEDColorMenu_Items                       0x2000d2e0   Data          28  main.o(.bss)
    RTCSetMenu                               0x2000d2fc   Data          40  main.o(.bss)
    RTCSetMenu_Items                         0x2000d324   Data          56  main.o(.bss)
    ManualModeMenu                           0x2000d35c   Data          40  main.o(.bss)
    ManualModeMenu_Items                     0x2000d384   Data          84  main.o(.bss)
    __heap_base                              0x2000d408   Data           0  startup_stm32f10x_hd.o(HEAP)
    __heap_limit                             0x2000d808   Data           0  startup_stm32f10x_hd.o(HEAP)
    __initial_sp                             0x2000dc08   Data           0  startup_stm32f10x_hd.o(STACK)



==============================================================================

Memory Map of the image

  Image Entry point : 0x20000131

  Load Region LR_IROM1 (Base: 0x20000000, Size: 0x0000ab2c, Max: 0x0000c000, ABSOLUTE)

    Execution Region ER_IROM1 (Base: 0x20000000, Size: 0x0000aaac, Max: 0x0000c000, ABSOLUTE)

    Base Addr    Size         Type   Attr      Idx    E Section Name        Object

    0x20000000   0x00000130   Data   RO         3065    RESET               startup_stm32f10x_hd.o
    0x20000130   0x00000000   Code   RO         3070  * .ARM.Collect$$$$00000000  mc_w.l(entry.o)(mc_w.l)
    0x20000130   0x00000004   Code   RO         3375    .ARM.Collect$$$$00000001  mc_w.l(entry2.o)(mc_w.l)
    0x20000134   0x00000004   Code   RO         3378    .ARM.Collect$$$$00000004  mc_w.l(entry5.o)(mc_w.l)
    0x20000138   0x00000008   Code   RO         3379    .ARM.Collect$$$$00000007  mc_w.l(entry7.o)(mc_w.l)
    0x20000140   0x00000004   Code   RO         3376    .ARM.Collect$$$$00002712  mc_w.l(entry2.o)(mc_w.l)
    0x20000144   0x00000024   Code   RO         3066    .text               startup_stm32f10x_hd.o
    0x20000168   0x000000a0   Code   RO         3077    .text               mc_w.l(mktime.o)(mc_w.l)
    0x20000208   0x00000024   Code   RO         3080    .text               mc_w.l(memcpya.o)(mc_w.l)
    0x2000022c   0x0000001c   Code   RO         3373    .text               mc_w.l(calloc.o)(mc_w.l)
    0x20000248   0x0000002c   Code   RO         3381    .text               mc_w.l(uidiv.o)(mc_w.l)
    0x20000274   0x0000000c   Code   RO         3385    .text               mc_w.l(localtime_w.o)(mc_w.l)
    0x20000280   0x00000080   Code   RO         3388    .text               mc_w.l(localtime_i.o)(mc_w.l)
    0x20000300   0x00000024   Code   RO         3404    .text               mc_w.l(init.o)(mc_w.l)
    0x20000324   0x00000014   Code   RO          338    i.All_LED_Die       led_op.o
    0x20000338   0x00000010   Code   RO         1592    i.BKP_DeInit        stm32f10x_bkp.o
    0x20000348   0x00000004   Code   RO         2976    i.BusFault_Handler  stm32f10x_it.o
    0x2000034c   0x00000154   Code   RO          339    i.CrossWay_LED_Display  led_op.o
    0x200004a0   0x000001d0   Code   RO          524    i.DayNight_PeriodofTime  ra8806_ctrl.o
    0x20000670   0x000000e0   Code   RO          525    i.DayNight_PeriodofTime_Init  ra8806_ctrl.o
    0x20000750   0x000000e4   Code   RO          526    i.DayNight_PeriodofTime_Update  ra8806_ctrl.o
    0x20000834   0x00000002   Code   RO         2977    i.DebugMon_Handler  stm32f10x_it.o
    0x20000836   0x00000002   PAD
    0x20000838   0x00000020   Code   RO         2978    i.EXTI0_IRQHandler  stm32f10x_it.o
    0x20000858   0x0000000c   Code   RO         1669    i.EXTI_ClearITPendingBit  stm32f10x_exti.o
    0x20000864   0x00000020   Code   RO          109    i.EXTI_Config       sys_config.o
    0x20000884   0x00000018   Code   RO         1671    i.EXTI_GenerateSWInterrupt  stm32f10x_exti.o
    0x2000089c   0x000000ac   Code   RO         1674    i.EXTI_Init         stm32f10x_exti.o
    0x20000948   0x00000144   Code   RO         1279    i.FlashMenu_Init    menu_resource.o
    0x20000a8c   0x000000f4   Code   RO          110    i.GPIO_Config       sys_config.o
    0x20000b80   0x00000112   Code   RO         1728    i.GPIO_Init         stm32f10x_gpio.o
    0x20000c92   0x00000002   PAD
    0x20000c94   0x0000003c   Code   RO          111    i.GPIO_Initial      sys_config.o
    0x20000cd0   0x00000008   Code   RO         1731    i.GPIO_ReadInputData  stm32f10x_gpio.o
    0x20000cd8   0x00000012   Code   RO         1732    i.GPIO_ReadInputDataBit  stm32f10x_gpio.o
    0x20000cea   0x00000008   Code   RO         1733    i.GPIO_ReadOutputData  stm32f10x_gpio.o
    0x20000cf2   0x00000012   Code   RO         1734    i.GPIO_ReadOutputDataBit  stm32f10x_gpio.o
    0x20000d04   0x00000004   Code   RO         1735    i.GPIO_ResetBits    stm32f10x_gpio.o
    0x20000d08   0x00000004   Code   RO         1736    i.GPIO_SetBits      stm32f10x_gpio.o
    0x20000d0c   0x00000004   Code   RO         1738    i.GPIO_Write        stm32f10x_gpio.o
    0x20000d10   0x0000000a   Code   RO         1739    i.GPIO_WriteBit     stm32f10x_gpio.o
    0x20000d1a   0x00000002   PAD
    0x20000d1c   0x00000024   Code   RO          402    i.Get_CurrentTime   time_op.o
    0x20000d40   0x000001fc   Code   RO          509    i.Get_Schedule      e2prom_op.o
    0x20000f3c   0x00000004   Code   RO         2979    i.HardFault_Handler  stm32f10x_it.o
    0x20000f40   0x00000048   Code   RO          112    i.I2C1_Config       sys_config.o
    0x20000f88   0x00000018   Code   RO         2735    i.I2C_AcknowledgeConfig  stm32f10x_i2c.o
    0x20000fa0   0x0000002a   Code   RO         2737    i.I2C_CheckEvent    stm32f10x_i2c.o
    0x20000fca   0x00000018   Code   RO         2740    i.I2C_Cmd           stm32f10x_i2c.o
    0x20000fe2   0x00000002   PAD
    0x20000fe4   0x00000038   Code   RO         2743    i.I2C_DeInit        stm32f10x_i2c.o
    0x2000101c   0x00000018   Code   RO         2747    i.I2C_GenerateSTART  stm32f10x_i2c.o
    0x20001034   0x00000018   Code   RO         2748    i.I2C_GenerateSTOP  stm32f10x_i2c.o
    0x2000104c   0x0000002a   Code   RO         2749    i.I2C_GetFlagStatus  stm32f10x_i2c.o
    0x20001076   0x00000002   PAD
    0x20001078   0x000000ec   Code   RO         2754    i.I2C_Init          stm32f10x_i2c.o
    0x20001164   0x00000008   Code   RO         2758    i.I2C_ReceiveData   stm32f10x_i2c.o
    0x2000116c   0x00000012   Code   RO         2760    i.I2C_Send7bitAddress  stm32f10x_i2c.o
    0x2000117e   0x00000004   Code   RO         2761    i.I2C_SendData      stm32f10x_i2c.o
    0x20001182   0x00000002   PAD
    0x20001184   0x00000040   Code   RO          235    i.KEY1_OP           key_op.o
    0x200011c4   0x00000044   Code   RO          236    i.KEY2_OP           key_op.o
    0x20001208   0x00000040   Code   RO          237    i.KEY3_OP           key_op.o
    0x20001248   0x00000058   Code   RO          238    i.KEY4_OP           key_op.o
    0x200012a0   0x000000b0   Code   RO          239    i.KEY5_OP           key_op.o
    0x20001350   0x00000048   Code   RO          240    i.KEY6_OP           key_op.o
    0x20001398   0x00000044   Code   RO          241    i.KEY_PressMinus    key_op.o
    0x200013dc   0x00000022   Code   RO          527    i.LCD_AccessLayer   ra8806_ctrl.o
    0x200013fe   0x0000006a   Code   RO          530    i.LCD_CGRAM_CreatWord  ra8806_ctrl.o
    0x20001468   0x0000003a   Code   RO          531    i.LCD_ClearAppWindow  ra8806_ctrl.o
    0x200014a2   0x0000001a   Code   RO          532    i.LCD_ClearItemAllText  ra8806_ctrl.o
    0x200014bc   0x0000001a   Code   RO          533    i.LCD_ClearItemText  ra8806_ctrl.o
    0x200014d6   0x0000001a   Code   RO          534    i.LCD_ClearMenuForm  ra8806_ctrl.o
    0x200014f0   0x0000001a   Code   RO          535    i.LCD_ClearMenuText  ra8806_ctrl.o
    0x2000150a   0x0000001c   Code   RO          536    i.LCD_DDRAMs_ShowRule  ra8806_ctrl.o
    0x20001526   0x00000002   PAD
    0x20001528   0x00000188   Code   RO          537    i.LCD_DisplayMainPannel  ra8806_ctrl.o
    0x200016b0   0x000000c6   Code   RO          539    i.LCD_DrawForm      ra8806_ctrl.o
    0x20001776   0x00000176   Code   RO          542    i.LCD_DrawRectangle  ra8806_ctrl.o
    0x200018ec   0x00000016   Code   RO          543    i.LCD_EliminateFlickerOFF  ra8806_ctrl.o
    0x20001902   0x00000028   Code   RO          545    i.LCD_FillAppWindow  ra8806_ctrl.o
    0x2000192a   0x00000002   PAD
    0x2000192c   0x0000001c   Code   RO          546    i.LCD_IconInit      ra8806_ctrl.o
    0x20001948   0x000000d2   Code   RO          547    i.LCD_Init          ra8806_ctrl.o
    0x20001a1a   0x00000002   PAD
    0x20001a1c   0x0000009c   Code   RO          548    i.LCD_InterfaceInit  ra8806_ctrl.o
    0x20001ab8   0x00000016   Code   RO          549    i.LCD_Inv           ra8806_ctrl.o
    0x20001ace   0x00000002   PAD
    0x20001ad0   0x0000023c   Code   RO          550    i.LCD_LedGPIO       ra8806_ctrl.o
    0x20001d0c   0x000001cc   Code   RO          551    i.LCD_LedGPIO_Init  ra8806_ctrl.o
    0x20001ed8   0x000000d0   Code   RO          552    i.LCD_LedGPIO_Update  ra8806_ctrl.o
    0x20001fa8   0x0000001c   Code   RO          553    i.LCD_NoInv         ra8806_ctrl.o
    0x20001fc4   0x00000128   Code   RO          242    i.LCD_NorItem       key_op.o
    0x200020ec   0x0000001c   Code   RO          555    i.LCD_PicsMode      ra8806_ctrl.o
    0x20002108   0x00000094   Code   RO          556    i.LCD_ReadData      ra8806_ctrl.o
    0x2000219c   0x00000040   Code   RO          557    i.LCD_ReadREG       ra8806_ctrl.o
    0x200021dc   0x00000120   Code   RO          243    i.LCD_RefreshItem   key_op.o
    0x200022fc   0x00000044   Code   RO          559    i.LCD_Reset         ra8806_ctrl.o
    0x20002340   0x00000030   Code   RO          561    i.LCD_SetAppwindow  ra8806_ctrl.o
    0x20002370   0x00000018   Code   RO          562    i.LCD_SetCursor     ra8806_ctrl.o
    0x20002388   0x0000001c   Code   RO          565    i.LCD_ShowLayer     ra8806_ctrl.o
    0x200023a4   0x00000030   Code   RO          567    i.LCD_TextBold      ra8806_ctrl.o
    0x200023d4   0x00000032   Code   RO          569    i.LCD_TextMode      ra8806_ctrl.o
    0x20002406   0x00000002   PAD
    0x20002408   0x00000424   Code   RO          570    i.LCD_UpdateInfo    ra8806_ctrl.o
    0x2000282c   0x0000001c   Code   RO          573    i.LCD_WriteChar1    ra8806_ctrl.o
    0x20002848   0x00000028   Code   RO          574    i.LCD_WriteChar2    ra8806_ctrl.o
    0x20002870   0x0000006c   Code   RO          575    i.LCD_WriteCommand  ra8806_ctrl.o
    0x200028dc   0x0000006c   Code   RO          576    i.LCD_WriteData     ra8806_ctrl.o
    0x20002948   0x00000040   Code   RO          578    i.LCD_WriteREG      ra8806_ctrl.o
    0x20002988   0x00000028   Code   RO          579    i.LCD_WriteText1    ra8806_ctrl.o
    0x200029b0   0x0000003e   Code   RO          580    i.LCD_WriteText2    ra8806_ctrl.o
    0x200029ee   0x00000056   Code   RO          581    i.LCD_WriteWordFromCGRAM  ra8806_ctrl.o
    0x20002a44   0x000000ac   Code   RO         1280    i.LEDColorMenu_Init  menu_resource.o
    0x20002af0   0x00000258   Code   RO          582    i.LED_Check         ra8806_ctrl.o
    0x20002d48   0x00000044   Code   RO          583    i.LED_Check_Update  ra8806_ctrl.o
    0x20002d8c   0x00000034   Code   RO          584    i.LED_Check_datainit  ra8806_ctrl.o
    0x20002dc0   0x000000d4   Code   RO          585    i.LED_Check_interfaceinit  ra8806_ctrl.o
    0x20002e94   0x000000f4   Code   RO          586    i.LED_Check_main    ra8806_ctrl.o
    0x20002f88   0x0000011c   Code   RO          340    i.LED_HalfSec_Display  led_op.o
    0x200030a4   0x0000020c   Code   RO          341    i.LED_Init          led_op.o
    0x200032b0   0x00000348   Code   RO          342    i.LED_Interpretation  led_op.o
    0x200035f8   0x0000008c   Code   RO          343    i.LED_Sec_Display   led_op.o
    0x20003684   0x0000002c   Code   RO          344    i.LE_sel            led_op.o
    0x200036b0   0x00000374   Code   RO         1281    i.MainMenu_Init     menu_resource.o
    0x20003a24   0x00000150   Code   RO         1282    i.ManualModeMenu_Init  menu_resource.o
    0x20003b74   0x000000cc   Code   RO          587    i.ManualMode_CutDown  ra8806_ctrl.o
    0x20003c40   0x0000003c   Code   RO          588    i.ManualMode_CutDown_init  ra8806_ctrl.o
    0x20003c7c   0x00000098   Code   RO          589    i.ManualMode_CutDown_interfaceinit  ra8806_ctrl.o
    0x20003d14   0x00000080   Code   RO          590    i.ManualMode_CutDown_main  ra8806_ctrl.o
    0x20003d94   0x00000184   Code   RO          591    i.ManualMode_TimePhase  ra8806_ctrl.o
    0x20003f18   0x000000b8   Code   RO          592    i.ManualMode_TimePhase_Update  ra8806_ctrl.o
    0x20003fd0   0x0000003c   Code   RO          593    i.ManualMode_TimePhase_datainit  ra8806_ctrl.o
    0x2000400c   0x000000ec   Code   RO          594    i.ManualMode_TimePhase_interface  ra8806_ctrl.o
    0x200040f8   0x000000f4   Code   RO          595    i.ManualMode_TimePhase_main  ra8806_ctrl.o
    0x200041ec   0x00000004   Code   RO         2980    i.MemManage_Handler  stm32f10x_it.o
    0x200041f0   0x0000005c   Code   RO          596    i.MenuLock_Update   ra8806_ctrl.o
    0x2000424c   0x000000cc   Code   RO          597    i.MenuLock_init     ra8806_ctrl.o
    0x20004318   0x00000024   Code   RO         1283    i.Menu_Init         menu_resource.o
    0x2000433c   0x00000150   Code   RO          598    i.Menu_Lock         ra8806_ctrl.o
    0x2000448c   0x00000002   Code   RO         2981    i.NMI_Handler       stm32f10x_it.o
    0x2000448e   0x00000002   PAD
    0x20004490   0x000000f0   Code   RO          113    i.NVIC_Config       sys_config.o
    0x20004580   0x00000084   Code   RO         1554    i.NVIC_Init         misc.o
    0x20004604   0x00000014   Code   RO         1555    i.NVIC_PriorityGroupConfig  misc.o
    0x20004618   0x00000014   Code   RO         1556    i.NVIC_SetVectorTable  misc.o
    0x2000462c   0x0000000c   Code   RO         1836    i.PWR_BackupAccessCmd  stm32f10x_pwr.o
    0x20004638   0x00000002   Code   RO         2982    i.PendSV_Handler    stm32f10x_it.o
    0x2000463a   0x00000002   PAD
    0x2000463c   0x00000138   Code   RO         1284    i.PeriodOfTimeMenu_Init  menu_resource.o
    0x20004774   0x00000144   Code   RO         1285    i.PhaseMenu_Init    menu_resource.o
    0x200048b8   0x00000020   Code   RO         1898    i.RCC_APB1PeriphClockCmd  stm32f10x_rcc.o
    0x200048d8   0x00000020   Code   RO         1899    i.RCC_APB1PeriphResetCmd  stm32f10x_rcc.o
    0x200048f8   0x00000020   Code   RO         1900    i.RCC_APB2PeriphClockCmd  stm32f10x_rcc.o
    0x20004918   0x00000020   Code   RO         1901    i.RCC_APB2PeriphResetCmd  stm32f10x_rcc.o
    0x20004938   0x0000000c   Code   RO         1903    i.RCC_BackupResetCmd  stm32f10x_rcc.o
    0x20004944   0x00000058   Code   RO          114    i.RCC_Config        sys_config.o
    0x2000499c   0x0000004c   Code   RO         1907    i.RCC_DeInit        stm32f10x_rcc.o
    0x200049e8   0x000000d4   Code   RO         1908    i.RCC_GetClocksFreq  stm32f10x_rcc.o
    0x20004abc   0x0000003c   Code   RO         1909    i.RCC_GetFlagStatus  stm32f10x_rcc.o
    0x20004af8   0x00000018   Code   RO         1912    i.RCC_HCLKConfig    stm32f10x_rcc.o
    0x20004b10   0x0000004c   Code   RO         1913    i.RCC_HSEConfig     stm32f10x_rcc.o
    0x20004b5c   0x00000034   Code   RO         1916    i.RCC_LSEConfig     stm32f10x_rcc.o
    0x20004b90   0x00000018   Code   RO         1919    i.RCC_PCLK1Config   stm32f10x_rcc.o
    0x20004ba8   0x00000018   Code   RO         1920    i.RCC_PCLK2Config   stm32f10x_rcc.o
    0x20004bc0   0x0000000c   Code   RO         1921    i.RCC_PLLCmd        stm32f10x_rcc.o
    0x20004bcc   0x0000001c   Code   RO         1922    i.RCC_PLLConfig     stm32f10x_rcc.o
    0x20004be8   0x0000000c   Code   RO         1923    i.RCC_RTCCLKCmd     stm32f10x_rcc.o
    0x20004bf4   0x00000010   Code   RO         1924    i.RCC_RTCCLKConfig  stm32f10x_rcc.o
    0x20004c04   0x00000018   Code   RO         1925    i.RCC_SYSCLKConfig  stm32f10x_rcc.o
    0x20004c1c   0x00000030   Code   RO         1927    i.RCC_WaitForHSEStartUp  stm32f10x_rcc.o
    0x20004c4c   0x000000f4   Code   RO         1286    i.RTCSetMenu_Init   menu_resource.o
    0x20004d40   0x00000020   Code   RO         2097    i.RTC_ClearITPendingBit  stm32f10x_rtc.o
    0x20004d60   0x00000070   Code   RO          115    i.RTC_Config        sys_config.o
    0x20004dd0   0x00000018   Code   RO         2098    i.RTC_EnterConfigMode  stm32f10x_rtc.o
    0x20004de8   0x0000001c   Code   RO         2099    i.RTC_ExitConfigMode  stm32f10x_rtc.o
    0x20004e04   0x0000001c   Code   RO         2100    i.RTC_GetCounter    stm32f10x_rtc.o
    0x20004e20   0x00000018   Code   RO         2102    i.RTC_GetFlagStatus  stm32f10x_rtc.o
    0x20004e38   0x00000100   Code   RO         2983    i.RTC_IRQHandler    stm32f10x_it.o
    0x20004f38   0x00000030   Code   RO         2104    i.RTC_ITConfig      stm32f10x_rtc.o
    0x20004f68   0x00000024   Code   RO         2106    i.RTC_SetCounter    stm32f10x_rtc.o
    0x20004f8c   0x000005dc   Code   RO          599    i.RTC_SetDate       ra8806_ctrl.o
    0x20005568   0x00000110   Code   RO          600    i.RTC_SetDate_Init  ra8806_ctrl.o
    0x20005678   0x00000180   Code   RO          601    i.RTC_SetDate_Update  ra8806_ctrl.o
    0x200057f8   0x00000024   Code   RO         2107    i.RTC_SetPrescaler  stm32f10x_rtc.o
    0x2000581c   0x00000014   Code   RO         2108    i.RTC_WaitForLastTask  stm32f10x_rtc.o
    0x20005830   0x00000028   Code   RO         2109    i.RTC_WaitForSynchro  stm32f10x_rtc.o
    0x20005858   0x00000002   Code   RO         2984    i.SVC_Handler       stm32f10x_it.o
    0x2000585a   0x00000008   Code   RO         2942    i.SetSysClock       system_stm32f10x.o
    0x20005862   0x00000002   PAD
    0x20005864   0x000000c8   Code   RO         2943    i.SetSysClockTo72   system_stm32f10x.o
    0x2000592c   0x00000134   Code   RO          602    i.Set_FlashAllowence  ra8806_ctrl.o
    0x20005a60   0x0000018c   Code   RO          603    i.Set_FlashAllowence_Interface  ra8806_ctrl.o
    0x20005bec   0x00000010   Code   RO         2985    i.SysTick_Handler   stm32f10x_it.o
    0x20005bfc   0x00000060   Code   RO         2945    i.SystemInit        system_stm32f10x.o
    0x20005c5c   0x0000012c   Code   RO         2986    i.TIM2_IRQHandler   stm32f10x_it.o
    0x20005d88   0x000001ec   Code   RO         2987    i.TIM6_IRQHandler   stm32f10x_it.o
    0x20005f74   0x00000018   Code   RO         2190    i.TIM_ARRPreloadConfig  stm32f10x_tim.o
    0x20005f8c   0x0000005c   Code   RO          117    i.TIM_Basic_Config  sys_config.o
    0x20005fe8   0x00000006   Code   RO         2196    i.TIM_ClearFlag     stm32f10x_tim.o
    0x20005fee   0x00000006   Code   RO         2197    i.TIM_ClearITPendingBit  stm32f10x_tim.o
    0x20005ff4   0x00000018   Code   RO         2202    i.TIM_Cmd           stm32f10x_tim.o
    0x2000600c   0x0000007e   Code   RO          118    i.TIM_Config        sys_config.o
    0x2000608a   0x00000002   PAD
    0x2000608c   0x000001e8   Code   RO         2207    i.TIM_DeInit        stm32f10x_tim.o
    0x20006274   0x00000012   Code   RO         2222    i.TIM_GetFlagStatus  stm32f10x_tim.o
    0x20006286   0x00000018   Code   RO         2227    i.TIM_ITConfig      stm32f10x_tim.o
    0x2000629e   0x0000000c   Code   RO         2229    i.TIM_InternalClockConfig  stm32f10x_tim.o
    0x200062aa   0x00000002   PAD
    0x200062ac   0x0000009c   Code   RO         2236    i.TIM_OC2Init       stm32f10x_tim.o
    0x20006348   0x00000012   Code   RO         2258    i.TIM_SelectOnePulseMode  stm32f10x_tim.o
    0x2000635a   0x00000002   PAD
    0x2000635c   0x000000a4   Code   RO         2273    i.TIM_TimeBaseInit  stm32f10x_tim.o
    0x20006400   0x00000018   Code   RO         2276    i.TIM_UpdateRequestConfig  stm32f10x_tim.o
    0x20006418   0x000000e0   Code   RO         1287    i.TimeSetMenu_Init  menu_resource.o
    0x200064f8   0x00000018   Code   RO          403    i.Time_ConvCalendarToUnix  time_op.o
    0x20006510   0x00000020   Code   RO          404    i.Time_ConvUnixToCalendar  time_op.o
    0x20006530   0x00000008   Code   RO          405    i.Time_GetUnixTime  time_op.o
    0x20006538   0x00000084   Code   RO          406    i.Time_JudgeDayOrNight  time_op.o
    0x200065bc   0x000000b0   Code   RO          407    i.Time_JudgeTimeTable  time_op.o
    0x2000666c   0x00000026   Code   RO          408    i.Time_SetCalendarTime  time_op.o
    0x20006692   0x00000014   Code   RO          409    i.Time_SetUnixTime  time_op.o
    0x200066a6   0x00000018   Code   RO         1378    i.USART_Cmd         stm32f10x_usart.o
    0x200066be   0x00000002   PAD
    0x200066c0   0x00000038   Code   RO          119    i.USART_Config      sys_config.o
    0x200066f8   0x000000d8   Code   RO         1385    i.USART_Init        stm32f10x_usart.o
    0x200067d0   0x00000008   Code   RO         1395    i.USART_SendData    stm32f10x_usart.o
    0x200067d8   0x00000004   Code   RO         2988    i.UsageFault_Handler  stm32f10x_it.o
    0x200067dc   0x000000b8   Code   RO          213    i.Var_Init          ex_var.o
    0x20006894   0x00000020   Code   RO         3129    i.__0printf$1       mc_w.l(printf1.o)(mc_w.l)
    0x200068b4   0x0000000e   Code   RO         3416    i.__scatterload_copy  mc_w.l(handlers.o)(mc_w.l)
    0x200068c2   0x00000002   Code   RO         3417    i.__scatterload_null  mc_w.l(handlers.o)(mc_w.l)
    0x200068c4   0x0000000e   Code   RO         3418    i.__scatterload_zeroinit  mc_w.l(handlers.o)(mc_w.l)
    0x200068d2   0x00000002   PAD
    0x200068d4   0x00000154   Code   RO         3136    i._printf_core      mc_w.l(printf1.o)(mc_w.l)
    0x20006a28   0x0000032c   Code   RO          604    i.add_period        ra8806_ctrl.o
    0x20006d54   0x00000034   Code   RO          605    i.add_period_datainit  ra8806_ctrl.o
    0x20006d88   0x00000138   Code   RO          606    i.add_period_interface  ra8806_ctrl.o
    0x20006ec0   0x0000007c   Code   RO          607    i.add_period_main   ra8806_ctrl.o
    0x20006f3c   0x000000f0   Code   RO          608    i.add_period_update  ra8806_ctrl.o
    0x2000702c   0x00000424   Code   RO          609    i.add_phase         ra8806_ctrl.o
    0x20007450   0x00000034   Code   RO          610    i.add_phase_datainit  ra8806_ctrl.o
    0x20007484   0x00000158   Code   RO          611    i.add_phase_interface  ra8806_ctrl.o
    0x200075dc   0x0000007c   Code   RO          612    i.add_phase_main    ra8806_ctrl.o
    0x20007658   0x00000128   Code   RO          613    i.add_phase_update  ra8806_ctrl.o
    0x20007780   0x00000138   Code   RO          614    i.dayflash          ra8806_ctrl.o
    0x200078b8   0x0000018c   Code   RO          615    i.dayflash_Interface  ra8806_ctrl.o
    0x20007a44   0x0000004c   Code   RO          616    i.dayflash_datainit  ra8806_ctrl.o
    0x20007a90   0x0000006c   Code   RO          617    i.dayflash_main     ra8806_ctrl.o
    0x20007afc   0x0000024c   Code   RO          618    i.del_period        ra8806_ctrl.o
    0x20007d48   0x0000006c   Code   RO          619    i.del_period_datainit  ra8806_ctrl.o
    0x20007db4   0x00000130   Code   RO          620    i.del_period_interface  ra8806_ctrl.o
    0x20007ee4   0x00000078   Code   RO          621    i.del_period_main   ra8806_ctrl.o
    0x20007f5c   0x00000230   Code   RO          622    i.del_period_update  ra8806_ctrl.o
    0x2000818c   0x00000510   Code   RO          623    i.del_phase         ra8806_ctrl.o
    0x2000869c   0x00000070   Code   RO          624    i.del_phase_datainit  ra8806_ctrl.o
    0x2000870c   0x000001a0   Code   RO          625    i.del_phase_interface  ra8806_ctrl.o
    0x200088ac   0x00000080   Code   RO          626    i.del_phase_main    ra8806_ctrl.o
    0x2000892c   0x000002b4   Code   RO          627    i.del_phase_update  ra8806_ctrl.o
    0x20008be0   0x00000018   Code   RO          195    i.delay_100ns       delay.o
    0x20008bf8   0x00000018   Code   RO          196    i.delay_us          delay.o
    0x20008c10   0x00000058   Code   RO          244    i.disp_frame1       key_op.o
    0x20008c68   0x00000052   Code   RO          245    i.disp_frame2       key_op.o
    0x20008cba   0x00000002   PAD
    0x20008cbc   0x00000098   Code   RO          246    i.disp_help1        key_op.o
    0x20008d54   0x000000b4   Code   RO          247    i.disp_help2        key_op.o
    0x20008e08   0x00000128   Code   RO          248    i.disp_item         key_op.o
    0x20008f30   0x00000110   Code   RO         1341    i.e2prom_read_bytes  at24c64_op.o
    0x20009040   0x00000048   Code   RO          628    i.flash_allowed_datainit  ra8806_ctrl.o
    0x20009088   0x0000006c   Code   RO          629    i.flash_allowed_main  ra8806_ctrl.o
    0x200090f4   0x000000a0   Code   RO          630    i.flashfunc_update  ra8806_ctrl.o
    0x20009194   0x00000024   Code   RO          472    i.fputc             usart_op.o
    0x200091b8   0x00000050   Code   RO         3345    i.free              mc_w.l(malloc.o)(mc_w.l)
    0x20009208   0x00000050   Code   RO          631    i.keyfunction_clear_help  ra8806_ctrl.o
    0x20009258   0x00000058   Code   RO          632    i.keyfunction_help  ra8806_ctrl.o
    0x200092b0   0x000000a0   Code   RO            1    i.main              main.o
    0x20009350   0x0000006c   Code   RO         3346    i.malloc            mc_w.l(malloc.o)(mc_w.l)
    0x200093bc   0x00000098   Code   RO          249    i.menu_keywork_mode1  key_op.o
    0x20009454   0x00000090   Code   RO          250    i.menu_keywork_mode2  key_op.o
    0x200094e4   0x0000018c   Code   RO          634    i.nightflash_Interface  ra8806_ctrl.o
    0x20009670   0x0000004c   Code   RO          635    i.nightflash_datainit  ra8806_ctrl.o
    0x200096bc   0x0000006c   Code   RO          636    i.nightflash_main   ra8806_ctrl.o
    0x20009728   0x000003b8   Code   RO          637    i.set_period        ra8806_ctrl.o
    0x20009ae0   0x00000040   Code   RO          638    i.set_period_datainit  ra8806_ctrl.o
    0x20009b20   0x00000100   Code   RO          639    i.set_period_interface  ra8806_ctrl.o
    0x20009c20   0x00000078   Code   RO          640    i.set_period_main   ra8806_ctrl.o
    0x20009c98   0x00000148   Code   RO          641    i.set_period_update  ra8806_ctrl.o
    0x20009de0   0x0000066c   Code   RO          642    i.set_phase         ra8806_ctrl.o
    0x2000a44c   0x00000070   Code   RO          643    i.set_phase_datainit  ra8806_ctrl.o
    0x2000a4bc   0x0000018c   Code   RO          644    i.set_phase_interface  ra8806_ctrl.o
    0x2000a648   0x00000070   Code   RO          645    i.set_phase_main    ra8806_ctrl.o
    0x2000a6b8   0x000002a4   Code   RO          646    i.set_phase_update  ra8806_ctrl.o
    0x2000a95c   0x000000e8   Data   RO          647    .constdata          ra8806_ctrl.o
    0x2000aa44   0x0000000c   Data   RO         3078    .constdata          mc_w.l(mktime.o)(mc_w.l)
    0x2000aa50   0x0000000c   Data   RO         3389    .constdata          mc_w.l(localtime_i.o)(mc_w.l)
    0x2000aa5c   0x00000030   Data   RO          648    .conststring        ra8806_ctrl.o
    0x2000aa8c   0x00000020   Data   RO         3414    Region$$Table       anon$$obj.o


    Execution Region RW_IRAM1 (Base: 0x2000c000, Size: 0x00001c08, Max: 0x00004000, ABSOLUTE)

    Base Addr    Size         Type   Attr      Idx    E Section Name        Object

    0x2000c000   0x0000001e   Data   RW            3    .data               main.o
    0x2000c01e   0x00000002   PAD
    0x2000c020   0x00000040   Data   RW          649    .data               ra8806_ctrl.o
    0x2000c060   0x00000014   Data   RW         1928    .data               stm32f10x_rcc.o
    0x2000c074   0x00000004   Data   RW         3380    .data               mc_w.l(stdout.o)(mc_w.l)
    0x2000c078   0x00000004   Data   RW         3391    .data               mc_w.l(mvars.o)(mc_w.l)
    0x2000c07c   0x00000004   Data   RW         3392    .data               mc_w.l(mvars.o)(mc_w.l)
    0x2000c080   0x00001358   Zero   RW            2    .bss                main.o
    0x2000d3d8   0x0000002c   Zero   RW         3386    .bss                mc_w.l(localtime_w.o)(mc_w.l)
    0x2000d404   0x00000004   PAD
    0x2000d408   0x00000400   Zero   RW         3064    HEAP                startup_stm32f10x_hd.o
    0x2000d808   0x00000400   Zero   RW         3063    STACK               startup_stm32f10x_hd.o


==============================================================================

Image component sizes


      Code (inc. data)   RO Data    RW Data    ZI Data      Debug   Object Name

       272         12          0          0          0          0   at24c64_op.o
        48          0          0          0          0          0   delay.o
       508          6          0          0          0          0   e2prom_op.o
       184         88          0          0          0          0   ex_var.o
      2278        296          0          0          0          0   key_op.o
      2192        126          0          0          0          0   led_op.o
       160         26          0         30       4952          0   main.o
      2856       1494          0          0          0          0   menu_resource.o
       172         32          0          0          0          0   misc.o
     26762       3924        280         64          0          0   ra8806_ctrl.o
        36          8        304          0       2048          0   startup_stm32f10x_hd.o
        16          0          0          0          0          0   stm32f10x_bkp.o
       208         26          0          0          0          0   stm32f10x_exti.o
       348          0          0          0          0          0   stm32f10x_gpio.o
       502         20          0          0          0          0   stm32f10x_i2c.o
      1120        134          0          0          0          0   stm32f10x_it.o
        12          6          0          0          0          0   stm32f10x_pwr.o
       828        122          0         20          0          0   stm32f10x_rcc.o
       316         80          0          0          0          0   stm32f10x_rtc.o
       964        116          0          0          0          0   stm32f10x_tim.o
       248          6          0          0          0          0   stm32f10x_usart.o
      1122         70          0          0          0          0   sys_config.o
       304         26          0          0          0          0   system_stm32f10x.o
       466         34          0          0          0          0   time_op.o
        36          6          0          0          0          0   usart_op.o

    ----------------------------------------------------------------------
     41996       6658        616        116       7000          0   Object Totals
         0          0         32          0          0          0   (incl. Generated)
        38          0          0          2          0          1   (incl. Padding)

    ----------------------------------------------------------------------

      Code (inc. data)   RO Data    RW Data    ZI Data      Debug   Library Member Name

        28          0          0          0          0          0   calloc.o
         0          0          0          0          0          0   entry.o
         8          4          0          0          0          0   entry2.o
         4          0          0          0          0          0   entry5.o
         8          4          0          0          0          0   entry7.o
        30          0          0          0          0          0   handlers.o
        36          8          0          0          0          0   init.o
       128          6         12          0          0          0   localtime_i.o
        12          6          0          0         44          0   localtime_w.o
       188         20          0          0          0          0   malloc.o
        36          0          0          0          0          0   memcpya.o
       160         18         12          0          0          0   mktime.o
         0          0          0          8          0          0   mvars.o
       372         16          0          0          0          0   printf1.o
         0          0          0          4          0          0   stdout.o
        44          0          0          0          0          0   uidiv.o

    ----------------------------------------------------------------------
      1056         82         24         12         48          0   Library Totals
         2          0          0          0          4          0   (incl. Padding)

    ----------------------------------------------------------------------

      Code (inc. data)   RO Data    RW Data    ZI Data      Debug   Library Name

      1054         82         24         12         44        860   mc_w.l

    ----------------------------------------------------------------------
      1056         82         24         12         48          0   Library Totals

    ----------------------------------------------------------------------

==============================================================================


      Code (inc. data)   RO Data    RW Data    ZI Data      Debug   

     43052       6740        640        128       7048     431992   Grand Totals
     43052       6740        640        128       7048     431992   ELF Image Totals
     43052       6740        640        128          0          0   ROM Totals

==============================================================================

    Total RO  Size (Code + RO Data)                43692 (  42.67kB)
    Total RW  Size (RW Data + ZI Data)              7176 (   7.01kB)
    Total ROM Size (Code + RO Data + RW Data)      43820 (  42.79kB)

==============================================================================

