<!doctype html public "-//w3c//dtd html 4.0 transitional//en">
<html><head>
<title>Static Call Graph - [.\Obj_RAM\TSC_V400.axf]</title></head>
<body><HR>
<H1>Static Call Graph for image .\Obj_RAM\TSC_V400.axf</H1><HR>
<BR><P>#&#060CALLGRAPH&#062# ARM Linker, 4.1 [Build 481]: Last Updated: Tue Aug 13 17:34:42 2013
<BR><P>
<H3>Maximum Stack Usage =        192 bytes + Unknown(Cycles, Untraceable Function Pointers)</H3><H3>
Call chain for Maximum Stack Depth:</H3>
del_phase_datainit &rArr; del_phase_main &rArr; del_phase &rArr; del_phase_update &rArr; LCD_WriteText2 &rArr; LCD_AccessLayer &rArr; LCD_ReadREG &rArr; LCD_ReadData &rArr; GPIO_Init
<P>
<H3>
Mutually Recursive functions
</H3> <LI><a href="#[1c]">ADC1_2_IRQHandler</a>&nbsp;&nbsp;&nbsp;&rArr;&nbsp;&nbsp;&nbsp;<a href="#[1c]">ADC1_2_IRQHandler</a><BR>
</UL>
<P>
<H3>
Function Pointers
</H3><UL>
 <LI><a href="#[0]">Reset_Handler</a> from startup_stm32f10x_hd.o(.text) referenced from startup_stm32f10x_hd.o(RESET)
 <LI><a href="#[1]">NMI_Handler</a> from stm32f10x_it.o(i.NMI_Handler) referenced from startup_stm32f10x_hd.o(RESET)
 <LI><a href="#[2]">HardFault_Handler</a> from stm32f10x_it.o(i.HardFault_Handler) referenced from startup_stm32f10x_hd.o(RESET)
 <LI><a href="#[3]">MemManage_Handler</a> from stm32f10x_it.o(i.MemManage_Handler) referenced from startup_stm32f10x_hd.o(RESET)
 <LI><a href="#[4]">BusFault_Handler</a> from stm32f10x_it.o(i.BusFault_Handler) referenced from startup_stm32f10x_hd.o(RESET)
 <LI><a href="#[5]">UsageFault_Handler</a> from stm32f10x_it.o(i.UsageFault_Handler) referenced from startup_stm32f10x_hd.o(RESET)
 <LI><a href="#[6]">SVC_Handler</a> from stm32f10x_it.o(i.SVC_Handler) referenced from startup_stm32f10x_hd.o(RESET)
 <LI><a href="#[7]">DebugMon_Handler</a> from stm32f10x_it.o(i.DebugMon_Handler) referenced from startup_stm32f10x_hd.o(RESET)
 <LI><a href="#[8]">PendSV_Handler</a> from stm32f10x_it.o(i.PendSV_Handler) referenced from startup_stm32f10x_hd.o(RESET)
 <LI><a href="#[9]">SysTick_Handler</a> from stm32f10x_it.o(i.SysTick_Handler) referenced from startup_stm32f10x_hd.o(RESET)
 <LI><a href="#[a]">WWDG_IRQHandler</a> from startup_stm32f10x_hd.o(.text) referenced from startup_stm32f10x_hd.o(RESET)
 <LI><a href="#[b]">PVD_IRQHandler</a> from startup_stm32f10x_hd.o(.text) referenced from startup_stm32f10x_hd.o(RESET)
 <LI><a href="#[c]">TAMPER_IRQHandler</a> from startup_stm32f10x_hd.o(.text) referenced from startup_stm32f10x_hd.o(RESET)
 <LI><a href="#[d]">RTC_IRQHandler</a> from stm32f10x_it.o(i.RTC_IRQHandler) referenced from startup_stm32f10x_hd.o(RESET)
 <LI><a href="#[e]">FLASH_IRQHandler</a> from startup_stm32f10x_hd.o(.text) referenced from startup_stm32f10x_hd.o(RESET)
 <LI><a href="#[f]">RCC_IRQHandler</a> from startup_stm32f10x_hd.o(.text) referenced from startup_stm32f10x_hd.o(RESET)
 <LI><a href="#[10]">EXTI0_IRQHandler</a> from stm32f10x_it.o(i.EXTI0_IRQHandler) referenced from startup_stm32f10x_hd.o(RESET)
 <LI><a href="#[11]">EXTI1_IRQHandler</a> from startup_stm32f10x_hd.o(.text) referenced from startup_stm32f10x_hd.o(RESET)
 <LI><a href="#[12]">EXTI2_IRQHandler</a> from startup_stm32f10x_hd.o(.text) referenced from startup_stm32f10x_hd.o(RESET)
 <LI><a href="#[13]">EXTI3_IRQHandler</a> from startup_stm32f10x_hd.o(.text) referenced from startup_stm32f10x_hd.o(RESET)
 <LI><a href="#[14]">EXTI4_IRQHandler</a> from startup_stm32f10x_hd.o(.text) referenced from startup_stm32f10x_hd.o(RESET)
 <LI><a href="#[15]">DMA1_Channel1_IRQHandler</a> from startup_stm32f10x_hd.o(.text) referenced from startup_stm32f10x_hd.o(RESET)
 <LI><a href="#[16]">DMA1_Channel2_IRQHandler</a> from startup_stm32f10x_hd.o(.text) referenced from startup_stm32f10x_hd.o(RESET)
 <LI><a href="#[17]">DMA1_Channel3_IRQHandler</a> from startup_stm32f10x_hd.o(.text) referenced from startup_stm32f10x_hd.o(RESET)
 <LI><a href="#[18]">DMA1_Channel4_IRQHandler</a> from startup_stm32f10x_hd.o(.text) referenced from startup_stm32f10x_hd.o(RESET)
 <LI><a href="#[19]">DMA1_Channel5_IRQHandler</a> from startup_stm32f10x_hd.o(.text) referenced from startup_stm32f10x_hd.o(RESET)
 <LI><a href="#[1a]">DMA1_Channel6_IRQHandler</a> from startup_stm32f10x_hd.o(.text) referenced from startup_stm32f10x_hd.o(RESET)
 <LI><a href="#[1b]">DMA1_Channel7_IRQHandler</a> from startup_stm32f10x_hd.o(.text) referenced from startup_stm32f10x_hd.o(RESET)
 <LI><a href="#[1c]">ADC1_2_IRQHandler</a> from startup_stm32f10x_hd.o(.text) referenced from startup_stm32f10x_hd.o(RESET)
 <LI><a href="#[1d]">USB_HP_CAN1_TX_IRQHandler</a> from startup_stm32f10x_hd.o(.text) referenced from startup_stm32f10x_hd.o(RESET)
 <LI><a href="#[1e]">USB_LP_CAN1_RX0_IRQHandler</a> from startup_stm32f10x_hd.o(.text) referenced from startup_stm32f10x_hd.o(RESET)
 <LI><a href="#[1f]">CAN1_RX1_IRQHandler</a> from startup_stm32f10x_hd.o(.text) referenced from startup_stm32f10x_hd.o(RESET)
 <LI><a href="#[20]">CAN1_SCE_IRQHandler</a> from startup_stm32f10x_hd.o(.text) referenced from startup_stm32f10x_hd.o(RESET)
 <LI><a href="#[21]">EXTI9_5_IRQHandler</a> from startup_stm32f10x_hd.o(.text) referenced from startup_stm32f10x_hd.o(RESET)
 <LI><a href="#[22]">TIM1_BRK_IRQHandler</a> from startup_stm32f10x_hd.o(.text) referenced from startup_stm32f10x_hd.o(RESET)
 <LI><a href="#[23]">TIM1_UP_IRQHandler</a> from startup_stm32f10x_hd.o(.text) referenced from startup_stm32f10x_hd.o(RESET)
 <LI><a href="#[24]">TIM1_TRG_COM_IRQHandler</a> from startup_stm32f10x_hd.o(.text) referenced from startup_stm32f10x_hd.o(RESET)
 <LI><a href="#[25]">TIM1_CC_IRQHandler</a> from startup_stm32f10x_hd.o(.text) referenced from startup_stm32f10x_hd.o(RESET)
 <LI><a href="#[26]">TIM2_IRQHandler</a> from stm32f10x_it.o(i.TIM2_IRQHandler) referenced from startup_stm32f10x_hd.o(RESET)
 <LI><a href="#[27]">TIM3_IRQHandler</a> from startup_stm32f10x_hd.o(.text) referenced from startup_stm32f10x_hd.o(RESET)
 <LI><a href="#[28]">TIM4_IRQHandler</a> from startup_stm32f10x_hd.o(.text) referenced from startup_stm32f10x_hd.o(RESET)
 <LI><a href="#[29]">I2C1_EV_IRQHandler</a> from startup_stm32f10x_hd.o(.text) referenced from startup_stm32f10x_hd.o(RESET)
 <LI><a href="#[2a]">I2C1_ER_IRQHandler</a> from startup_stm32f10x_hd.o(.text) referenced from startup_stm32f10x_hd.o(RESET)
 <LI><a href="#[2b]">I2C2_EV_IRQHandler</a> from startup_stm32f10x_hd.o(.text) referenced from startup_stm32f10x_hd.o(RESET)
 <LI><a href="#[2c]">I2C2_ER_IRQHandler</a> from startup_stm32f10x_hd.o(.text) referenced from startup_stm32f10x_hd.o(RESET)
 <LI><a href="#[2d]">SPI1_IRQHandler</a> from startup_stm32f10x_hd.o(.text) referenced from startup_stm32f10x_hd.o(RESET)
 <LI><a href="#[2e]">SPI2_IRQHandler</a> from startup_stm32f10x_hd.o(.text) referenced from startup_stm32f10x_hd.o(RESET)
 <LI><a href="#[2f]">USART1_IRQHandler</a> from startup_stm32f10x_hd.o(.text) referenced from startup_stm32f10x_hd.o(RESET)
 <LI><a href="#[30]">USART2_IRQHandler</a> from startup_stm32f10x_hd.o(.text) referenced from startup_stm32f10x_hd.o(RESET)
 <LI><a href="#[31]">USART3_IRQHandler</a> from startup_stm32f10x_hd.o(.text) referenced from startup_stm32f10x_hd.o(RESET)
 <LI><a href="#[32]">EXTI15_10_IRQHandler</a> from startup_stm32f10x_hd.o(.text) referenced from startup_stm32f10x_hd.o(RESET)
 <LI><a href="#[33]">RTCAlarm_IRQHandler</a> from startup_stm32f10x_hd.o(.text) referenced from startup_stm32f10x_hd.o(RESET)
 <LI><a href="#[34]">USBWakeUp_IRQHandler</a> from startup_stm32f10x_hd.o(.text) referenced from startup_stm32f10x_hd.o(RESET)
 <LI><a href="#[35]">TIM8_BRK_IRQHandler</a> from startup_stm32f10x_hd.o(.text) referenced from startup_stm32f10x_hd.o(RESET)
 <LI><a href="#[36]">TIM8_UP_IRQHandler</a> from startup_stm32f10x_hd.o(.text) referenced from startup_stm32f10x_hd.o(RESET)
 <LI><a href="#[37]">TIM8_TRG_COM_IRQHandler</a> from startup_stm32f10x_hd.o(.text) referenced from startup_stm32f10x_hd.o(RESET)
 <LI><a href="#[38]">TIM8_CC_IRQHandler</a> from startup_stm32f10x_hd.o(.text) referenced from startup_stm32f10x_hd.o(RESET)
 <LI><a href="#[39]">ADC3_IRQHandler</a> from startup_stm32f10x_hd.o(.text) referenced from startup_stm32f10x_hd.o(RESET)
 <LI><a href="#[3a]">FSMC_IRQHandler</a> from startup_stm32f10x_hd.o(.text) referenced from startup_stm32f10x_hd.o(RESET)
 <LI><a href="#[3b]">SDIO_IRQHandler</a> from startup_stm32f10x_hd.o(.text) referenced from startup_stm32f10x_hd.o(RESET)
 <LI><a href="#[3c]">TIM5_IRQHandler</a> from startup_stm32f10x_hd.o(.text) referenced from startup_stm32f10x_hd.o(RESET)
 <LI><a href="#[3d]">SPI3_IRQHandler</a> from startup_stm32f10x_hd.o(.text) referenced from startup_stm32f10x_hd.o(RESET)
 <LI><a href="#[3e]">UART4_IRQHandler</a> from startup_stm32f10x_hd.o(.text) referenced from startup_stm32f10x_hd.o(RESET)
 <LI><a href="#[3f]">UART5_IRQHandler</a> from startup_stm32f10x_hd.o(.text) referenced from startup_stm32f10x_hd.o(RESET)
 <LI><a href="#[40]">TIM6_IRQHandler</a> from stm32f10x_it.o(i.TIM6_IRQHandler) referenced from startup_stm32f10x_hd.o(RESET)
 <LI><a href="#[41]">TIM7_IRQHandler</a> from startup_stm32f10x_hd.o(.text) referenced from startup_stm32f10x_hd.o(RESET)
 <LI><a href="#[42]">DMA2_Channel1_IRQHandler</a> from startup_stm32f10x_hd.o(.text) referenced from startup_stm32f10x_hd.o(RESET)
 <LI><a href="#[43]">DMA2_Channel2_IRQHandler</a> from startup_stm32f10x_hd.o(.text) referenced from startup_stm32f10x_hd.o(RESET)
 <LI><a href="#[44]">DMA2_Channel3_IRQHandler</a> from startup_stm32f10x_hd.o(.text) referenced from startup_stm32f10x_hd.o(RESET)
 <LI><a href="#[45]">DMA2_Channel4_5_IRQHandler</a> from startup_stm32f10x_hd.o(.text) referenced from startup_stm32f10x_hd.o(RESET)
 <LI><a href="#[46]">main</a> from main.o(i.main) referenced from entry7.o(.ARM.Collect$$$$00000007)
 <LI><a href="#[47]">SystemInit</a> from system_stm32f10x.o(i.SystemInit) referenced from startup_stm32f10x_hd.o(.text)
 <LI><a href="#[48]">__main</a> from entry.o(.ARM.Collect$$$$00000000) referenced from startup_stm32f10x_hd.o(.text)
 <LI><a href="#[49]">flash_allowed_main</a> from ra8806_ctrl.o(i.flash_allowed_main) referenced from menu_resource.o(i.FlashMenu_Init)
 <LI><a href="#[4a]">flash_allowed_datainit</a> from ra8806_ctrl.o(i.flash_allowed_datainit) referenced from menu_resource.o(i.FlashMenu_Init)
 <LI><a href="#[4b]">dayflash_main</a> from ra8806_ctrl.o(i.dayflash_main) referenced from menu_resource.o(i.FlashMenu_Init)
 <LI><a href="#[4c]">dayflash_datainit</a> from ra8806_ctrl.o(i.dayflash_datainit) referenced from menu_resource.o(i.FlashMenu_Init)
 <LI><a href="#[4d]">nightflash_main</a> from ra8806_ctrl.o(i.nightflash_main) referenced from menu_resource.o(i.FlashMenu_Init)
 <LI><a href="#[4e]">nightflash_datainit</a> from ra8806_ctrl.o(i.nightflash_datainit) referenced from menu_resource.o(i.FlashMenu_Init)
 <LI><a href="#[4f]">menu_keywork_mode2</a> from key_op.o(i.menu_keywork_mode2) referenced from menu_resource.o(i.FlashMenu_Init)
 <LI><a href="#[50]">disp_frame2</a> from key_op.o(i.disp_frame2) referenced from menu_resource.o(i.FlashMenu_Init)
 <LI><a href="#[51]">disp_item</a> from key_op.o(i.disp_item) referenced from menu_resource.o(i.FlashMenu_Init)
 <LI><a href="#[52]">disp_help2</a> from key_op.o(i.disp_help2) referenced from menu_resource.o(i.FlashMenu_Init)
 <LI><a href="#[53]">LCD_LedGPIO</a> from ra8806_ctrl.o(i.LCD_LedGPIO) referenced from menu_resource.o(i.LEDColorMenu_Init)
 <LI><a href="#[54]">LCD_LedGPIO_Init</a> from ra8806_ctrl.o(i.LCD_LedGPIO_Init) referenced from menu_resource.o(i.LEDColorMenu_Init)
 <LI><a href="#[4f]">menu_keywork_mode2</a> from key_op.o(i.menu_keywork_mode2) referenced from menu_resource.o(i.LEDColorMenu_Init)
 <LI><a href="#[50]">disp_frame2</a> from key_op.o(i.disp_frame2) referenced from menu_resource.o(i.LEDColorMenu_Init)
 <LI><a href="#[51]">disp_item</a> from key_op.o(i.disp_item) referenced from menu_resource.o(i.LEDColorMenu_Init)
 <LI><a href="#[52]">disp_help2</a> from key_op.o(i.disp_help2) referenced from menu_resource.o(i.LEDColorMenu_Init)
 <LI><a href="#[55]">menu_keywork_mode1</a> from key_op.o(i.menu_keywork_mode1) referenced from menu_resource.o(i.MainMenu_Init)
 <LI><a href="#[56]">disp_frame1</a> from key_op.o(i.disp_frame1) referenced from menu_resource.o(i.MainMenu_Init)
 <LI><a href="#[51]">disp_item</a> from key_op.o(i.disp_item) referenced from menu_resource.o(i.MainMenu_Init)
 <LI><a href="#[57]">disp_help1</a> from key_op.o(i.disp_help1) referenced from menu_resource.o(i.MainMenu_Init)
 <LI><a href="#[58]">ManualMode_CutDown_main</a> from ra8806_ctrl.o(i.ManualMode_CutDown_main) referenced from menu_resource.o(i.ManualModeMenu_Init)
 <LI><a href="#[59]">ManualMode_CutDown_init</a> from ra8806_ctrl.o(i.ManualMode_CutDown_init) referenced from menu_resource.o(i.ManualModeMenu_Init)
 <LI><a href="#[5a]">ManualMode_TimePhase_main</a> from ra8806_ctrl.o(i.ManualMode_TimePhase_main) referenced from menu_resource.o(i.ManualModeMenu_Init)
 <LI><a href="#[5b]">ManualMode_TimePhase_datainit</a> from ra8806_ctrl.o(i.ManualMode_TimePhase_datainit) referenced from menu_resource.o(i.ManualModeMenu_Init)
 <LI><a href="#[5c]">LED_Check_main</a> from ra8806_ctrl.o(i.LED_Check_main) referenced from menu_resource.o(i.ManualModeMenu_Init)
 <LI><a href="#[5d]">LED_Check_datainit</a> from ra8806_ctrl.o(i.LED_Check_datainit) referenced from menu_resource.o(i.ManualModeMenu_Init)
 <LI><a href="#[4f]">menu_keywork_mode2</a> from key_op.o(i.menu_keywork_mode2) referenced from menu_resource.o(i.ManualModeMenu_Init)
 <LI><a href="#[50]">disp_frame2</a> from key_op.o(i.disp_frame2) referenced from menu_resource.o(i.ManualModeMenu_Init)
 <LI><a href="#[51]">disp_item</a> from key_op.o(i.disp_item) referenced from menu_resource.o(i.ManualModeMenu_Init)
 <LI><a href="#[52]">disp_help2</a> from key_op.o(i.disp_help2) referenced from menu_resource.o(i.ManualModeMenu_Init)
 <LI><a href="#[5e]">add_period_main</a> from ra8806_ctrl.o(i.add_period_main) referenced from menu_resource.o(i.PeriodOfTimeMenu_Init)
 <LI><a href="#[5f]">add_period_datainit</a> from ra8806_ctrl.o(i.add_period_datainit) referenced from menu_resource.o(i.PeriodOfTimeMenu_Init)
 <LI><a href="#[60]">del_period_main</a> from ra8806_ctrl.o(i.del_period_main) referenced from menu_resource.o(i.PeriodOfTimeMenu_Init)
 <LI><a href="#[61]">del_period_datainit</a> from ra8806_ctrl.o(i.del_period_datainit) referenced from menu_resource.o(i.PeriodOfTimeMenu_Init)
 <LI><a href="#[62]">set_period_main</a> from ra8806_ctrl.o(i.set_period_main) referenced from menu_resource.o(i.PeriodOfTimeMenu_Init)
 <LI><a href="#[63]">set_period_datainit</a> from ra8806_ctrl.o(i.set_period_datainit) referenced from menu_resource.o(i.PeriodOfTimeMenu_Init)
 <LI><a href="#[4f]">menu_keywork_mode2</a> from key_op.o(i.menu_keywork_mode2) referenced from menu_resource.o(i.PeriodOfTimeMenu_Init)
 <LI><a href="#[50]">disp_frame2</a> from key_op.o(i.disp_frame2) referenced from menu_resource.o(i.PeriodOfTimeMenu_Init)
 <LI><a href="#[51]">disp_item</a> from key_op.o(i.disp_item) referenced from menu_resource.o(i.PeriodOfTimeMenu_Init)
 <LI><a href="#[52]">disp_help2</a> from key_op.o(i.disp_help2) referenced from menu_resource.o(i.PeriodOfTimeMenu_Init)
 <LI><a href="#[64]">add_phase_main</a> from ra8806_ctrl.o(i.add_phase_main) referenced from menu_resource.o(i.PhaseMenu_Init)
 <LI><a href="#[65]">add_phase_datainit</a> from ra8806_ctrl.o(i.add_phase_datainit) referenced from menu_resource.o(i.PhaseMenu_Init)
 <LI><a href="#[66]">del_phase_main</a> from ra8806_ctrl.o(i.del_phase_main) referenced from menu_resource.o(i.PhaseMenu_Init)
 <LI><a href="#[67]">del_phase_datainit</a> from ra8806_ctrl.o(i.del_phase_datainit) referenced from menu_resource.o(i.PhaseMenu_Init)
 <LI><a href="#[68]">set_phase_main</a> from ra8806_ctrl.o(i.set_phase_main) referenced from menu_resource.o(i.PhaseMenu_Init)
 <LI><a href="#[69]">set_phase_datainit</a> from ra8806_ctrl.o(i.set_phase_datainit) referenced from menu_resource.o(i.PhaseMenu_Init)
 <LI><a href="#[4f]">menu_keywork_mode2</a> from key_op.o(i.menu_keywork_mode2) referenced from menu_resource.o(i.PhaseMenu_Init)
 <LI><a href="#[50]">disp_frame2</a> from key_op.o(i.disp_frame2) referenced from menu_resource.o(i.PhaseMenu_Init)
 <LI><a href="#[6c]">DayNight_PeriodofTime</a> from ra8806_ctrl.o(i.DayNight_PeriodofTime) referenced from menu_resource.o(i.TimeSetMenu_Init)
 <LI><a href="#[51]">disp_item</a> from key_op.o(i.disp_item) referenced from menu_resource.o(i.PhaseMenu_Init)
 <LI><a href="#[52]">disp_help2</a> from key_op.o(i.disp_help2) referenced from menu_resource.o(i.PhaseMenu_Init)
 <LI><a href="#[6a]">RTC_SetDate</a> from ra8806_ctrl.o(i.RTC_SetDate) referenced from menu_resource.o(i.RTCSetMenu_Init)
 <LI><a href="#[6b]">RTC_SetDate_Init</a> from ra8806_ctrl.o(i.RTC_SetDate_Init) referenced from menu_resource.o(i.RTCSetMenu_Init)
 <LI><a href="#[4f]">menu_keywork_mode2</a> from key_op.o(i.menu_keywork_mode2) referenced from menu_resource.o(i.RTCSetMenu_Init)
 <LI><a href="#[50]">disp_frame2</a> from key_op.o(i.disp_frame2) referenced from menu_resource.o(i.RTCSetMenu_Init)
 <LI><a href="#[51]">disp_item</a> from key_op.o(i.disp_item) referenced from menu_resource.o(i.RTCSetMenu_Init)
 <LI><a href="#[52]">disp_help2</a> from key_op.o(i.disp_help2) referenced from menu_resource.o(i.RTCSetMenu_Init)
 <LI><a href="#[6d]">DayNight_PeriodofTime_Init</a> from ra8806_ctrl.o(i.DayNight_PeriodofTime_Init) referenced from menu_resource.o(i.TimeSetMenu_Init)
 <LI><a href="#[4f]">menu_keywork_mode2</a> from key_op.o(i.menu_keywork_mode2) referenced from menu_resource.o(i.TimeSetMenu_Init)
 <LI><a href="#[50]">disp_frame2</a> from key_op.o(i.disp_frame2) referenced from menu_resource.o(i.TimeSetMenu_Init)
 <LI><a href="#[51]">disp_item</a> from key_op.o(i.disp_item) referenced from menu_resource.o(i.TimeSetMenu_Init)
 <LI><a href="#[52]">disp_help2</a> from key_op.o(i.disp_help2) referenced from menu_resource.o(i.TimeSetMenu_Init)
 <LI><a href="#[6e]">fputc</a> from usart_op.o(i.fputc) referenced from printf1.o(i.__0printf$1)
</UL>
<P>
<H3>
Global Symbols
</H3>
<P><STRONG><a name="[48]"></a>__main</STRONG> (Thumb, 0 bytes, Stack size unknown bytes, entry.o(.ARM.Collect$$$$00000000))
<BR>[Address Reference Count : 1]<UL><LI> startup_stm32f10x_hd.o(.text)
</UL>
<P><STRONG><a name="[144]"></a>_main_stk</STRONG> (Thumb, 0 bytes, Stack size unknown bytes, entry2.o(.ARM.Collect$$$$00000001))

<P><STRONG><a name="[6f]"></a>_main_scatterload</STRONG> (Thumb, 0 bytes, Stack size unknown bytes, entry5.o(.ARM.Collect$$$$00000004))
<BR><BR>[Calls]<UL><LI><a href="#[70]">&gt;&gt;</a>&nbsp;&nbsp;&nbsp;__scatterload
</UL>

<P><STRONG><a name="[76]"></a>__main_after_scatterload</STRONG> (Thumb, 0 bytes, Stack size unknown bytes, entry5.o(.ARM.Collect$$$$00000004))
<BR><BR>[Called By]<UL><LI><a href="#[70]">&gt;&gt;</a>&nbsp;&nbsp;&nbsp;__scatterload
</UL>

<P><STRONG><a name="[145]"></a>_main_init</STRONG> (Thumb, 0 bytes, Stack size unknown bytes, entry7.o(.ARM.Collect$$$$00000007))

<P><STRONG><a name="[0]"></a>Reset_Handler</STRONG> (Thumb, 8 bytes, Stack size 0 bytes, startup_stm32f10x_hd.o(.text))
<BR>[Address Reference Count : 1]<UL><LI> startup_stm32f10x_hd.o(RESET)
</UL>
<P><STRONG><a name="[1c]"></a>ADC1_2_IRQHandler</STRONG> (Thumb, 0 bytes, Stack size 0 bytes, startup_stm32f10x_hd.o(.text))
<BR><BR>[Calls]<UL><LI><a href="#[1c]">&gt;&gt;</a>&nbsp;&nbsp;&nbsp;ADC1_2_IRQHandler
</UL>
<BR>[Called By]<UL><LI><a href="#[1c]">&gt;&gt;</a>&nbsp;&nbsp;&nbsp;ADC1_2_IRQHandler
</UL>
<BR>[Address Reference Count : 1]<UL><LI> startup_stm32f10x_hd.o(RESET)
</UL>
<P><STRONG><a name="[39]"></a>ADC3_IRQHandler</STRONG> (Thumb, 0 bytes, Stack size 0 bytes, startup_stm32f10x_hd.o(.text))
<BR>[Address Reference Count : 1]<UL><LI> startup_stm32f10x_hd.o(RESET)
</UL>
<P><STRONG><a name="[1f]"></a>CAN1_RX1_IRQHandler</STRONG> (Thumb, 0 bytes, Stack size 0 bytes, startup_stm32f10x_hd.o(.text))
<BR>[Address Reference Count : 1]<UL><LI> startup_stm32f10x_hd.o(RESET)
</UL>
<P><STRONG><a name="[20]"></a>CAN1_SCE_IRQHandler</STRONG> (Thumb, 0 bytes, Stack size 0 bytes, startup_stm32f10x_hd.o(.text))
<BR>[Address Reference Count : 1]<UL><LI> startup_stm32f10x_hd.o(RESET)
</UL>
<P><STRONG><a name="[15]"></a>DMA1_Channel1_IRQHandler</STRONG> (Thumb, 0 bytes, Stack size 0 bytes, startup_stm32f10x_hd.o(.text))
<BR>[Address Reference Count : 1]<UL><LI> startup_stm32f10x_hd.o(RESET)
</UL>
<P><STRONG><a name="[16]"></a>DMA1_Channel2_IRQHandler</STRONG> (Thumb, 0 bytes, Stack size 0 bytes, startup_stm32f10x_hd.o(.text))
<BR>[Address Reference Count : 1]<UL><LI> startup_stm32f10x_hd.o(RESET)
</UL>
<P><STRONG><a name="[17]"></a>DMA1_Channel3_IRQHandler</STRONG> (Thumb, 0 bytes, Stack size 0 bytes, startup_stm32f10x_hd.o(.text))
<BR>[Address Reference Count : 1]<UL><LI> startup_stm32f10x_hd.o(RESET)
</UL>
<P><STRONG><a name="[18]"></a>DMA1_Channel4_IRQHandler</STRONG> (Thumb, 0 bytes, Stack size 0 bytes, startup_stm32f10x_hd.o(.text))
<BR>[Address Reference Count : 1]<UL><LI> startup_stm32f10x_hd.o(RESET)
</UL>
<P><STRONG><a name="[19]"></a>DMA1_Channel5_IRQHandler</STRONG> (Thumb, 0 bytes, Stack size 0 bytes, startup_stm32f10x_hd.o(.text))
<BR>[Address Reference Count : 1]<UL><LI> startup_stm32f10x_hd.o(RESET)
</UL>
<P><STRONG><a name="[1a]"></a>DMA1_Channel6_IRQHandler</STRONG> (Thumb, 0 bytes, Stack size 0 bytes, startup_stm32f10x_hd.o(.text))
<BR>[Address Reference Count : 1]<UL><LI> startup_stm32f10x_hd.o(RESET)
</UL>
<P><STRONG><a name="[1b]"></a>DMA1_Channel7_IRQHandler</STRONG> (Thumb, 0 bytes, Stack size 0 bytes, startup_stm32f10x_hd.o(.text))
<BR>[Address Reference Count : 1]<UL><LI> startup_stm32f10x_hd.o(RESET)
</UL>
<P><STRONG><a name="[42]"></a>DMA2_Channel1_IRQHandler</STRONG> (Thumb, 0 bytes, Stack size 0 bytes, startup_stm32f10x_hd.o(.text))
<BR>[Address Reference Count : 1]<UL><LI> startup_stm32f10x_hd.o(RESET)
</UL>
<P><STRONG><a name="[43]"></a>DMA2_Channel2_IRQHandler</STRONG> (Thumb, 0 bytes, Stack size 0 bytes, startup_stm32f10x_hd.o(.text))
<BR>[Address Reference Count : 1]<UL><LI> startup_stm32f10x_hd.o(RESET)
</UL>
<P><STRONG><a name="[44]"></a>DMA2_Channel3_IRQHandler</STRONG> (Thumb, 0 bytes, Stack size 0 bytes, startup_stm32f10x_hd.o(.text))
<BR>[Address Reference Count : 1]<UL><LI> startup_stm32f10x_hd.o(RESET)
</UL>
<P><STRONG><a name="[45]"></a>DMA2_Channel4_5_IRQHandler</STRONG> (Thumb, 0 bytes, Stack size 0 bytes, startup_stm32f10x_hd.o(.text))
<BR>[Address Reference Count : 1]<UL><LI> startup_stm32f10x_hd.o(RESET)
</UL>
<P><STRONG><a name="[32]"></a>EXTI15_10_IRQHandler</STRONG> (Thumb, 0 bytes, Stack size 0 bytes, startup_stm32f10x_hd.o(.text))
<BR>[Address Reference Count : 1]<UL><LI> startup_stm32f10x_hd.o(RESET)
</UL>
<P><STRONG><a name="[11]"></a>EXTI1_IRQHandler</STRONG> (Thumb, 0 bytes, Stack size 0 bytes, startup_stm32f10x_hd.o(.text))
<BR>[Address Reference Count : 1]<UL><LI> startup_stm32f10x_hd.o(RESET)
</UL>
<P><STRONG><a name="[12]"></a>EXTI2_IRQHandler</STRONG> (Thumb, 0 bytes, Stack size 0 bytes, startup_stm32f10x_hd.o(.text))
<BR>[Address Reference Count : 1]<UL><LI> startup_stm32f10x_hd.o(RESET)
</UL>
<P><STRONG><a name="[13]"></a>EXTI3_IRQHandler</STRONG> (Thumb, 0 bytes, Stack size 0 bytes, startup_stm32f10x_hd.o(.text))
<BR>[Address Reference Count : 1]<UL><LI> startup_stm32f10x_hd.o(RESET)
</UL>
<P><STRONG><a name="[14]"></a>EXTI4_IRQHandler</STRONG> (Thumb, 0 bytes, Stack size 0 bytes, startup_stm32f10x_hd.o(.text))
<BR>[Address Reference Count : 1]<UL><LI> startup_stm32f10x_hd.o(RESET)
</UL>
<P><STRONG><a name="[21]"></a>EXTI9_5_IRQHandler</STRONG> (Thumb, 0 bytes, Stack size 0 bytes, startup_stm32f10x_hd.o(.text))
<BR>[Address Reference Count : 1]<UL><LI> startup_stm32f10x_hd.o(RESET)
</UL>
<P><STRONG><a name="[e]"></a>FLASH_IRQHandler</STRONG> (Thumb, 0 bytes, Stack size 0 bytes, startup_stm32f10x_hd.o(.text))
<BR>[Address Reference Count : 1]<UL><LI> startup_stm32f10x_hd.o(RESET)
</UL>
<P><STRONG><a name="[3a]"></a>FSMC_IRQHandler</STRONG> (Thumb, 0 bytes, Stack size 0 bytes, startup_stm32f10x_hd.o(.text))
<BR>[Address Reference Count : 1]<UL><LI> startup_stm32f10x_hd.o(RESET)
</UL>
<P><STRONG><a name="[2a]"></a>I2C1_ER_IRQHandler</STRONG> (Thumb, 0 bytes, Stack size 0 bytes, startup_stm32f10x_hd.o(.text))
<BR>[Address Reference Count : 1]<UL><LI> startup_stm32f10x_hd.o(RESET)
</UL>
<P><STRONG><a name="[29]"></a>I2C1_EV_IRQHandler</STRONG> (Thumb, 0 bytes, Stack size 0 bytes, startup_stm32f10x_hd.o(.text))
<BR>[Address Reference Count : 1]<UL><LI> startup_stm32f10x_hd.o(RESET)
</UL>
<P><STRONG><a name="[2c]"></a>I2C2_ER_IRQHandler</STRONG> (Thumb, 0 bytes, Stack size 0 bytes, startup_stm32f10x_hd.o(.text))
<BR>[Address Reference Count : 1]<UL><LI> startup_stm32f10x_hd.o(RESET)
</UL>
<P><STRONG><a name="[2b]"></a>I2C2_EV_IRQHandler</STRONG> (Thumb, 0 bytes, Stack size 0 bytes, startup_stm32f10x_hd.o(.text))
<BR>[Address Reference Count : 1]<UL><LI> startup_stm32f10x_hd.o(RESET)
</UL>
<P><STRONG><a name="[b]"></a>PVD_IRQHandler</STRONG> (Thumb, 0 bytes, Stack size 0 bytes, startup_stm32f10x_hd.o(.text))
<BR>[Address Reference Count : 1]<UL><LI> startup_stm32f10x_hd.o(RESET)
</UL>
<P><STRONG><a name="[f]"></a>RCC_IRQHandler</STRONG> (Thumb, 0 bytes, Stack size 0 bytes, startup_stm32f10x_hd.o(.text))
<BR>[Address Reference Count : 1]<UL><LI> startup_stm32f10x_hd.o(RESET)
</UL>
<P><STRONG><a name="[33]"></a>RTCAlarm_IRQHandler</STRONG> (Thumb, 0 bytes, Stack size 0 bytes, startup_stm32f10x_hd.o(.text))
<BR>[Address Reference Count : 1]<UL><LI> startup_stm32f10x_hd.o(RESET)
</UL>
<P><STRONG><a name="[3b]"></a>SDIO_IRQHandler</STRONG> (Thumb, 0 bytes, Stack size 0 bytes, startup_stm32f10x_hd.o(.text))
<BR>[Address Reference Count : 1]<UL><LI> startup_stm32f10x_hd.o(RESET)
</UL>
<P><STRONG><a name="[2d]"></a>SPI1_IRQHandler</STRONG> (Thumb, 0 bytes, Stack size 0 bytes, startup_stm32f10x_hd.o(.text))
<BR>[Address Reference Count : 1]<UL><LI> startup_stm32f10x_hd.o(RESET)
</UL>
<P><STRONG><a name="[2e]"></a>SPI2_IRQHandler</STRONG> (Thumb, 0 bytes, Stack size 0 bytes, startup_stm32f10x_hd.o(.text))
<BR>[Address Reference Count : 1]<UL><LI> startup_stm32f10x_hd.o(RESET)
</UL>
<P><STRONG><a name="[3d]"></a>SPI3_IRQHandler</STRONG> (Thumb, 0 bytes, Stack size 0 bytes, startup_stm32f10x_hd.o(.text))
<BR>[Address Reference Count : 1]<UL><LI> startup_stm32f10x_hd.o(RESET)
</UL>
<P><STRONG><a name="[c]"></a>TAMPER_IRQHandler</STRONG> (Thumb, 0 bytes, Stack size 0 bytes, startup_stm32f10x_hd.o(.text))
<BR>[Address Reference Count : 1]<UL><LI> startup_stm32f10x_hd.o(RESET)
</UL>
<P><STRONG><a name="[22]"></a>TIM1_BRK_IRQHandler</STRONG> (Thumb, 0 bytes, Stack size 0 bytes, startup_stm32f10x_hd.o(.text))
<BR>[Address Reference Count : 1]<UL><LI> startup_stm32f10x_hd.o(RESET)
</UL>
<P><STRONG><a name="[25]"></a>TIM1_CC_IRQHandler</STRONG> (Thumb, 0 bytes, Stack size 0 bytes, startup_stm32f10x_hd.o(.text))
<BR>[Address Reference Count : 1]<UL><LI> startup_stm32f10x_hd.o(RESET)
</UL>
<P><STRONG><a name="[24]"></a>TIM1_TRG_COM_IRQHandler</STRONG> (Thumb, 0 bytes, Stack size 0 bytes, startup_stm32f10x_hd.o(.text))
<BR>[Address Reference Count : 1]<UL><LI> startup_stm32f10x_hd.o(RESET)
</UL>
<P><STRONG><a name="[23]"></a>TIM1_UP_IRQHandler</STRONG> (Thumb, 0 bytes, Stack size 0 bytes, startup_stm32f10x_hd.o(.text))
<BR>[Address Reference Count : 1]<UL><LI> startup_stm32f10x_hd.o(RESET)
</UL>
<P><STRONG><a name="[27]"></a>TIM3_IRQHandler</STRONG> (Thumb, 0 bytes, Stack size 0 bytes, startup_stm32f10x_hd.o(.text))
<BR>[Address Reference Count : 1]<UL><LI> startup_stm32f10x_hd.o(RESET)
</UL>
<P><STRONG><a name="[28]"></a>TIM4_IRQHandler</STRONG> (Thumb, 0 bytes, Stack size 0 bytes, startup_stm32f10x_hd.o(.text))
<BR>[Address Reference Count : 1]<UL><LI> startup_stm32f10x_hd.o(RESET)
</UL>
<P><STRONG><a name="[3c]"></a>TIM5_IRQHandler</STRONG> (Thumb, 0 bytes, Stack size 0 bytes, startup_stm32f10x_hd.o(.text))
<BR>[Address Reference Count : 1]<UL><LI> startup_stm32f10x_hd.o(RESET)
</UL>
<P><STRONG><a name="[41]"></a>TIM7_IRQHandler</STRONG> (Thumb, 0 bytes, Stack size 0 bytes, startup_stm32f10x_hd.o(.text))
<BR>[Address Reference Count : 1]<UL><LI> startup_stm32f10x_hd.o(RESET)
</UL>
<P><STRONG><a name="[35]"></a>TIM8_BRK_IRQHandler</STRONG> (Thumb, 0 bytes, Stack size 0 bytes, startup_stm32f10x_hd.o(.text))
<BR>[Address Reference Count : 1]<UL><LI> startup_stm32f10x_hd.o(RESET)
</UL>
<P><STRONG><a name="[38]"></a>TIM8_CC_IRQHandler</STRONG> (Thumb, 0 bytes, Stack size 0 bytes, startup_stm32f10x_hd.o(.text))
<BR>[Address Reference Count : 1]<UL><LI> startup_stm32f10x_hd.o(RESET)
</UL>
<P><STRONG><a name="[37]"></a>TIM8_TRG_COM_IRQHandler</STRONG> (Thumb, 0 bytes, Stack size 0 bytes, startup_stm32f10x_hd.o(.text))
<BR>[Address Reference Count : 1]<UL><LI> startup_stm32f10x_hd.o(RESET)
</UL>
<P><STRONG><a name="[36]"></a>TIM8_UP_IRQHandler</STRONG> (Thumb, 0 bytes, Stack size 0 bytes, startup_stm32f10x_hd.o(.text))
<BR>[Address Reference Count : 1]<UL><LI> startup_stm32f10x_hd.o(RESET)
</UL>
<P><STRONG><a name="[3e]"></a>UART4_IRQHandler</STRONG> (Thumb, 0 bytes, Stack size 0 bytes, startup_stm32f10x_hd.o(.text))
<BR>[Address Reference Count : 1]<UL><LI> startup_stm32f10x_hd.o(RESET)
</UL>
<P><STRONG><a name="[3f]"></a>UART5_IRQHandler</STRONG> (Thumb, 0 bytes, Stack size 0 bytes, startup_stm32f10x_hd.o(.text))
<BR>[Address Reference Count : 1]<UL><LI> startup_stm32f10x_hd.o(RESET)
</UL>
<P><STRONG><a name="[2f]"></a>USART1_IRQHandler</STRONG> (Thumb, 0 bytes, Stack size 0 bytes, startup_stm32f10x_hd.o(.text))
<BR>[Address Reference Count : 1]<UL><LI> startup_stm32f10x_hd.o(RESET)
</UL>
<P><STRONG><a name="[30]"></a>USART2_IRQHandler</STRONG> (Thumb, 0 bytes, Stack size 0 bytes, startup_stm32f10x_hd.o(.text))
<BR>[Address Reference Count : 1]<UL><LI> startup_stm32f10x_hd.o(RESET)
</UL>
<P><STRONG><a name="[31]"></a>USART3_IRQHandler</STRONG> (Thumb, 0 bytes, Stack size 0 bytes, startup_stm32f10x_hd.o(.text))
<BR>[Address Reference Count : 1]<UL><LI> startup_stm32f10x_hd.o(RESET)
</UL>
<P><STRONG><a name="[34]"></a>USBWakeUp_IRQHandler</STRONG> (Thumb, 0 bytes, Stack size 0 bytes, startup_stm32f10x_hd.o(.text))
<BR>[Address Reference Count : 1]<UL><LI> startup_stm32f10x_hd.o(RESET)
</UL>
<P><STRONG><a name="[1d]"></a>USB_HP_CAN1_TX_IRQHandler</STRONG> (Thumb, 0 bytes, Stack size 0 bytes, startup_stm32f10x_hd.o(.text))
<BR>[Address Reference Count : 1]<UL><LI> startup_stm32f10x_hd.o(RESET)
</UL>
<P><STRONG><a name="[1e]"></a>USB_LP_CAN1_RX0_IRQHandler</STRONG> (Thumb, 0 bytes, Stack size 0 bytes, startup_stm32f10x_hd.o(.text))
<BR>[Address Reference Count : 1]<UL><LI> startup_stm32f10x_hd.o(RESET)
</UL>
<P><STRONG><a name="[a]"></a>WWDG_IRQHandler</STRONG> (Thumb, 0 bytes, Stack size 0 bytes, startup_stm32f10x_hd.o(.text))
<BR>[Address Reference Count : 1]<UL><LI> startup_stm32f10x_hd.o(RESET)
</UL>
<P><STRONG><a name="[71]"></a>mktime</STRONG> (Thumb, 142 bytes, Stack size 16 bytes, mktime.o(.text))
<BR><BR>[Stack]<UL><LI>Max Depth = 28<LI>Call Chain = mktime &rArr; _localtime
</UL>
<BR>[Calls]<UL><LI><a href="#[72]">&gt;&gt;</a>&nbsp;&nbsp;&nbsp;_localtime
</UL>
<BR>[Called By]<UL><LI><a href="#[11b]">&gt;&gt;</a>&nbsp;&nbsp;&nbsp;Time_ConvCalendarToUnix
</UL>

<P><STRONG><a name="[ce]"></a>__aeabi_memcpy</STRONG> (Thumb, 36 bytes, Stack size 0 bytes, memcpya.o(.text))
<BR><BR>[Called By]<UL><LI><a href="#[d1]">&gt;&gt;</a>&nbsp;&nbsp;&nbsp;LED_Init
<LI><a href="#[12c]">&gt;&gt;</a>&nbsp;&nbsp;&nbsp;del_period
<LI><a href="#[124]">&gt;&gt;</a>&nbsp;&nbsp;&nbsp;add_period
<LI><a href="#[5a]">&gt;&gt;</a>&nbsp;&nbsp;&nbsp;ManualMode_TimePhase_main
<LI><a href="#[5c]">&gt;&gt;</a>&nbsp;&nbsp;&nbsp;LED_Check_main
<LI><a href="#[26]">&gt;&gt;</a>&nbsp;&nbsp;&nbsp;TIM2_IRQHandler
</UL>

<P><STRONG><a name="[fa]"></a>__aeabi_memcpy4</STRONG> (Thumb, 0 bytes, Stack size 0 bytes, memcpya.o(.text))
<BR><BR>[Called By]<UL><LI><a href="#[101]">&gt;&gt;</a>&nbsp;&nbsp;&nbsp;Time_ConvUnixToCalendar
<LI><a href="#[fb]">&gt;&gt;</a>&nbsp;&nbsp;&nbsp;Time_SetCalendarTime
<LI><a href="#[d3]">&gt;&gt;</a>&nbsp;&nbsp;&nbsp;RTC_Config
<LI><a href="#[6b]">&gt;&gt;</a>&nbsp;&nbsp;&nbsp;RTC_SetDate_Init
<LI><a href="#[6a]">&gt;&gt;</a>&nbsp;&nbsp;&nbsp;RTC_SetDate
</UL>

<P><STRONG><a name="[146]"></a>__aeabi_memcpy8</STRONG> (Thumb, 0 bytes, Stack size 0 bytes, memcpya.o(.text), UNUSED)

<P><STRONG><a name="[73]"></a>calloc</STRONG> (Thumb, 28 bytes, Stack size 8 bytes, calloc.o(.text))
<BR><BR>[Stack]<UL><LI>Max Depth = 28<LI>Call Chain = calloc &rArr; malloc
</UL>
<BR>[Calls]<UL><LI><a href="#[74]">&gt;&gt;</a>&nbsp;&nbsp;&nbsp;malloc
</UL>
<BR>[Called By]<UL><LI><a href="#[69]">&gt;&gt;</a>&nbsp;&nbsp;&nbsp;set_phase_datainit
<LI><a href="#[63]">&gt;&gt;</a>&nbsp;&nbsp;&nbsp;set_period_datainit
<LI><a href="#[4e]">&gt;&gt;</a>&nbsp;&nbsp;&nbsp;nightflash_datainit
<LI><a href="#[4a]">&gt;&gt;</a>&nbsp;&nbsp;&nbsp;flash_allowed_datainit
<LI><a href="#[67]">&gt;&gt;</a>&nbsp;&nbsp;&nbsp;del_phase_datainit
<LI><a href="#[61]">&gt;&gt;</a>&nbsp;&nbsp;&nbsp;del_period_datainit
<LI><a href="#[4c]">&gt;&gt;</a>&nbsp;&nbsp;&nbsp;dayflash_datainit
<LI><a href="#[65]">&gt;&gt;</a>&nbsp;&nbsp;&nbsp;add_phase_datainit
<LI><a href="#[5f]">&gt;&gt;</a>&nbsp;&nbsp;&nbsp;add_period_datainit
<LI><a href="#[6b]">&gt;&gt;</a>&nbsp;&nbsp;&nbsp;RTC_SetDate_Init
<LI><a href="#[5b]">&gt;&gt;</a>&nbsp;&nbsp;&nbsp;ManualMode_TimePhase_datainit
<LI><a href="#[59]">&gt;&gt;</a>&nbsp;&nbsp;&nbsp;ManualMode_CutDown_init
<LI><a href="#[5d]">&gt;&gt;</a>&nbsp;&nbsp;&nbsp;LED_Check_datainit
<LI><a href="#[54]">&gt;&gt;</a>&nbsp;&nbsp;&nbsp;LCD_LedGPIO_Init
<LI><a href="#[6d]">&gt;&gt;</a>&nbsp;&nbsp;&nbsp;DayNight_PeriodofTime_Init
</UL>

<P><STRONG><a name="[147]"></a>__aeabi_uidiv</STRONG> (Thumb, 0 bytes, Stack size 12 bytes, uidiv.o(.text), UNUSED)

<P><STRONG><a name="[123]"></a>__aeabi_uidivmod</STRONG> (Thumb, 44 bytes, Stack size 12 bytes, uidiv.o(.text), UNUSED)
<BR><BR>[Called By]<UL><LI><a href="#[122]">&gt;&gt;</a>&nbsp;&nbsp;&nbsp;_printf_core
</UL>

<P><STRONG><a name="[75]"></a>localtime</STRONG> (Thumb, 6 bytes, Stack size 0 bytes, localtime_w.o(.text))
<BR><BR>[Stack]<UL><LI>Max Depth = 12<LI>Call Chain = localtime &rArr; _localtime
</UL>
<BR>[Calls]<UL><LI><a href="#[72]">&gt;&gt;</a>&nbsp;&nbsp;&nbsp;_localtime
</UL>
<BR>[Called By]<UL><LI><a href="#[101]">&gt;&gt;</a>&nbsp;&nbsp;&nbsp;Time_ConvUnixToCalendar
</UL>

<P><STRONG><a name="[72]"></a>_localtime</STRONG> (Thumb, 122 bytes, Stack size 12 bytes, localtime_i.o(.text))
<BR><BR>[Stack]<UL><LI>Max Depth = 12<LI>Call Chain = _localtime
</UL>
<BR>[Called By]<UL><LI><a href="#[71]">&gt;&gt;</a>&nbsp;&nbsp;&nbsp;mktime
<LI><a href="#[75]">&gt;&gt;</a>&nbsp;&nbsp;&nbsp;localtime
</UL>

<P><STRONG><a name="[70]"></a>__scatterload</STRONG> (Thumb, 28 bytes, Stack size 0 bytes, init.o(.text))
<BR><BR>[Calls]<UL><LI><a href="#[76]">&gt;&gt;</a>&nbsp;&nbsp;&nbsp;__main_after_scatterload
</UL>
<BR>[Called By]<UL><LI><a href="#[6f]">&gt;&gt;</a>&nbsp;&nbsp;&nbsp;_main_scatterload
</UL>

<P><STRONG><a name="[148]"></a>__scatterload_rt2</STRONG> (Thumb, 0 bytes, Stack size 0 bytes, init.o(.text), UNUSED)

<P><STRONG><a name="[77]"></a>All_LED_Die</STRONG> (Thumb, 20 bytes, Stack size 16 bytes, led_op.o(i.All_LED_Die))
<BR><BR>[Stack]<UL><LI>Max Depth = 48<LI>Call Chain = All_LED_Die &rArr; CrossWay_LED_Display
</UL>
<BR>[Calls]<UL><LI><a href="#[78]">&gt;&gt;</a>&nbsp;&nbsp;&nbsp;CrossWay_LED_Display
</UL>
<BR>[Called By]<UL><LI><a href="#[d1]">&gt;&gt;</a>&nbsp;&nbsp;&nbsp;LED_Init
<LI><a href="#[c9]">&gt;&gt;</a>&nbsp;&nbsp;&nbsp;LED_Check_interfaceinit
<LI><a href="#[c6]">&gt;&gt;</a>&nbsp;&nbsp;&nbsp;LED_Check
</UL>

<P><STRONG><a name="[79]"></a>BKP_DeInit</STRONG> (Thumb, 16 bytes, Stack size 8 bytes, stm32f10x_bkp.o(i.BKP_DeInit))
<BR><BR>[Stack]<UL><LI>Max Depth = 8<LI>Call Chain = BKP_DeInit
</UL>
<BR>[Calls]<UL><LI><a href="#[7a]">&gt;&gt;</a>&nbsp;&nbsp;&nbsp;RCC_BackupResetCmd
</UL>
<BR>[Called By]<UL><LI><a href="#[d3]">&gt;&gt;</a>&nbsp;&nbsp;&nbsp;RTC_Config
</UL>

<P><STRONG><a name="[4]"></a>BusFault_Handler</STRONG> (Thumb, 4 bytes, Stack size 0 bytes, stm32f10x_it.o(i.BusFault_Handler))
<BR>[Address Reference Count : 1]<UL><LI> startup_stm32f10x_hd.o(RESET)
</UL>
<P><STRONG><a name="[78]"></a>CrossWay_LED_Display</STRONG> (Thumb, 332 bytes, Stack size 32 bytes, led_op.o(i.CrossWay_LED_Display))
<BR><BR>[Stack]<UL><LI>Max Depth = 32<LI>Call Chain = CrossWay_LED_Display
</UL>
<BR>[Calls]<UL><LI><a href="#[7d]">&gt;&gt;</a>&nbsp;&nbsp;&nbsp;delay_100ns
<LI><a href="#[7b]">&gt;&gt;</a>&nbsp;&nbsp;&nbsp;GPIO_SetBits
<LI><a href="#[7c]">&gt;&gt;</a>&nbsp;&nbsp;&nbsp;GPIO_ResetBits
</UL>
<BR>[Called By]<UL><LI><a href="#[d4]">&gt;&gt;</a>&nbsp;&nbsp;&nbsp;LED_Sec_Display
<LI><a href="#[d0]">&gt;&gt;</a>&nbsp;&nbsp;&nbsp;LED_HalfSec_Display
<LI><a href="#[77]">&gt;&gt;</a>&nbsp;&nbsp;&nbsp;All_LED_Die
<LI><a href="#[d1]">&gt;&gt;</a>&nbsp;&nbsp;&nbsp;LED_Init
</UL>

<P><STRONG><a name="[6c]"></a>DayNight_PeriodofTime</STRONG> (Thumb, 442 bytes, Stack size 24 bytes, ra8806_ctrl.o(i.DayNight_PeriodofTime))
<BR><BR>[Stack]<UL><LI>Max Depth = 120<LI>Call Chain = DayNight_PeriodofTime &rArr; DayNight_PeriodofTime_Update &rArr; LCD_NoInv &rArr; LCD_ReadREG &rArr; LCD_ReadData &rArr; GPIO_Init
</UL>
<BR>[Calls]<UL><LI><a href="#[82]">&gt;&gt;</a>&nbsp;&nbsp;&nbsp;LCD_ClearMenuText
<LI><a href="#[84]">&gt;&gt;</a>&nbsp;&nbsp;&nbsp;EXTI_GenerateSWInterrupt
<LI><a href="#[80]">&gt;&gt;</a>&nbsp;&nbsp;&nbsp;KEY_PressMinus
<LI><a href="#[7e]">&gt;&gt;</a>&nbsp;&nbsp;&nbsp;RTC_WaitForLastTask
<LI><a href="#[7f]">&gt;&gt;</a>&nbsp;&nbsp;&nbsp;RTC_ITConfig
<LI><a href="#[83]">&gt;&gt;</a>&nbsp;&nbsp;&nbsp;DayNight_PeriodofTime_Update
<LI><a href="#[81]">&gt;&gt;</a>&nbsp;&nbsp;&nbsp;free
</UL>
<BR>[Address Reference Count : 1]<UL><LI> menu_resource.o(i.TimeSetMenu_Init)
</UL>
<P><STRONG><a name="[6d]"></a>DayNight_PeriodofTime_Init</STRONG> (Thumb, 146 bytes, Stack size 16 bytes, ra8806_ctrl.o(i.DayNight_PeriodofTime_Init))
<BR><BR>[Stack]<UL><LI>Max Depth = 112<LI>Call Chain = DayNight_PeriodofTime_Init &rArr; LCD_WriteText2 &rArr; LCD_AccessLayer &rArr; LCD_ReadREG &rArr; LCD_ReadData &rArr; GPIO_Init
</UL>
<BR>[Calls]<UL><LI><a href="#[86]">&gt;&gt;</a>&nbsp;&nbsp;&nbsp;LCD_WriteText2
<LI><a href="#[87]">&gt;&gt;</a>&nbsp;&nbsp;&nbsp;LCD_SetAppwindow
<LI><a href="#[84]">&gt;&gt;</a>&nbsp;&nbsp;&nbsp;EXTI_GenerateSWInterrupt
<LI><a href="#[85]">&gt;&gt;</a>&nbsp;&nbsp;&nbsp;LCD_ClearItemAllText
<LI><a href="#[83]">&gt;&gt;</a>&nbsp;&nbsp;&nbsp;DayNight_PeriodofTime_Update
<LI><a href="#[73]">&gt;&gt;</a>&nbsp;&nbsp;&nbsp;calloc
</UL>
<BR>[Address Reference Count : 1]<UL><LI> menu_resource.o(i.TimeSetMenu_Init)
</UL>
<P><STRONG><a name="[83]"></a>DayNight_PeriodofTime_Update</STRONG> (Thumb, 218 bytes, Stack size 32 bytes, ra8806_ctrl.o(i.DayNight_PeriodofTime_Update))
<BR><BR>[Stack]<UL><LI>Max Depth = 96<LI>Call Chain = DayNight_PeriodofTime_Update &rArr; LCD_NoInv &rArr; LCD_ReadREG &rArr; LCD_ReadData &rArr; GPIO_Init
</UL>
<BR>[Calls]<UL><LI><a href="#[8c]">&gt;&gt;</a>&nbsp;&nbsp;&nbsp;LCD_NoInv
<LI><a href="#[88]">&gt;&gt;</a>&nbsp;&nbsp;&nbsp;LCD_Inv
<LI><a href="#[8b]">&gt;&gt;</a>&nbsp;&nbsp;&nbsp;LCD_WriteData
<LI><a href="#[8a]">&gt;&gt;</a>&nbsp;&nbsp;&nbsp;LCD_WriteCommand
<LI><a href="#[89]">&gt;&gt;</a>&nbsp;&nbsp;&nbsp;LCD_SetCursor
</UL>
<BR>[Called By]<UL><LI><a href="#[6d]">&gt;&gt;</a>&nbsp;&nbsp;&nbsp;DayNight_PeriodofTime_Init
<LI><a href="#[6c]">&gt;&gt;</a>&nbsp;&nbsp;&nbsp;DayNight_PeriodofTime
</UL>

<P><STRONG><a name="[7]"></a>DebugMon_Handler</STRONG> (Thumb, 2 bytes, Stack size 0 bytes, stm32f10x_it.o(i.DebugMon_Handler))
<BR>[Address Reference Count : 1]<UL><LI> startup_stm32f10x_hd.o(RESET)
</UL>
<P><STRONG><a name="[10]"></a>EXTI0_IRQHandler</STRONG> (Thumb, 28 bytes, Stack size 8 bytes, stm32f10x_it.o(i.EXTI0_IRQHandler))
<BR><BR>[Stack]<UL><LI>Max Depth = 136<LI>Call Chain = EXTI0_IRQHandler &rArr; LCD_UpdateInfo &rArr; LCD_WriteText2 &rArr; LCD_AccessLayer &rArr; LCD_ReadREG &rArr; LCD_ReadData &rArr; GPIO_Init
</UL>
<BR>[Calls]<UL><LI><a href="#[8e]">&gt;&gt;</a>&nbsp;&nbsp;&nbsp;EXTI_ClearITPendingBit
<LI><a href="#[8d]">&gt;&gt;</a>&nbsp;&nbsp;&nbsp;LCD_UpdateInfo
</UL>
<BR>[Address Reference Count : 1]<UL><LI> startup_stm32f10x_hd.o(RESET)
</UL>
<P><STRONG><a name="[8e]"></a>EXTI_ClearITPendingBit</STRONG> (Thumb, 6 bytes, Stack size 0 bytes, stm32f10x_exti.o(i.EXTI_ClearITPendingBit))
<BR><BR>[Called By]<UL><LI><a href="#[10]">&gt;&gt;</a>&nbsp;&nbsp;&nbsp;EXTI0_IRQHandler
</UL>

<P><STRONG><a name="[8f]"></a>EXTI_Config</STRONG> (Thumb, 32 bytes, Stack size 16 bytes, sys_config.o(i.EXTI_Config))
<BR><BR>[Stack]<UL><LI>Max Depth = 16<LI>Call Chain = EXTI_Config
</UL>
<BR>[Calls]<UL><LI><a href="#[90]">&gt;&gt;</a>&nbsp;&nbsp;&nbsp;EXTI_Init
</UL>
<BR>[Called By]<UL><LI><a href="#[46]">&gt;&gt;</a>&nbsp;&nbsp;&nbsp;main
</UL>

<P><STRONG><a name="[84]"></a>EXTI_GenerateSWInterrupt</STRONG> (Thumb, 16 bytes, Stack size 0 bytes, stm32f10x_exti.o(i.EXTI_GenerateSWInterrupt))
<BR><BR>[Called By]<UL><LI><a href="#[51]">&gt;&gt;</a>&nbsp;&nbsp;&nbsp;disp_item
<LI><a href="#[52]">&gt;&gt;</a>&nbsp;&nbsp;&nbsp;disp_help2
<LI><a href="#[57]">&gt;&gt;</a>&nbsp;&nbsp;&nbsp;disp_help1
<LI><a href="#[56]">&gt;&gt;</a>&nbsp;&nbsp;&nbsp;disp_frame1
<LI><a href="#[9d]">&gt;&gt;</a>&nbsp;&nbsp;&nbsp;LCD_RefreshItem
<LI><a href="#[9e]">&gt;&gt;</a>&nbsp;&nbsp;&nbsp;LCD_NorItem
<LI><a href="#[142]">&gt;&gt;</a>&nbsp;&nbsp;&nbsp;set_phase_update
<LI><a href="#[143]">&gt;&gt;</a>&nbsp;&nbsp;&nbsp;set_phase_interface
<LI><a href="#[13f]">&gt;&gt;</a>&nbsp;&nbsp;&nbsp;set_period_update
<LI><a href="#[140]">&gt;&gt;</a>&nbsp;&nbsp;&nbsp;set_period_interface
<LI><a href="#[13d]">&gt;&gt;</a>&nbsp;&nbsp;&nbsp;nightflash_Interface
<LI><a href="#[bc]">&gt;&gt;</a>&nbsp;&nbsp;&nbsp;keyfunction_help
<LI><a href="#[bb]">&gt;&gt;</a>&nbsp;&nbsp;&nbsp;keyfunction_clear_help
<LI><a href="#[10b]">&gt;&gt;</a>&nbsp;&nbsp;&nbsp;flashfunc_update
<LI><a href="#[130]">&gt;&gt;</a>&nbsp;&nbsp;&nbsp;del_phase_update
<LI><a href="#[131]">&gt;&gt;</a>&nbsp;&nbsp;&nbsp;del_phase_interface
<LI><a href="#[12d]">&gt;&gt;</a>&nbsp;&nbsp;&nbsp;del_period_update
<LI><a href="#[12e]">&gt;&gt;</a>&nbsp;&nbsp;&nbsp;del_period_interface
<LI><a href="#[12b]">&gt;&gt;</a>&nbsp;&nbsp;&nbsp;dayflash_Interface
<LI><a href="#[128]">&gt;&gt;</a>&nbsp;&nbsp;&nbsp;add_phase_update
<LI><a href="#[129]">&gt;&gt;</a>&nbsp;&nbsp;&nbsp;add_phase_interface
<LI><a href="#[125]">&gt;&gt;</a>&nbsp;&nbsp;&nbsp;add_period_interface
<LI><a href="#[10c]">&gt;&gt;</a>&nbsp;&nbsp;&nbsp;Set_FlashAllowence_Interface
<LI><a href="#[6b]">&gt;&gt;</a>&nbsp;&nbsp;&nbsp;RTC_SetDate_Init
<LI><a href="#[6a]">&gt;&gt;</a>&nbsp;&nbsp;&nbsp;RTC_SetDate
<LI><a href="#[cb]">&gt;&gt;</a>&nbsp;&nbsp;&nbsp;Menu_Lock
<LI><a href="#[ca]">&gt;&gt;</a>&nbsp;&nbsp;&nbsp;MenuLock_init
<LI><a href="#[d9]">&gt;&gt;</a>&nbsp;&nbsp;&nbsp;ManualMode_TimePhase_interface
<LI><a href="#[d7]">&gt;&gt;</a>&nbsp;&nbsp;&nbsp;ManualMode_TimePhase
<LI><a href="#[d6]">&gt;&gt;</a>&nbsp;&nbsp;&nbsp;ManualMode_CutDown_interfaceinit
<LI><a href="#[c9]">&gt;&gt;</a>&nbsp;&nbsp;&nbsp;LED_Check_interfaceinit
<LI><a href="#[c6]">&gt;&gt;</a>&nbsp;&nbsp;&nbsp;LED_Check
<LI><a href="#[a7]">&gt;&gt;</a>&nbsp;&nbsp;&nbsp;LCD_WriteREG
<LI><a href="#[a6]">&gt;&gt;</a>&nbsp;&nbsp;&nbsp;LCD_ReadREG
<LI><a href="#[54]">&gt;&gt;</a>&nbsp;&nbsp;&nbsp;LCD_LedGPIO_Init
<LI><a href="#[53]">&gt;&gt;</a>&nbsp;&nbsp;&nbsp;LCD_LedGPIO
<LI><a href="#[ae]">&gt;&gt;</a>&nbsp;&nbsp;&nbsp;LCD_DisplayMainPannel
<LI><a href="#[6d]">&gt;&gt;</a>&nbsp;&nbsp;&nbsp;DayNight_PeriodofTime_Init
<LI><a href="#[6c]">&gt;&gt;</a>&nbsp;&nbsp;&nbsp;DayNight_PeriodofTime
</UL>

<P><STRONG><a name="[90]"></a>EXTI_Init</STRONG> (Thumb, 160 bytes, Stack size 0 bytes, stm32f10x_exti.o(i.EXTI_Init))
<BR><BR>[Called By]<UL><LI><a href="#[8f]">&gt;&gt;</a>&nbsp;&nbsp;&nbsp;EXTI_Config
</UL>

<P><STRONG><a name="[e0]"></a>FlashMenu_Init</STRONG> (Thumb, 150 bytes, Stack size 0 bytes, menu_resource.o(i.FlashMenu_Init))
<BR><BR>[Called By]<UL><LI><a href="#[db]">&gt;&gt;</a>&nbsp;&nbsp;&nbsp;Menu_Init
</UL>

<P><STRONG><a name="[91]"></a>GPIO_Config</STRONG> (Thumb, 224 bytes, Stack size 8 bytes, sys_config.o(i.GPIO_Config))
<BR><BR>[Stack]<UL><LI>Max Depth = 32<LI>Call Chain = GPIO_Config &rArr; GPIO_Init
</UL>
<BR>[Calls]<UL><LI><a href="#[92]">&gt;&gt;</a>&nbsp;&nbsp;&nbsp;GPIO_Init
</UL>
<BR>[Called By]<UL><LI><a href="#[46]">&gt;&gt;</a>&nbsp;&nbsp;&nbsp;main
</UL>

<P><STRONG><a name="[92]"></a>GPIO_Init</STRONG> (Thumb, 274 bytes, Stack size 24 bytes, stm32f10x_gpio.o(i.GPIO_Init))
<BR><BR>[Stack]<UL><LI>Max Depth = 24<LI>Call Chain = GPIO_Init
</UL>
<BR>[Called By]<UL><LI><a href="#[91]">&gt;&gt;</a>&nbsp;&nbsp;&nbsp;GPIO_Config
<LI><a href="#[b2]">&gt;&gt;</a>&nbsp;&nbsp;&nbsp;LCD_ReadData
</UL>

<P><STRONG><a name="[93]"></a>GPIO_Initial</STRONG> (Thumb, 48 bytes, Stack size 8 bytes, sys_config.o(i.GPIO_Initial))
<BR><BR>[Stack]<UL><LI>Max Depth = 8<LI>Call Chain = GPIO_Initial
</UL>
<BR>[Calls]<UL><LI><a href="#[7d]">&gt;&gt;</a>&nbsp;&nbsp;&nbsp;delay_100ns
<LI><a href="#[7b]">&gt;&gt;</a>&nbsp;&nbsp;&nbsp;GPIO_SetBits
<LI><a href="#[7c]">&gt;&gt;</a>&nbsp;&nbsp;&nbsp;GPIO_ResetBits
</UL>
<BR>[Called By]<UL><LI><a href="#[46]">&gt;&gt;</a>&nbsp;&nbsp;&nbsp;main
</UL>

<P><STRONG><a name="[bf]"></a>GPIO_ReadInputData</STRONG> (Thumb, 8 bytes, Stack size 0 bytes, stm32f10x_gpio.o(i.GPIO_ReadInputData))
<BR><BR>[Called By]<UL><LI><a href="#[b2]">&gt;&gt;</a>&nbsp;&nbsp;&nbsp;LCD_ReadData
<LI><a href="#[40]">&gt;&gt;</a>&nbsp;&nbsp;&nbsp;TIM6_IRQHandler
</UL>

<P><STRONG><a name="[be]"></a>GPIO_ReadInputDataBit</STRONG> (Thumb, 18 bytes, Stack size 0 bytes, stm32f10x_gpio.o(i.GPIO_ReadInputDataBit))
<BR><BR>[Called By]<UL><LI><a href="#[8b]">&gt;&gt;</a>&nbsp;&nbsp;&nbsp;LCD_WriteData
<LI><a href="#[8a]">&gt;&gt;</a>&nbsp;&nbsp;&nbsp;LCD_WriteCommand
<LI><a href="#[b2]">&gt;&gt;</a>&nbsp;&nbsp;&nbsp;LCD_ReadData
</UL>

<P><STRONG><a name="[c4]"></a>GPIO_ReadOutputData</STRONG> (Thumb, 8 bytes, Stack size 0 bytes, stm32f10x_gpio.o(i.GPIO_ReadOutputData))
<BR><BR>[Called By]<UL><LI><a href="#[8b]">&gt;&gt;</a>&nbsp;&nbsp;&nbsp;LCD_WriteData
<LI><a href="#[8a]">&gt;&gt;</a>&nbsp;&nbsp;&nbsp;LCD_WriteCommand
</UL>

<P><STRONG><a name="[102]"></a>GPIO_ReadOutputDataBit</STRONG> (Thumb, 18 bytes, Stack size 0 bytes, stm32f10x_gpio.o(i.GPIO_ReadOutputDataBit))
<BR><BR>[Called By]<UL><LI><a href="#[d]">&gt;&gt;</a>&nbsp;&nbsp;&nbsp;RTC_IRQHandler
</UL>

<P><STRONG><a name="[7c]"></a>GPIO_ResetBits</STRONG> (Thumb, 4 bytes, Stack size 0 bytes, stm32f10x_gpio.o(i.GPIO_ResetBits))
<BR><BR>[Called By]<UL><LI><a href="#[78]">&gt;&gt;</a>&nbsp;&nbsp;&nbsp;CrossWay_LED_Display
<LI><a href="#[93]">&gt;&gt;</a>&nbsp;&nbsp;&nbsp;GPIO_Initial
<LI><a href="#[c6]">&gt;&gt;</a>&nbsp;&nbsp;&nbsp;LED_Check
<LI><a href="#[8b]">&gt;&gt;</a>&nbsp;&nbsp;&nbsp;LCD_WriteData
<LI><a href="#[8a]">&gt;&gt;</a>&nbsp;&nbsp;&nbsp;LCD_WriteCommand
<LI><a href="#[b7]">&gt;&gt;</a>&nbsp;&nbsp;&nbsp;LCD_Reset
<LI><a href="#[b2]">&gt;&gt;</a>&nbsp;&nbsp;&nbsp;LCD_ReadData
</UL>

<P><STRONG><a name="[7b]"></a>GPIO_SetBits</STRONG> (Thumb, 4 bytes, Stack size 0 bytes, stm32f10x_gpio.o(i.GPIO_SetBits))
<BR><BR>[Called By]<UL><LI><a href="#[78]">&gt;&gt;</a>&nbsp;&nbsp;&nbsp;CrossWay_LED_Display
<LI><a href="#[93]">&gt;&gt;</a>&nbsp;&nbsp;&nbsp;GPIO_Initial
<LI><a href="#[c6]">&gt;&gt;</a>&nbsp;&nbsp;&nbsp;LED_Check
<LI><a href="#[8b]">&gt;&gt;</a>&nbsp;&nbsp;&nbsp;LCD_WriteData
<LI><a href="#[8a]">&gt;&gt;</a>&nbsp;&nbsp;&nbsp;LCD_WriteCommand
<LI><a href="#[b7]">&gt;&gt;</a>&nbsp;&nbsp;&nbsp;LCD_Reset
<LI><a href="#[b2]">&gt;&gt;</a>&nbsp;&nbsp;&nbsp;LCD_ReadData
</UL>

<P><STRONG><a name="[c5]"></a>GPIO_Write</STRONG> (Thumb, 4 bytes, Stack size 0 bytes, stm32f10x_gpio.o(i.GPIO_Write))
<BR><BR>[Called By]<UL><LI><a href="#[c6]">&gt;&gt;</a>&nbsp;&nbsp;&nbsp;LED_Check
<LI><a href="#[8b]">&gt;&gt;</a>&nbsp;&nbsp;&nbsp;LCD_WriteData
<LI><a href="#[8a]">&gt;&gt;</a>&nbsp;&nbsp;&nbsp;LCD_WriteCommand
</UL>

<P><STRONG><a name="[103]"></a>GPIO_WriteBit</STRONG> (Thumb, 10 bytes, Stack size 0 bytes, stm32f10x_gpio.o(i.GPIO_WriteBit))
<BR><BR>[Called By]<UL><LI><a href="#[d]">&gt;&gt;</a>&nbsp;&nbsp;&nbsp;RTC_IRQHandler
</UL>

<P><STRONG><a name="[d2]"></a>Get_CurrentTime</STRONG> (Thumb, 30 bytes, Stack size 0 bytes, time_op.o(i.Get_CurrentTime))
<BR><BR>[Called By]<UL><LI><a href="#[d1]">&gt;&gt;</a>&nbsp;&nbsp;&nbsp;LED_Init
</UL>

<P><STRONG><a name="[94]"></a>Get_Schedule</STRONG> (Thumb, 502 bytes, Stack size 8 bytes, e2prom_op.o(i.Get_Schedule))
<BR><BR>[Stack]<UL><LI>Max Depth = 48<LI>Call Chain = Get_Schedule &rArr; e2prom_read_bytes &rArr; I2C_CheckEvent
</UL>
<BR>[Calls]<UL><LI><a href="#[95]">&gt;&gt;</a>&nbsp;&nbsp;&nbsp;e2prom_read_bytes
</UL>
<BR>[Called By]<UL><LI><a href="#[46]">&gt;&gt;</a>&nbsp;&nbsp;&nbsp;main
</UL>

<P><STRONG><a name="[2]"></a>HardFault_Handler</STRONG> (Thumb, 4 bytes, Stack size 0 bytes, stm32f10x_it.o(i.HardFault_Handler))
<BR>[Address Reference Count : 1]<UL><LI> startup_stm32f10x_hd.o(RESET)
</UL>
<P><STRONG><a name="[96]"></a>I2C1_Config</STRONG> (Thumb, 64 bytes, Stack size 24 bytes, sys_config.o(i.I2C1_Config))
<BR><BR>[Stack]<UL><LI>Max Depth = 84<LI>Call Chain = I2C1_Config &rArr; I2C_Init &rArr; RCC_GetClocksFreq
</UL>
<BR>[Calls]<UL><LI><a href="#[98]">&gt;&gt;</a>&nbsp;&nbsp;&nbsp;I2C_Init
<LI><a href="#[97]">&gt;&gt;</a>&nbsp;&nbsp;&nbsp;I2C_DeInit
<LI><a href="#[99]">&gt;&gt;</a>&nbsp;&nbsp;&nbsp;I2C_Cmd
</UL>
<BR>[Called By]<UL><LI><a href="#[46]">&gt;&gt;</a>&nbsp;&nbsp;&nbsp;main
</UL>

<P><STRONG><a name="[138]"></a>I2C_AcknowledgeConfig</STRONG> (Thumb, 24 bytes, Stack size 0 bytes, stm32f10x_i2c.o(i.I2C_AcknowledgeConfig))
<BR><BR>[Called By]<UL><LI><a href="#[95]">&gt;&gt;</a>&nbsp;&nbsp;&nbsp;e2prom_read_bytes
</UL>

<P><STRONG><a name="[134]"></a>I2C_CheckEvent</STRONG> (Thumb, 42 bytes, Stack size 16 bytes, stm32f10x_i2c.o(i.I2C_CheckEvent))
<BR><BR>[Stack]<UL><LI>Max Depth = 16<LI>Call Chain = I2C_CheckEvent
</UL>
<BR>[Called By]<UL><LI><a href="#[95]">&gt;&gt;</a>&nbsp;&nbsp;&nbsp;e2prom_read_bytes
</UL>

<P><STRONG><a name="[99]"></a>I2C_Cmd</STRONG> (Thumb, 24 bytes, Stack size 0 bytes, stm32f10x_i2c.o(i.I2C_Cmd))
<BR><BR>[Called By]<UL><LI><a href="#[96]">&gt;&gt;</a>&nbsp;&nbsp;&nbsp;I2C1_Config
</UL>

<P><STRONG><a name="[97]"></a>I2C_DeInit</STRONG> (Thumb, 50 bytes, Stack size 8 bytes, stm32f10x_i2c.o(i.I2C_DeInit))
<BR><BR>[Stack]<UL><LI>Max Depth = 8<LI>Call Chain = I2C_DeInit
</UL>
<BR>[Calls]<UL><LI><a href="#[9a]">&gt;&gt;</a>&nbsp;&nbsp;&nbsp;RCC_APB1PeriphResetCmd
</UL>
<BR>[Called By]<UL><LI><a href="#[96]">&gt;&gt;</a>&nbsp;&nbsp;&nbsp;I2C1_Config
</UL>

<P><STRONG><a name="[133]"></a>I2C_GenerateSTART</STRONG> (Thumb, 24 bytes, Stack size 0 bytes, stm32f10x_i2c.o(i.I2C_GenerateSTART))
<BR><BR>[Called By]<UL><LI><a href="#[95]">&gt;&gt;</a>&nbsp;&nbsp;&nbsp;e2prom_read_bytes
</UL>

<P><STRONG><a name="[139]"></a>I2C_GenerateSTOP</STRONG> (Thumb, 24 bytes, Stack size 0 bytes, stm32f10x_i2c.o(i.I2C_GenerateSTOP))
<BR><BR>[Called By]<UL><LI><a href="#[95]">&gt;&gt;</a>&nbsp;&nbsp;&nbsp;e2prom_read_bytes
</UL>

<P><STRONG><a name="[132]"></a>I2C_GetFlagStatus</STRONG> (Thumb, 42 bytes, Stack size 12 bytes, stm32f10x_i2c.o(i.I2C_GetFlagStatus))
<BR><BR>[Stack]<UL><LI>Max Depth = 12<LI>Call Chain = I2C_GetFlagStatus
</UL>
<BR>[Called By]<UL><LI><a href="#[95]">&gt;&gt;</a>&nbsp;&nbsp;&nbsp;e2prom_read_bytes
</UL>

<P><STRONG><a name="[98]"></a>I2C_Init</STRONG> (Thumb, 222 bytes, Stack size 48 bytes, stm32f10x_i2c.o(i.I2C_Init))
<BR><BR>[Stack]<UL><LI>Max Depth = 60<LI>Call Chain = I2C_Init &rArr; RCC_GetClocksFreq
</UL>
<BR>[Calls]<UL><LI><a href="#[9b]">&gt;&gt;</a>&nbsp;&nbsp;&nbsp;RCC_GetClocksFreq
</UL>
<BR>[Called By]<UL><LI><a href="#[96]">&gt;&gt;</a>&nbsp;&nbsp;&nbsp;I2C1_Config
</UL>

<P><STRONG><a name="[137]"></a>I2C_ReceiveData</STRONG> (Thumb, 8 bytes, Stack size 0 bytes, stm32f10x_i2c.o(i.I2C_ReceiveData))
<BR><BR>[Called By]<UL><LI><a href="#[95]">&gt;&gt;</a>&nbsp;&nbsp;&nbsp;e2prom_read_bytes
</UL>

<P><STRONG><a name="[135]"></a>I2C_Send7bitAddress</STRONG> (Thumb, 18 bytes, Stack size 0 bytes, stm32f10x_i2c.o(i.I2C_Send7bitAddress))
<BR><BR>[Called By]<UL><LI><a href="#[95]">&gt;&gt;</a>&nbsp;&nbsp;&nbsp;e2prom_read_bytes
</UL>

<P><STRONG><a name="[136]"></a>I2C_SendData</STRONG> (Thumb, 4 bytes, Stack size 0 bytes, stm32f10x_i2c.o(i.I2C_SendData))
<BR><BR>[Called By]<UL><LI><a href="#[95]">&gt;&gt;</a>&nbsp;&nbsp;&nbsp;e2prom_read_bytes
</UL>

<P><STRONG><a name="[9c]"></a>KEY1_OP</STRONG> (Thumb, 58 bytes, Stack size 8 bytes, key_op.o(i.KEY1_OP))
<BR><BR>[Stack]<UL><LI>Max Depth = 112<LI>Call Chain = KEY1_OP &rArr; LCD_RefreshItem &rArr; LCD_WriteText2 &rArr; LCD_AccessLayer &rArr; LCD_ReadREG &rArr; LCD_ReadData &rArr; GPIO_Init
</UL>
<BR>[Calls]<UL><LI><a href="#[9d]">&gt;&gt;</a>&nbsp;&nbsp;&nbsp;LCD_RefreshItem
<LI><a href="#[9e]">&gt;&gt;</a>&nbsp;&nbsp;&nbsp;LCD_NorItem
</UL>
<BR>[Called By]<UL><LI><a href="#[4f]">&gt;&gt;</a>&nbsp;&nbsp;&nbsp;menu_keywork_mode2
<LI><a href="#[55]">&gt;&gt;</a>&nbsp;&nbsp;&nbsp;menu_keywork_mode1
</UL>

<P><STRONG><a name="[9f]"></a>KEY2_OP</STRONG> (Thumb, 62 bytes, Stack size 8 bytes, key_op.o(i.KEY2_OP))
<BR><BR>[Stack]<UL><LI>Max Depth = 112<LI>Call Chain = KEY2_OP &rArr; LCD_RefreshItem &rArr; LCD_WriteText2 &rArr; LCD_AccessLayer &rArr; LCD_ReadREG &rArr; LCD_ReadData &rArr; GPIO_Init
</UL>
<BR>[Calls]<UL><LI><a href="#[9d]">&gt;&gt;</a>&nbsp;&nbsp;&nbsp;LCD_RefreshItem
<LI><a href="#[9e]">&gt;&gt;</a>&nbsp;&nbsp;&nbsp;LCD_NorItem
</UL>
<BR>[Called By]<UL><LI><a href="#[4f]">&gt;&gt;</a>&nbsp;&nbsp;&nbsp;menu_keywork_mode2
<LI><a href="#[55]">&gt;&gt;</a>&nbsp;&nbsp;&nbsp;menu_keywork_mode1
</UL>

<P><STRONG><a name="[a0]"></a>KEY3_OP</STRONG> (Thumb, 54 bytes, Stack size 8 bytes, key_op.o(i.KEY3_OP))
<BR><BR>[Stack]<UL><LI>Max Depth = 112<LI>Call Chain = KEY3_OP &rArr; LCD_RefreshItem &rArr; LCD_WriteText2 &rArr; LCD_AccessLayer &rArr; LCD_ReadREG &rArr; LCD_ReadData &rArr; GPIO_Init
</UL>
<BR>[Calls]<UL><LI><a href="#[9d]">&gt;&gt;</a>&nbsp;&nbsp;&nbsp;LCD_RefreshItem
<LI><a href="#[9e]">&gt;&gt;</a>&nbsp;&nbsp;&nbsp;LCD_NorItem
</UL>
<BR>[Called By]<UL><LI><a href="#[55]">&gt;&gt;</a>&nbsp;&nbsp;&nbsp;menu_keywork_mode1
</UL>

<P><STRONG><a name="[a1]"></a>KEY4_OP</STRONG> (Thumb, 78 bytes, Stack size 8 bytes, key_op.o(i.KEY4_OP))
<BR><BR>[Stack]<UL><LI>Max Depth = 112<LI>Call Chain = KEY4_OP &rArr; LCD_RefreshItem &rArr; LCD_WriteText2 &rArr; LCD_AccessLayer &rArr; LCD_ReadREG &rArr; LCD_ReadData &rArr; GPIO_Init
</UL>
<BR>[Calls]<UL><LI><a href="#[9d]">&gt;&gt;</a>&nbsp;&nbsp;&nbsp;LCD_RefreshItem
<LI><a href="#[9e]">&gt;&gt;</a>&nbsp;&nbsp;&nbsp;LCD_NorItem
</UL>
<BR>[Called By]<UL><LI><a href="#[55]">&gt;&gt;</a>&nbsp;&nbsp;&nbsp;menu_keywork_mode1
</UL>

<P><STRONG><a name="[a2]"></a>KEY5_OP</STRONG> (Thumb, 170 bytes, Stack size 8 bytes, key_op.o(i.KEY5_OP))
<BR><BR>[Stack]<UL><LI>Max Depth = 88<LI>Call Chain = KEY5_OP &rArr; LCD_ClearMenuText &rArr; LCD_ClearAppWindow &rArr; LCD_PicsMode &rArr; LCD_ReadREG &rArr; LCD_ReadData &rArr; GPIO_Init
</UL>
<BR>[Calls]<UL><LI><a href="#[82]">&gt;&gt;</a>&nbsp;&nbsp;&nbsp;LCD_ClearMenuText
<LI><a href="#[a3]">&gt;&gt;</a>&nbsp;&nbsp;&nbsp;LCD_ClearMenuForm
</UL>
<BR>[Called By]<UL><LI><a href="#[4f]">&gt;&gt;</a>&nbsp;&nbsp;&nbsp;menu_keywork_mode2
<LI><a href="#[55]">&gt;&gt;</a>&nbsp;&nbsp;&nbsp;menu_keywork_mode1
</UL>

<P><STRONG><a name="[a4]"></a>KEY6_OP</STRONG> (Thumb, 68 bytes, Stack size 8 bytes, key_op.o(i.KEY6_OP))
<BR><BR>[Stack]<UL><LI>Max Depth = 88<LI>Call Chain = KEY6_OP &rArr; LCD_ClearMenuText &rArr; LCD_ClearAppWindow &rArr; LCD_PicsMode &rArr; LCD_ReadREG &rArr; LCD_ReadData &rArr; GPIO_Init
</UL>
<BR>[Calls]<UL><LI><a href="#[82]">&gt;&gt;</a>&nbsp;&nbsp;&nbsp;LCD_ClearMenuText
<LI><a href="#[a3]">&gt;&gt;</a>&nbsp;&nbsp;&nbsp;LCD_ClearMenuForm
</UL>
<BR>[Called By]<UL><LI><a href="#[4f]">&gt;&gt;</a>&nbsp;&nbsp;&nbsp;menu_keywork_mode2
<LI><a href="#[55]">&gt;&gt;</a>&nbsp;&nbsp;&nbsp;menu_keywork_mode1
</UL>

<P><STRONG><a name="[80]"></a>KEY_PressMinus</STRONG> (Thumb, 56 bytes, Stack size 0 bytes, key_op.o(i.KEY_PressMinus))
<BR><BR>[Called By]<UL><LI><a href="#[4f]">&gt;&gt;</a>&nbsp;&nbsp;&nbsp;menu_keywork_mode2
<LI><a href="#[55]">&gt;&gt;</a>&nbsp;&nbsp;&nbsp;menu_keywork_mode1
<LI><a href="#[141]">&gt;&gt;</a>&nbsp;&nbsp;&nbsp;set_phase
<LI><a href="#[13e]">&gt;&gt;</a>&nbsp;&nbsp;&nbsp;set_period
<LI><a href="#[12f]">&gt;&gt;</a>&nbsp;&nbsp;&nbsp;del_phase
<LI><a href="#[12c]">&gt;&gt;</a>&nbsp;&nbsp;&nbsp;del_period
<LI><a href="#[12a]">&gt;&gt;</a>&nbsp;&nbsp;&nbsp;dayflash
<LI><a href="#[127]">&gt;&gt;</a>&nbsp;&nbsp;&nbsp;add_phase
<LI><a href="#[124]">&gt;&gt;</a>&nbsp;&nbsp;&nbsp;add_period
<LI><a href="#[10a]">&gt;&gt;</a>&nbsp;&nbsp;&nbsp;Set_FlashAllowence
<LI><a href="#[6a]">&gt;&gt;</a>&nbsp;&nbsp;&nbsp;RTC_SetDate
<LI><a href="#[cb]">&gt;&gt;</a>&nbsp;&nbsp;&nbsp;Menu_Lock
<LI><a href="#[d7]">&gt;&gt;</a>&nbsp;&nbsp;&nbsp;ManualMode_TimePhase
<LI><a href="#[d5]">&gt;&gt;</a>&nbsp;&nbsp;&nbsp;ManualMode_CutDown
<LI><a href="#[c6]">&gt;&gt;</a>&nbsp;&nbsp;&nbsp;LED_Check
<LI><a href="#[53]">&gt;&gt;</a>&nbsp;&nbsp;&nbsp;LCD_LedGPIO
<LI><a href="#[6c]">&gt;&gt;</a>&nbsp;&nbsp;&nbsp;DayNight_PeriodofTime
</UL>

<P><STRONG><a name="[a5]"></a>LCD_AccessLayer</STRONG> (Thumb, 34 bytes, Stack size 16 bytes, ra8806_ctrl.o(i.LCD_AccessLayer))
<BR><BR>[Stack]<UL><LI>Max Depth = 72<LI>Call Chain = LCD_AccessLayer &rArr; LCD_ReadREG &rArr; LCD_ReadData &rArr; GPIO_Init
</UL>
<BR>[Calls]<UL><LI><a href="#[7d]">&gt;&gt;</a>&nbsp;&nbsp;&nbsp;delay_100ns
<LI><a href="#[a7]">&gt;&gt;</a>&nbsp;&nbsp;&nbsp;LCD_WriteREG
<LI><a href="#[a6]">&gt;&gt;</a>&nbsp;&nbsp;&nbsp;LCD_ReadREG
</UL>
<BR>[Called By]<UL><LI><a href="#[86]">&gt;&gt;</a>&nbsp;&nbsp;&nbsp;LCD_WriteText2
<LI><a href="#[b1]">&gt;&gt;</a>&nbsp;&nbsp;&nbsp;LCD_WriteText1
<LI><a href="#[af]">&gt;&gt;</a>&nbsp;&nbsp;&nbsp;LCD_DrawForm
<LI><a href="#[82]">&gt;&gt;</a>&nbsp;&nbsp;&nbsp;LCD_ClearMenuText
<LI><a href="#[a3]">&gt;&gt;</a>&nbsp;&nbsp;&nbsp;LCD_ClearMenuForm
<LI><a href="#[52]">&gt;&gt;</a>&nbsp;&nbsp;&nbsp;disp_help2
<LI><a href="#[57]">&gt;&gt;</a>&nbsp;&nbsp;&nbsp;disp_help1
<LI><a href="#[50]">&gt;&gt;</a>&nbsp;&nbsp;&nbsp;disp_frame2
<LI><a href="#[b6]">&gt;&gt;</a>&nbsp;&nbsp;&nbsp;LCD_Init
<LI><a href="#[bc]">&gt;&gt;</a>&nbsp;&nbsp;&nbsp;keyfunction_help
<LI><a href="#[bb]">&gt;&gt;</a>&nbsp;&nbsp;&nbsp;keyfunction_clear_help
<LI><a href="#[cb]">&gt;&gt;</a>&nbsp;&nbsp;&nbsp;Menu_Lock
<LI><a href="#[c3]">&gt;&gt;</a>&nbsp;&nbsp;&nbsp;LCD_WriteWordFromCGRAM
<LI><a href="#[b0]">&gt;&gt;</a>&nbsp;&nbsp;&nbsp;LCD_WriteChar2
<LI><a href="#[c2]">&gt;&gt;</a>&nbsp;&nbsp;&nbsp;LCD_WriteChar1
<LI><a href="#[b3]">&gt;&gt;</a>&nbsp;&nbsp;&nbsp;LCD_DrawRectangle
<LI><a href="#[ae]">&gt;&gt;</a>&nbsp;&nbsp;&nbsp;LCD_DisplayMainPannel
<LI><a href="#[ac]">&gt;&gt;</a>&nbsp;&nbsp;&nbsp;LCD_ClearItemText
<LI><a href="#[85]">&gt;&gt;</a>&nbsp;&nbsp;&nbsp;LCD_ClearItemAllText
</UL>

<P><STRONG><a name="[a8]"></a>LCD_CGRAM_CreatWord</STRONG> (Thumb, 106 bytes, Stack size 32 bytes, ra8806_ctrl.o(i.LCD_CGRAM_CreatWord))
<BR><BR>[Stack]<UL><LI>Max Depth = 88<LI>Call Chain = LCD_CGRAM_CreatWord &rArr; LCD_ReadREG &rArr; LCD_ReadData &rArr; GPIO_Init
</UL>
<BR>[Calls]<UL><LI><a href="#[a7]">&gt;&gt;</a>&nbsp;&nbsp;&nbsp;LCD_WriteREG
<LI><a href="#[8b]">&gt;&gt;</a>&nbsp;&nbsp;&nbsp;LCD_WriteData
<LI><a href="#[8a]">&gt;&gt;</a>&nbsp;&nbsp;&nbsp;LCD_WriteCommand
<LI><a href="#[a6]">&gt;&gt;</a>&nbsp;&nbsp;&nbsp;LCD_ReadREG
</UL>
<BR>[Called By]<UL><LI><a href="#[b5]">&gt;&gt;</a>&nbsp;&nbsp;&nbsp;LCD_IconInit
</UL>

<P><STRONG><a name="[a9]"></a>LCD_ClearAppWindow</STRONG> (Thumb, 58 bytes, Stack size 8 bytes, ra8806_ctrl.o(i.LCD_ClearAppWindow))
<BR><BR>[Stack]<UL><LI>Max Depth = 72<LI>Call Chain = LCD_ClearAppWindow &rArr; LCD_PicsMode &rArr; LCD_ReadREG &rArr; LCD_ReadData &rArr; GPIO_Init
</UL>
<BR>[Calls]<UL><LI><a href="#[7d]">&gt;&gt;</a>&nbsp;&nbsp;&nbsp;delay_100ns
<LI><a href="#[a7]">&gt;&gt;</a>&nbsp;&nbsp;&nbsp;LCD_WriteREG
<LI><a href="#[a6]">&gt;&gt;</a>&nbsp;&nbsp;&nbsp;LCD_ReadREG
<LI><a href="#[aa]">&gt;&gt;</a>&nbsp;&nbsp;&nbsp;LCD_PicsMode
<LI><a href="#[ab]">&gt;&gt;</a>&nbsp;&nbsp;&nbsp;LCD_EliminateFlickerOFF
</UL>
<BR>[Called By]<UL><LI><a href="#[82]">&gt;&gt;</a>&nbsp;&nbsp;&nbsp;LCD_ClearMenuText
<LI><a href="#[a3]">&gt;&gt;</a>&nbsp;&nbsp;&nbsp;LCD_ClearMenuForm
<LI><a href="#[52]">&gt;&gt;</a>&nbsp;&nbsp;&nbsp;disp_help2
<LI><a href="#[57]">&gt;&gt;</a>&nbsp;&nbsp;&nbsp;disp_help1
<LI><a href="#[bb]">&gt;&gt;</a>&nbsp;&nbsp;&nbsp;keyfunction_clear_help
<LI><a href="#[cb]">&gt;&gt;</a>&nbsp;&nbsp;&nbsp;Menu_Lock
<LI><a href="#[ca]">&gt;&gt;</a>&nbsp;&nbsp;&nbsp;MenuLock_init
<LI><a href="#[ae]">&gt;&gt;</a>&nbsp;&nbsp;&nbsp;LCD_DisplayMainPannel
<LI><a href="#[ac]">&gt;&gt;</a>&nbsp;&nbsp;&nbsp;LCD_ClearItemText
<LI><a href="#[85]">&gt;&gt;</a>&nbsp;&nbsp;&nbsp;LCD_ClearItemAllText
</UL>

<P><STRONG><a name="[85]"></a>LCD_ClearItemAllText</STRONG> (Thumb, 26 bytes, Stack size 8 bytes, ra8806_ctrl.o(i.LCD_ClearItemAllText))
<BR><BR>[Stack]<UL><LI>Max Depth = 80<LI>Call Chain = LCD_ClearItemAllText &rArr; LCD_ClearAppWindow &rArr; LCD_PicsMode &rArr; LCD_ReadREG &rArr; LCD_ReadData &rArr; GPIO_Init
</UL>
<BR>[Calls]<UL><LI><a href="#[87]">&gt;&gt;</a>&nbsp;&nbsp;&nbsp;LCD_SetAppwindow
<LI><a href="#[a9]">&gt;&gt;</a>&nbsp;&nbsp;&nbsp;LCD_ClearAppWindow
<LI><a href="#[a5]">&gt;&gt;</a>&nbsp;&nbsp;&nbsp;LCD_AccessLayer
</UL>
<BR>[Called By]<UL><LI><a href="#[143]">&gt;&gt;</a>&nbsp;&nbsp;&nbsp;set_phase_interface
<LI><a href="#[140]">&gt;&gt;</a>&nbsp;&nbsp;&nbsp;set_period_interface
<LI><a href="#[13d]">&gt;&gt;</a>&nbsp;&nbsp;&nbsp;nightflash_Interface
<LI><a href="#[131]">&gt;&gt;</a>&nbsp;&nbsp;&nbsp;del_phase_interface
<LI><a href="#[12e]">&gt;&gt;</a>&nbsp;&nbsp;&nbsp;del_period_interface
<LI><a href="#[12b]">&gt;&gt;</a>&nbsp;&nbsp;&nbsp;dayflash_Interface
<LI><a href="#[129]">&gt;&gt;</a>&nbsp;&nbsp;&nbsp;add_phase_interface
<LI><a href="#[125]">&gt;&gt;</a>&nbsp;&nbsp;&nbsp;add_period_interface
<LI><a href="#[10c]">&gt;&gt;</a>&nbsp;&nbsp;&nbsp;Set_FlashAllowence_Interface
<LI><a href="#[6b]">&gt;&gt;</a>&nbsp;&nbsp;&nbsp;RTC_SetDate_Init
<LI><a href="#[54]">&gt;&gt;</a>&nbsp;&nbsp;&nbsp;LCD_LedGPIO_Init
<LI><a href="#[6d]">&gt;&gt;</a>&nbsp;&nbsp;&nbsp;DayNight_PeriodofTime_Init
</UL>

<P><STRONG><a name="[ac]"></a>LCD_ClearItemText</STRONG> (Thumb, 26 bytes, Stack size 8 bytes, ra8806_ctrl.o(i.LCD_ClearItemText))
<BR><BR>[Stack]<UL><LI>Max Depth = 80<LI>Call Chain = LCD_ClearItemText &rArr; LCD_ClearAppWindow &rArr; LCD_PicsMode &rArr; LCD_ReadREG &rArr; LCD_ReadData &rArr; GPIO_Init
</UL>
<BR>[Calls]<UL><LI><a href="#[87]">&gt;&gt;</a>&nbsp;&nbsp;&nbsp;LCD_SetAppwindow
<LI><a href="#[a9]">&gt;&gt;</a>&nbsp;&nbsp;&nbsp;LCD_ClearAppWindow
<LI><a href="#[a5]">&gt;&gt;</a>&nbsp;&nbsp;&nbsp;LCD_AccessLayer
</UL>
<BR>[Called By]<UL><LI><a href="#[ca]">&gt;&gt;</a>&nbsp;&nbsp;&nbsp;MenuLock_init
<LI><a href="#[d9]">&gt;&gt;</a>&nbsp;&nbsp;&nbsp;ManualMode_TimePhase_interface
<LI><a href="#[d6]">&gt;&gt;</a>&nbsp;&nbsp;&nbsp;ManualMode_CutDown_interfaceinit
<LI><a href="#[c9]">&gt;&gt;</a>&nbsp;&nbsp;&nbsp;LED_Check_interfaceinit
</UL>

<P><STRONG><a name="[a3]"></a>LCD_ClearMenuForm</STRONG> (Thumb, 26 bytes, Stack size 8 bytes, ra8806_ctrl.o(i.LCD_ClearMenuForm))
<BR><BR>[Stack]<UL><LI>Max Depth = 80<LI>Call Chain = LCD_ClearMenuForm &rArr; LCD_ClearAppWindow &rArr; LCD_PicsMode &rArr; LCD_ReadREG &rArr; LCD_ReadData &rArr; GPIO_Init
</UL>
<BR>[Calls]<UL><LI><a href="#[87]">&gt;&gt;</a>&nbsp;&nbsp;&nbsp;LCD_SetAppwindow
<LI><a href="#[a9]">&gt;&gt;</a>&nbsp;&nbsp;&nbsp;LCD_ClearAppWindow
<LI><a href="#[a5]">&gt;&gt;</a>&nbsp;&nbsp;&nbsp;LCD_AccessLayer
</UL>
<BR>[Called By]<UL><LI><a href="#[a4]">&gt;&gt;</a>&nbsp;&nbsp;&nbsp;KEY6_OP
<LI><a href="#[a2]">&gt;&gt;</a>&nbsp;&nbsp;&nbsp;KEY5_OP
</UL>

<P><STRONG><a name="[82]"></a>LCD_ClearMenuText</STRONG> (Thumb, 26 bytes, Stack size 8 bytes, ra8806_ctrl.o(i.LCD_ClearMenuText))
<BR><BR>[Stack]<UL><LI>Max Depth = 80<LI>Call Chain = LCD_ClearMenuText &rArr; LCD_ClearAppWindow &rArr; LCD_PicsMode &rArr; LCD_ReadREG &rArr; LCD_ReadData &rArr; GPIO_Init
</UL>
<BR>[Calls]<UL><LI><a href="#[87]">&gt;&gt;</a>&nbsp;&nbsp;&nbsp;LCD_SetAppwindow
<LI><a href="#[a9]">&gt;&gt;</a>&nbsp;&nbsp;&nbsp;LCD_ClearAppWindow
<LI><a href="#[a5]">&gt;&gt;</a>&nbsp;&nbsp;&nbsp;LCD_AccessLayer
</UL>
<BR>[Called By]<UL><LI><a href="#[a4]">&gt;&gt;</a>&nbsp;&nbsp;&nbsp;KEY6_OP
<LI><a href="#[a2]">&gt;&gt;</a>&nbsp;&nbsp;&nbsp;KEY5_OP
<LI><a href="#[68]">&gt;&gt;</a>&nbsp;&nbsp;&nbsp;set_phase_main
<LI><a href="#[62]">&gt;&gt;</a>&nbsp;&nbsp;&nbsp;set_period_main
<LI><a href="#[4d]">&gt;&gt;</a>&nbsp;&nbsp;&nbsp;nightflash_main
<LI><a href="#[49]">&gt;&gt;</a>&nbsp;&nbsp;&nbsp;flash_allowed_main
<LI><a href="#[66]">&gt;&gt;</a>&nbsp;&nbsp;&nbsp;del_phase_main
<LI><a href="#[60]">&gt;&gt;</a>&nbsp;&nbsp;&nbsp;del_period_main
<LI><a href="#[4b]">&gt;&gt;</a>&nbsp;&nbsp;&nbsp;dayflash_main
<LI><a href="#[64]">&gt;&gt;</a>&nbsp;&nbsp;&nbsp;add_phase_main
<LI><a href="#[5e]">&gt;&gt;</a>&nbsp;&nbsp;&nbsp;add_period_main
<LI><a href="#[6a]">&gt;&gt;</a>&nbsp;&nbsp;&nbsp;RTC_SetDate
<LI><a href="#[5a]">&gt;&gt;</a>&nbsp;&nbsp;&nbsp;ManualMode_TimePhase_main
<LI><a href="#[58]">&gt;&gt;</a>&nbsp;&nbsp;&nbsp;ManualMode_CutDown_main
<LI><a href="#[d5]">&gt;&gt;</a>&nbsp;&nbsp;&nbsp;ManualMode_CutDown
<LI><a href="#[5c]">&gt;&gt;</a>&nbsp;&nbsp;&nbsp;LED_Check_main
<LI><a href="#[53]">&gt;&gt;</a>&nbsp;&nbsp;&nbsp;LCD_LedGPIO
<LI><a href="#[6c]">&gt;&gt;</a>&nbsp;&nbsp;&nbsp;DayNight_PeriodofTime
</UL>

<P><STRONG><a name="[ad]"></a>LCD_DDRAMs_ShowRule</STRONG> (Thumb, 28 bytes, Stack size 16 bytes, ra8806_ctrl.o(i.LCD_DDRAMs_ShowRule))
<BR><BR>[Stack]<UL><LI>Max Depth = 72<LI>Call Chain = LCD_DDRAMs_ShowRule &rArr; LCD_ReadREG &rArr; LCD_ReadData &rArr; GPIO_Init
</UL>
<BR>[Calls]<UL><LI><a href="#[a7]">&gt;&gt;</a>&nbsp;&nbsp;&nbsp;LCD_WriteREG
<LI><a href="#[a6]">&gt;&gt;</a>&nbsp;&nbsp;&nbsp;LCD_ReadREG
</UL>
<BR>[Called By]<UL><LI><a href="#[b6]">&gt;&gt;</a>&nbsp;&nbsp;&nbsp;LCD_Init
</UL>

<P><STRONG><a name="[ae]"></a>LCD_DisplayMainPannel</STRONG> (Thumb, 336 bytes, Stack size 16 bytes, ra8806_ctrl.o(i.LCD_DisplayMainPannel))
<BR><BR>[Stack]<UL><LI>Max Depth = 144<LI>Call Chain = LCD_DisplayMainPannel &rArr; LCD_DrawForm &rArr; LCD_AccessLayer &rArr; LCD_ReadREG &rArr; LCD_ReadData &rArr; GPIO_Init
</UL>
<BR>[Calls]<UL><LI><a href="#[86]">&gt;&gt;</a>&nbsp;&nbsp;&nbsp;LCD_WriteText2
<LI><a href="#[b1]">&gt;&gt;</a>&nbsp;&nbsp;&nbsp;LCD_WriteText1
<LI><a href="#[87]">&gt;&gt;</a>&nbsp;&nbsp;&nbsp;LCD_SetAppwindow
<LI><a href="#[8c]">&gt;&gt;</a>&nbsp;&nbsp;&nbsp;LCD_NoInv
<LI><a href="#[88]">&gt;&gt;</a>&nbsp;&nbsp;&nbsp;LCD_Inv
<LI><a href="#[af]">&gt;&gt;</a>&nbsp;&nbsp;&nbsp;LCD_DrawForm
<LI><a href="#[a9]">&gt;&gt;</a>&nbsp;&nbsp;&nbsp;LCD_ClearAppWindow
<LI><a href="#[a5]">&gt;&gt;</a>&nbsp;&nbsp;&nbsp;LCD_AccessLayer
<LI><a href="#[84]">&gt;&gt;</a>&nbsp;&nbsp;&nbsp;EXTI_GenerateSWInterrupt
<LI><a href="#[b0]">&gt;&gt;</a>&nbsp;&nbsp;&nbsp;LCD_WriteChar2
</UL>
<BR>[Called By]<UL><LI><a href="#[ba]">&gt;&gt;</a>&nbsp;&nbsp;&nbsp;LCD_InterfaceInit
</UL>

<P><STRONG><a name="[af]"></a>LCD_DrawForm</STRONG> (Thumb, 198 bytes, Stack size 56 bytes, ra8806_ctrl.o(i.LCD_DrawForm))
<BR><BR>[Stack]<UL><LI>Max Depth = 128<LI>Call Chain = LCD_DrawForm &rArr; LCD_AccessLayer &rArr; LCD_ReadREG &rArr; LCD_ReadData &rArr; GPIO_Init
</UL>
<BR>[Calls]<UL><LI><a href="#[a5]">&gt;&gt;</a>&nbsp;&nbsp;&nbsp;LCD_AccessLayer
<LI><a href="#[7d]">&gt;&gt;</a>&nbsp;&nbsp;&nbsp;delay_100ns
<LI><a href="#[8b]">&gt;&gt;</a>&nbsp;&nbsp;&nbsp;LCD_WriteData
<LI><a href="#[8a]">&gt;&gt;</a>&nbsp;&nbsp;&nbsp;LCD_WriteCommand
<LI><a href="#[89]">&gt;&gt;</a>&nbsp;&nbsp;&nbsp;LCD_SetCursor
<LI><a href="#[b2]">&gt;&gt;</a>&nbsp;&nbsp;&nbsp;LCD_ReadData
<LI><a href="#[aa]">&gt;&gt;</a>&nbsp;&nbsp;&nbsp;LCD_PicsMode
</UL>
<BR>[Called By]<UL><LI><a href="#[50]">&gt;&gt;</a>&nbsp;&nbsp;&nbsp;disp_frame2
<LI><a href="#[56]">&gt;&gt;</a>&nbsp;&nbsp;&nbsp;disp_frame1
<LI><a href="#[ae]">&gt;&gt;</a>&nbsp;&nbsp;&nbsp;LCD_DisplayMainPannel
</UL>

<P><STRONG><a name="[b3]"></a>LCD_DrawRectangle</STRONG> (Thumb, 374 bytes, Stack size 32 bytes, ra8806_ctrl.o(i.LCD_DrawRectangle))
<BR><BR>[Stack]<UL><LI>Max Depth = 104<LI>Call Chain = LCD_DrawRectangle &rArr; LCD_AccessLayer &rArr; LCD_ReadREG &rArr; LCD_ReadData &rArr; GPIO_Init
</UL>
<BR>[Calls]<UL><LI><a href="#[a5]">&gt;&gt;</a>&nbsp;&nbsp;&nbsp;LCD_AccessLayer
<LI><a href="#[8b]">&gt;&gt;</a>&nbsp;&nbsp;&nbsp;LCD_WriteData
<LI><a href="#[8a]">&gt;&gt;</a>&nbsp;&nbsp;&nbsp;LCD_WriteCommand
<LI><a href="#[89]">&gt;&gt;</a>&nbsp;&nbsp;&nbsp;LCD_SetCursor
<LI><a href="#[b2]">&gt;&gt;</a>&nbsp;&nbsp;&nbsp;LCD_ReadData
<LI><a href="#[aa]">&gt;&gt;</a>&nbsp;&nbsp;&nbsp;LCD_PicsMode
</UL>
<BR>[Called By]<UL><LI><a href="#[ba]">&gt;&gt;</a>&nbsp;&nbsp;&nbsp;LCD_InterfaceInit
</UL>

<P><STRONG><a name="[ab]"></a>LCD_EliminateFlickerOFF</STRONG> (Thumb, 22 bytes, Stack size 8 bytes, ra8806_ctrl.o(i.LCD_EliminateFlickerOFF))
<BR><BR>[Stack]<UL><LI>Max Depth = 64<LI>Call Chain = LCD_EliminateFlickerOFF &rArr; LCD_ReadREG &rArr; LCD_ReadData &rArr; GPIO_Init
</UL>
<BR>[Calls]<UL><LI><a href="#[a7]">&gt;&gt;</a>&nbsp;&nbsp;&nbsp;LCD_WriteREG
<LI><a href="#[a6]">&gt;&gt;</a>&nbsp;&nbsp;&nbsp;LCD_ReadREG
</UL>
<BR>[Called By]<UL><LI><a href="#[a9]">&gt;&gt;</a>&nbsp;&nbsp;&nbsp;LCD_ClearAppWindow
<LI><a href="#[c1]">&gt;&gt;</a>&nbsp;&nbsp;&nbsp;LCD_TextMode
<LI><a href="#[b4]">&gt;&gt;</a>&nbsp;&nbsp;&nbsp;LCD_FillAppWindow
</UL>

<P><STRONG><a name="[b4]"></a>LCD_FillAppWindow</STRONG> (Thumb, 40 bytes, Stack size 16 bytes, ra8806_ctrl.o(i.LCD_FillAppWindow))
<BR><BR>[Stack]<UL><LI>Max Depth = 80<LI>Call Chain = LCD_FillAppWindow &rArr; LCD_PicsMode &rArr; LCD_ReadREG &rArr; LCD_ReadData &rArr; GPIO_Init
</UL>
<BR>[Calls]<UL><LI><a href="#[a7]">&gt;&gt;</a>&nbsp;&nbsp;&nbsp;LCD_WriteREG
<LI><a href="#[a6]">&gt;&gt;</a>&nbsp;&nbsp;&nbsp;LCD_ReadREG
<LI><a href="#[aa]">&gt;&gt;</a>&nbsp;&nbsp;&nbsp;LCD_PicsMode
<LI><a href="#[ab]">&gt;&gt;</a>&nbsp;&nbsp;&nbsp;LCD_EliminateFlickerOFF
</UL>
<BR>[Called By]<UL><LI><a href="#[b6]">&gt;&gt;</a>&nbsp;&nbsp;&nbsp;LCD_Init
</UL>

<P><STRONG><a name="[b5]"></a>LCD_IconInit</STRONG> (Thumb, 20 bytes, Stack size 8 bytes, ra8806_ctrl.o(i.LCD_IconInit))
<BR><BR>[Stack]<UL><LI>Max Depth = 96<LI>Call Chain = LCD_IconInit &rArr; LCD_CGRAM_CreatWord &rArr; LCD_ReadREG &rArr; LCD_ReadData &rArr; GPIO_Init
</UL>
<BR>[Calls]<UL><LI><a href="#[a8]">&gt;&gt;</a>&nbsp;&nbsp;&nbsp;LCD_CGRAM_CreatWord
</UL>
<BR>[Called By]<UL><LI><a href="#[46]">&gt;&gt;</a>&nbsp;&nbsp;&nbsp;main
</UL>

<P><STRONG><a name="[b6]"></a>LCD_Init</STRONG> (Thumb, 210 bytes, Stack size 8 bytes, ra8806_ctrl.o(i.LCD_Init))
<BR><BR>[Stack]<UL><LI>Max Depth = 88<LI>Call Chain = LCD_Init &rArr; LCD_FillAppWindow &rArr; LCD_PicsMode &rArr; LCD_ReadREG &rArr; LCD_ReadData &rArr; GPIO_Init
</UL>
<BR>[Calls]<UL><LI><a href="#[87]">&gt;&gt;</a>&nbsp;&nbsp;&nbsp;LCD_SetAppwindow
<LI><a href="#[a5]">&gt;&gt;</a>&nbsp;&nbsp;&nbsp;LCD_AccessLayer
<LI><a href="#[a7]">&gt;&gt;</a>&nbsp;&nbsp;&nbsp;LCD_WriteREG
<LI><a href="#[b9]">&gt;&gt;</a>&nbsp;&nbsp;&nbsp;LCD_TextBold
<LI><a href="#[b8]">&gt;&gt;</a>&nbsp;&nbsp;&nbsp;LCD_ShowLayer
<LI><a href="#[b7]">&gt;&gt;</a>&nbsp;&nbsp;&nbsp;LCD_Reset
<LI><a href="#[a6]">&gt;&gt;</a>&nbsp;&nbsp;&nbsp;LCD_ReadREG
<LI><a href="#[b4]">&gt;&gt;</a>&nbsp;&nbsp;&nbsp;LCD_FillAppWindow
<LI><a href="#[ad]">&gt;&gt;</a>&nbsp;&nbsp;&nbsp;LCD_DDRAMs_ShowRule
</UL>
<BR>[Called By]<UL><LI><a href="#[46]">&gt;&gt;</a>&nbsp;&nbsp;&nbsp;main
</UL>

<P><STRONG><a name="[ba]"></a>LCD_InterfaceInit</STRONG> (Thumb, 60 bytes, Stack size 8 bytes, ra8806_ctrl.o(i.LCD_InterfaceInit))
<BR><BR>[Stack]<UL><LI>Max Depth = 152<LI>Call Chain = LCD_InterfaceInit &rArr; LCD_DisplayMainPannel &rArr; LCD_DrawForm &rArr; LCD_AccessLayer &rArr; LCD_ReadREG &rArr; LCD_ReadData &rArr; GPIO_Init
</UL>
<BR>[Calls]<UL><LI><a href="#[86]">&gt;&gt;</a>&nbsp;&nbsp;&nbsp;LCD_WriteText2
<LI><a href="#[b3]">&gt;&gt;</a>&nbsp;&nbsp;&nbsp;LCD_DrawRectangle
<LI><a href="#[ae]">&gt;&gt;</a>&nbsp;&nbsp;&nbsp;LCD_DisplayMainPannel
</UL>
<BR>[Called By]<UL><LI><a href="#[46]">&gt;&gt;</a>&nbsp;&nbsp;&nbsp;main
</UL>

<P><STRONG><a name="[88]"></a>LCD_Inv</STRONG> (Thumb, 22 bytes, Stack size 8 bytes, ra8806_ctrl.o(i.LCD_Inv))
<BR><BR>[Stack]<UL><LI>Max Depth = 64<LI>Call Chain = LCD_Inv &rArr; LCD_ReadREG &rArr; LCD_ReadData &rArr; GPIO_Init
</UL>
<BR>[Calls]<UL><LI><a href="#[a7]">&gt;&gt;</a>&nbsp;&nbsp;&nbsp;LCD_WriteREG
<LI><a href="#[a6]">&gt;&gt;</a>&nbsp;&nbsp;&nbsp;LCD_ReadREG
</UL>
<BR>[Called By]<UL><LI><a href="#[51]">&gt;&gt;</a>&nbsp;&nbsp;&nbsp;disp_item
<LI><a href="#[9e]">&gt;&gt;</a>&nbsp;&nbsp;&nbsp;LCD_NorItem
<LI><a href="#[142]">&gt;&gt;</a>&nbsp;&nbsp;&nbsp;set_phase_update
<LI><a href="#[13f]">&gt;&gt;</a>&nbsp;&nbsp;&nbsp;set_period_update
<LI><a href="#[10b]">&gt;&gt;</a>&nbsp;&nbsp;&nbsp;flashfunc_update
<LI><a href="#[130]">&gt;&gt;</a>&nbsp;&nbsp;&nbsp;del_phase_update
<LI><a href="#[12f]">&gt;&gt;</a>&nbsp;&nbsp;&nbsp;del_phase
<LI><a href="#[12d]">&gt;&gt;</a>&nbsp;&nbsp;&nbsp;del_period_update
<LI><a href="#[128]">&gt;&gt;</a>&nbsp;&nbsp;&nbsp;add_phase_update
<LI><a href="#[126]">&gt;&gt;</a>&nbsp;&nbsp;&nbsp;add_period_update
<LI><a href="#[107]">&gt;&gt;</a>&nbsp;&nbsp;&nbsp;RTC_SetDate_Update
<LI><a href="#[ca]">&gt;&gt;</a>&nbsp;&nbsp;&nbsp;MenuLock_init
<LI><a href="#[da]">&gt;&gt;</a>&nbsp;&nbsp;&nbsp;MenuLock_Update
<LI><a href="#[d8]">&gt;&gt;</a>&nbsp;&nbsp;&nbsp;ManualMode_TimePhase_Update
<LI><a href="#[c8]">&gt;&gt;</a>&nbsp;&nbsp;&nbsp;LED_Check_Update
<LI><a href="#[bd]">&gt;&gt;</a>&nbsp;&nbsp;&nbsp;LCD_LedGPIO_Update
<LI><a href="#[ae]">&gt;&gt;</a>&nbsp;&nbsp;&nbsp;LCD_DisplayMainPannel
<LI><a href="#[83]">&gt;&gt;</a>&nbsp;&nbsp;&nbsp;DayNight_PeriodofTime_Update
</UL>

<P><STRONG><a name="[53]"></a>LCD_LedGPIO</STRONG> (Thumb, 544 bytes, Stack size 24 bytes, ra8806_ctrl.o(i.LCD_LedGPIO))
<BR><BR>[Stack]<UL><LI>Max Depth = 144<LI>Call Chain = LCD_LedGPIO &rArr; LCD_LedGPIO_Update &rArr; LCD_WriteText2 &rArr; LCD_AccessLayer &rArr; LCD_ReadREG &rArr; LCD_ReadData &rArr; GPIO_Init
</UL>
<BR>[Calls]<UL><LI><a href="#[82]">&gt;&gt;</a>&nbsp;&nbsp;&nbsp;LCD_ClearMenuText
<LI><a href="#[84]">&gt;&gt;</a>&nbsp;&nbsp;&nbsp;EXTI_GenerateSWInterrupt
<LI><a href="#[80]">&gt;&gt;</a>&nbsp;&nbsp;&nbsp;KEY_PressMinus
<LI><a href="#[7e]">&gt;&gt;</a>&nbsp;&nbsp;&nbsp;RTC_WaitForLastTask
<LI><a href="#[7f]">&gt;&gt;</a>&nbsp;&nbsp;&nbsp;RTC_ITConfig
<LI><a href="#[bc]">&gt;&gt;</a>&nbsp;&nbsp;&nbsp;keyfunction_help
<LI><a href="#[bb]">&gt;&gt;</a>&nbsp;&nbsp;&nbsp;keyfunction_clear_help
<LI><a href="#[bd]">&gt;&gt;</a>&nbsp;&nbsp;&nbsp;LCD_LedGPIO_Update
<LI><a href="#[81]">&gt;&gt;</a>&nbsp;&nbsp;&nbsp;free
</UL>
<BR>[Address Reference Count : 1]<UL><LI> menu_resource.o(i.LEDColorMenu_Init)
</UL>
<P><STRONG><a name="[54]"></a>LCD_LedGPIO_Init</STRONG> (Thumb, 230 bytes, Stack size 16 bytes, ra8806_ctrl.o(i.LCD_LedGPIO_Init))
<BR><BR>[Stack]<UL><LI>Max Depth = 136<LI>Call Chain = LCD_LedGPIO_Init &rArr; LCD_LedGPIO_Update &rArr; LCD_WriteText2 &rArr; LCD_AccessLayer &rArr; LCD_ReadREG &rArr; LCD_ReadData &rArr; GPIO_Init
</UL>
<BR>[Calls]<UL><LI><a href="#[86]">&gt;&gt;</a>&nbsp;&nbsp;&nbsp;LCD_WriteText2
<LI><a href="#[87]">&gt;&gt;</a>&nbsp;&nbsp;&nbsp;LCD_SetAppwindow
<LI><a href="#[84]">&gt;&gt;</a>&nbsp;&nbsp;&nbsp;EXTI_GenerateSWInterrupt
<LI><a href="#[bd]">&gt;&gt;</a>&nbsp;&nbsp;&nbsp;LCD_LedGPIO_Update
<LI><a href="#[85]">&gt;&gt;</a>&nbsp;&nbsp;&nbsp;LCD_ClearItemAllText
<LI><a href="#[73]">&gt;&gt;</a>&nbsp;&nbsp;&nbsp;calloc
</UL>
<BR>[Address Reference Count : 1]<UL><LI> menu_resource.o(i.LEDColorMenu_Init)
</UL>
<P><STRONG><a name="[bd]"></a>LCD_LedGPIO_Update</STRONG> (Thumb, 188 bytes, Stack size 24 bytes, ra8806_ctrl.o(i.LCD_LedGPIO_Update))
<BR><BR>[Stack]<UL><LI>Max Depth = 120<LI>Call Chain = LCD_LedGPIO_Update &rArr; LCD_WriteText2 &rArr; LCD_AccessLayer &rArr; LCD_ReadREG &rArr; LCD_ReadData &rArr; GPIO_Init
</UL>
<BR>[Calls]<UL><LI><a href="#[86]">&gt;&gt;</a>&nbsp;&nbsp;&nbsp;LCD_WriteText2
<LI><a href="#[b1]">&gt;&gt;</a>&nbsp;&nbsp;&nbsp;LCD_WriteText1
<LI><a href="#[8c]">&gt;&gt;</a>&nbsp;&nbsp;&nbsp;LCD_NoInv
<LI><a href="#[88]">&gt;&gt;</a>&nbsp;&nbsp;&nbsp;LCD_Inv
<LI><a href="#[8b]">&gt;&gt;</a>&nbsp;&nbsp;&nbsp;LCD_WriteData
<LI><a href="#[8a]">&gt;&gt;</a>&nbsp;&nbsp;&nbsp;LCD_WriteCommand
<LI><a href="#[89]">&gt;&gt;</a>&nbsp;&nbsp;&nbsp;LCD_SetCursor
</UL>
<BR>[Called By]<UL><LI><a href="#[54]">&gt;&gt;</a>&nbsp;&nbsp;&nbsp;LCD_LedGPIO_Init
<LI><a href="#[53]">&gt;&gt;</a>&nbsp;&nbsp;&nbsp;LCD_LedGPIO
</UL>

<P><STRONG><a name="[8c]"></a>LCD_NoInv</STRONG> (Thumb, 28 bytes, Stack size 8 bytes, ra8806_ctrl.o(i.LCD_NoInv))
<BR><BR>[Stack]<UL><LI>Max Depth = 64<LI>Call Chain = LCD_NoInv &rArr; LCD_ReadREG &rArr; LCD_ReadData &rArr; GPIO_Init
</UL>
<BR>[Calls]<UL><LI><a href="#[7d]">&gt;&gt;</a>&nbsp;&nbsp;&nbsp;delay_100ns
<LI><a href="#[a7]">&gt;&gt;</a>&nbsp;&nbsp;&nbsp;LCD_WriteREG
<LI><a href="#[a6]">&gt;&gt;</a>&nbsp;&nbsp;&nbsp;LCD_ReadREG
</UL>
<BR>[Called By]<UL><LI><a href="#[51]">&gt;&gt;</a>&nbsp;&nbsp;&nbsp;disp_item
<LI><a href="#[9e]">&gt;&gt;</a>&nbsp;&nbsp;&nbsp;LCD_NorItem
<LI><a href="#[142]">&gt;&gt;</a>&nbsp;&nbsp;&nbsp;set_phase_update
<LI><a href="#[13f]">&gt;&gt;</a>&nbsp;&nbsp;&nbsp;set_period_update
<LI><a href="#[10b]">&gt;&gt;</a>&nbsp;&nbsp;&nbsp;flashfunc_update
<LI><a href="#[130]">&gt;&gt;</a>&nbsp;&nbsp;&nbsp;del_phase_update
<LI><a href="#[12f]">&gt;&gt;</a>&nbsp;&nbsp;&nbsp;del_phase
<LI><a href="#[12d]">&gt;&gt;</a>&nbsp;&nbsp;&nbsp;del_period_update
<LI><a href="#[128]">&gt;&gt;</a>&nbsp;&nbsp;&nbsp;add_phase_update
<LI><a href="#[126]">&gt;&gt;</a>&nbsp;&nbsp;&nbsp;add_period_update
<LI><a href="#[107]">&gt;&gt;</a>&nbsp;&nbsp;&nbsp;RTC_SetDate_Update
<LI><a href="#[ca]">&gt;&gt;</a>&nbsp;&nbsp;&nbsp;MenuLock_init
<LI><a href="#[da]">&gt;&gt;</a>&nbsp;&nbsp;&nbsp;MenuLock_Update
<LI><a href="#[d8]">&gt;&gt;</a>&nbsp;&nbsp;&nbsp;ManualMode_TimePhase_Update
<LI><a href="#[c8]">&gt;&gt;</a>&nbsp;&nbsp;&nbsp;LED_Check_Update
<LI><a href="#[bd]">&gt;&gt;</a>&nbsp;&nbsp;&nbsp;LCD_LedGPIO_Update
<LI><a href="#[ae]">&gt;&gt;</a>&nbsp;&nbsp;&nbsp;LCD_DisplayMainPannel
<LI><a href="#[83]">&gt;&gt;</a>&nbsp;&nbsp;&nbsp;DayNight_PeriodofTime_Update
</UL>

<P><STRONG><a name="[9e]"></a>LCD_NorItem</STRONG> (Thumb, 272 bytes, Stack size 8 bytes, key_op.o(i.LCD_NorItem))
<BR><BR>[Stack]<UL><LI>Max Depth = 104<LI>Call Chain = LCD_NorItem &rArr; LCD_WriteText2 &rArr; LCD_AccessLayer &rArr; LCD_ReadREG &rArr; LCD_ReadData &rArr; GPIO_Init
</UL>
<BR>[Calls]<UL><LI><a href="#[86]">&gt;&gt;</a>&nbsp;&nbsp;&nbsp;LCD_WriteText2
<LI><a href="#[b1]">&gt;&gt;</a>&nbsp;&nbsp;&nbsp;LCD_WriteText1
<LI><a href="#[8c]">&gt;&gt;</a>&nbsp;&nbsp;&nbsp;LCD_NoInv
<LI><a href="#[88]">&gt;&gt;</a>&nbsp;&nbsp;&nbsp;LCD_Inv
<LI><a href="#[84]">&gt;&gt;</a>&nbsp;&nbsp;&nbsp;EXTI_GenerateSWInterrupt
</UL>
<BR>[Called By]<UL><LI><a href="#[a1]">&gt;&gt;</a>&nbsp;&nbsp;&nbsp;KEY4_OP
<LI><a href="#[a0]">&gt;&gt;</a>&nbsp;&nbsp;&nbsp;KEY3_OP
<LI><a href="#[9f]">&gt;&gt;</a>&nbsp;&nbsp;&nbsp;KEY2_OP
<LI><a href="#[9c]">&gt;&gt;</a>&nbsp;&nbsp;&nbsp;KEY1_OP
</UL>

<P><STRONG><a name="[aa]"></a>LCD_PicsMode</STRONG> (Thumb, 28 bytes, Stack size 8 bytes, ra8806_ctrl.o(i.LCD_PicsMode))
<BR><BR>[Stack]<UL><LI>Max Depth = 64<LI>Call Chain = LCD_PicsMode &rArr; LCD_ReadREG &rArr; LCD_ReadData &rArr; GPIO_Init
</UL>
<BR>[Calls]<UL><LI><a href="#[7d]">&gt;&gt;</a>&nbsp;&nbsp;&nbsp;delay_100ns
[...]
</UL>
<P><STRONG><a name="[10b]"></a>flashfunc_update</STRONG> (Thumb, 140 bytes, Stack size 24 bytes, ra8806_ctrl.o(i.flashfunc_update))
<BR><BR>[Stack]<UL><LI>Max Depth = 112<LI>Call Chain = flashfunc_update &rArr; LCD_WriteText1 &rArr; LCD_AccessLayer &rArr; LCD_ReadREG &rArr; LCD_ReadData &rArr; GPIO_Init
</UL>
<BR>[Calls]<UL><LI><a href="#[b1]">&gt;&gt;</a>&nbsp;&nbsp;&nbsp;LCD_WriteText1
<LI><a href="#[8c]">&gt;&gt;</a>&nbsp;&nbsp;&nbsp;LCD_NoInv
<LI><a href="#[88]">&gt;&gt;</a>&nbsp;&nbsp;&nbsp;LCD_Inv
<LI><a href="#[84]">&gt;&gt;</a>&nbsp;&nbsp;&nbsp;EXTI_GenerateSWInterrupt
<LI><a href="#[89]">&gt;&gt;</a>&nbsp;&nbsp;&nbsp;LCD_SetCursor
</UL>
<BR>[Called By]<UL><LI><a href="#[4d]">&gt;&gt;</a>&nbsp;&nbsp;&nbsp;nightflash_main
<LI><a href="#[49]">&gt;&gt;</a>&nbsp;&nbsp;&nbsp;flash_allowed_main
<LI><a href="#[4b]">&gt;&gt;</a>&nbsp;&nbsp;&nbsp;dayflash_main
<LI><a href="#[12a]">&gt;&gt;</a>&nbsp;&nbsp;&nbsp;dayflash
<LI><a href="#[10a]">&gt;&gt;</a>&nbsp;&nbsp;&nbsp;Set_FlashAllowence
</UL>

<P><STRONG><a name="[6e]"></a>fputc</STRONG> (Thumb, 30 bytes, Stack size 16 bytes, usart_op.o(i.fputc))
<BR><BR>[Stack]<UL><LI>Max Depth = 16<LI>Call Chain = fputc
</UL>
<BR>[Calls]<UL><LI><a href="#[13a]">&gt;&gt;</a>&nbsp;&nbsp;&nbsp;USART_SendData
</UL>
<BR>[Address Reference Count : 1]<UL><LI> printf1.o(i.__0printf$1)
</UL>
<P><STRONG><a name="[81]"></a>free</STRONG> (Thumb, 76 bytes, Stack size 8 bytes, malloc.o(i.free))
<BR><BR>[Stack]<UL><LI>Max Depth = 8<LI>Call Chain = free
</UL>
<BR>[Called By]<UL><LI><a href="#[68]">&gt;&gt;</a>&nbsp;&nbsp;&nbsp;set_phase_main
<LI><a href="#[62]">&gt;&gt;</a>&nbsp;&nbsp;&nbsp;set_period_main
<LI><a href="#[4d]">&gt;&gt;</a>&nbsp;&nbsp;&nbsp;nightflash_main
<LI><a href="#[49]">&gt;&gt;</a>&nbsp;&nbsp;&nbsp;flash_allowed_main
<LI><a href="#[66]">&gt;&gt;</a>&nbsp;&nbsp;&nbsp;del_phase_main
<LI><a href="#[60]">&gt;&gt;</a>&nbsp;&nbsp;&nbsp;del_period_main
<LI><a href="#[4b]">&gt;&gt;</a>&nbsp;&nbsp;&nbsp;dayflash_main
<LI><a href="#[64]">&gt;&gt;</a>&nbsp;&nbsp;&nbsp;add_phase_main
<LI><a href="#[5e]">&gt;&gt;</a>&nbsp;&nbsp;&nbsp;add_period_main
<LI><a href="#[6a]">&gt;&gt;</a>&nbsp;&nbsp;&nbsp;RTC_SetDate
<LI><a href="#[5a]">&gt;&gt;</a>&nbsp;&nbsp;&nbsp;ManualMode_TimePhase_main
<LI><a href="#[58]">&gt;&gt;</a>&nbsp;&nbsp;&nbsp;ManualMode_CutDown_main
<LI><a href="#[d5]">&gt;&gt;</a>&nbsp;&nbsp;&nbsp;ManualMode_CutDown
<LI><a href="#[5c]">&gt;&gt;</a>&nbsp;&nbsp;&nbsp;LED_Check_main
<LI><a href="#[53]">&gt;&gt;</a>&nbsp;&nbsp;&nbsp;LCD_LedGPIO
<LI><a href="#[6c]">&gt;&gt;</a>&nbsp;&nbsp;&nbsp;DayNight_PeriodofTime
</UL>

<P><STRONG><a name="[bb]"></a>keyfunction_clear_help</STRONG> (Thumb, 70 bytes, Stack size 8 bytes, ra8806_ctrl.o(i.keyfunction_clear_help))
<BR><BR>[Stack]<UL><LI>Max Depth = 80<LI>Call Chain = keyfunction_clear_help &rArr; LCD_ClearAppWindow &rArr; LCD_PicsMode &rArr; LCD_ReadREG &rArr; LCD_ReadData &rArr; GPIO_Init
</UL>
<BR>[Calls]<UL><LI><a href="#[87]">&gt;&gt;</a>&nbsp;&nbsp;&nbsp;LCD_SetAppwindow
<LI><a href="#[a9]">&gt;&gt;</a>&nbsp;&nbsp;&nbsp;LCD_ClearAppWindow
<LI><a href="#[a5]">&gt;&gt;</a>&nbsp;&nbsp;&nbsp;LCD_AccessLayer
<LI><a href="#[84]">&gt;&gt;</a>&nbsp;&nbsp;&nbsp;EXTI_GenerateSWInterrupt
</UL>
<BR>[Called By]<UL><LI><a href="#[141]">&gt;&gt;</a>&nbsp;&nbsp;&nbsp;set_phase
<LI><a href="#[13e]">&gt;&gt;</a>&nbsp;&nbsp;&nbsp;set_period
<LI><a href="#[12f]">&gt;&gt;</a>&nbsp;&nbsp;&nbsp;del_phase
<LI><a href="#[12c]">&gt;&gt;</a>&nbsp;&nbsp;&nbsp;del_period
<LI><a href="#[12a]">&gt;&gt;</a>&nbsp;&nbsp;&nbsp;dayflash
<LI><a href="#[124]">&gt;&gt;</a>&nbsp;&nbsp;&nbsp;add_period
<LI><a href="#[10a]">&gt;&gt;</a>&nbsp;&nbsp;&nbsp;Set_FlashAllowence
<LI><a href="#[d7]">&gt;&gt;</a>&nbsp;&nbsp;&nbsp;ManualMode_TimePhase
<LI><a href="#[c6]">&gt;&gt;</a>&nbsp;&nbsp;&nbsp;LED_Check
<LI><a href="#[53]">&gt;&gt;</a>&nbsp;&nbsp;&nbsp;LCD_LedGPIO
</UL>

<P><STRONG><a name="[bc]"></a>keyfunction_help</STRONG> (Thumb, 78 bytes, Stack size 16 bytes, ra8806_ctrl.o(i.keyfunction_help))
<BR><BR>[Stack]<UL><LI>Max Depth = 112<LI>Call Chain = keyfunction_help &rArr; LCD_WriteText2 &rArr; LCD_AccessLayer &rArr; LCD_ReadREG &rArr; LCD_ReadData &rArr; GPIO_Init
</UL>
<BR>[Calls]<UL><LI><a href="#[86]">&gt;&gt;</a>&nbsp;&nbsp;&nbsp;LCD_WriteText2
<LI><a href="#[87]">&gt;&gt;</a>&nbsp;&nbsp;&nbsp;LCD_SetAppwindow
<LI><a href="#[a5]">&gt;&gt;</a>&nbsp;&nbsp;&nbsp;LCD_AccessLayer
<LI><a href="#[84]">&gt;&gt;</a>&nbsp;&nbsp;&nbsp;EXTI_GenerateSWInterrupt
</UL>
<BR>[Called By]<UL><LI><a href="#[141]">&gt;&gt;</a>&nbsp;&nbsp;&nbsp;set_phase
<LI><a href="#[13e]">&gt;&gt;</a>&nbsp;&nbsp;&nbsp;set_period
<LI><a href="#[12f]">&gt;&gt;</a>&nbsp;&nbsp;&nbsp;del_phase
<LI><a href="#[12c]">&gt;&gt;</a>&nbsp;&nbsp;&nbsp;del_period
<LI><a href="#[12a]">&gt;&gt;</a>&nbsp;&nbsp;&nbsp;dayflash
<LI><a href="#[127]">&gt;&gt;</a>&nbsp;&nbsp;&nbsp;add_phase
<LI><a href="#[124]">&gt;&gt;</a>&nbsp;&nbsp;&nbsp;add_period
<LI><a href="#[10a]">&gt;&gt;</a>&nbsp;&nbsp;&nbsp;Set_FlashAllowence
<LI><a href="#[cb]">&gt;&gt;</a>&nbsp;&nbsp;&nbsp;Menu_Lock
<LI><a href="#[d7]">&gt;&gt;</a>&nbsp;&nbsp;&nbsp;ManualMode_TimePhase
<LI><a href="#[c6]">&gt;&gt;</a>&nbsp;&nbsp;&nbsp;LED_Check
<LI><a href="#[53]">&gt;&gt;</a>&nbsp;&nbsp;&nbsp;LCD_LedGPIO
</UL>

<P><STRONG><a name="[46]"></a>main</STRONG> (Thumb, 134 bytes, Stack size 0 bytes, main.o(i.main))
<BR><BR>[Stack]<UL><LI>Max Depth = 164<LI>Call Chain = main &rArr; LED_Init &rArr; RTC_Config &rArr; Time_SetCalendarTime &rArr; Time_ConvCalendarToUnix &rArr; mktime &rArr; _localtime
</UL>
<BR>[Calls]<UL><LI><a href="#[c0]">&gt;&gt;</a>&nbsp;&nbsp;&nbsp;delay_us
<LI><a href="#[13b]">&gt;&gt;</a>&nbsp;&nbsp;&nbsp;Var_Init
<LI><a href="#[11e]">&gt;&gt;</a>&nbsp;&nbsp;&nbsp;USART_Config
<LI><a href="#[118]">&gt;&gt;</a>&nbsp;&nbsp;&nbsp;TIM_Config
<LI><a href="#[fe]">&gt;&gt;</a>&nbsp;&nbsp;&nbsp;TIM_Cmd
<LI><a href="#[10f]">&gt;&gt;</a>&nbsp;&nbsp;&nbsp;TIM_Basic_Config
<LI><a href="#[e8]">&gt;&gt;</a>&nbsp;&nbsp;&nbsp;RCC_Config
<LI><a href="#[e4]">&gt;&gt;</a>&nbsp;&nbsp;&nbsp;NVIC_Config
<LI><a href="#[db]">&gt;&gt;</a>&nbsp;&nbsp;&nbsp;Menu_Init
<LI><a href="#[d1]">&gt;&gt;</a>&nbsp;&nbsp;&nbsp;LED_Init
<LI><a href="#[ba]">&gt;&gt;</a>&nbsp;&nbsp;&nbsp;LCD_InterfaceInit
<LI><a href="#[b6]">&gt;&gt;</a>&nbsp;&nbsp;&nbsp;LCD_Init
<LI><a href="#[b5]">&gt;&gt;</a>&nbsp;&nbsp;&nbsp;LCD_IconInit
<LI><a href="#[96]">&gt;&gt;</a>&nbsp;&nbsp;&nbsp;I2C1_Config
<LI><a href="#[94]">&gt;&gt;</a>&nbsp;&nbsp;&nbsp;Get_Schedule
<LI><a href="#[93]">&gt;&gt;</a>&nbsp;&nbsp;&nbsp;GPIO_Initial
<LI><a href="#[91]">&gt;&gt;</a>&nbsp;&nbsp;&nbsp;GPIO_Config
<LI><a href="#[8f]">&gt;&gt;</a>&nbsp;&nbsp;&nbsp;EXTI_Config
</UL>
<BR>[Address Reference Count : 1]<UL><LI> entry7.o(.ARM.Collect$$$$00000007)
</UL>
<P><STRONG><a name="[74]"></a>malloc</STRONG> (Thumb, 92 bytes, Stack size 20 bytes, malloc.o(i.malloc))
<BR><BR>[Stack]<UL><LI>Max Depth = 20<LI>Call Chain = malloc
</UL>
<BR>[Called By]<UL><LI><a href="#[73]">&gt;&gt;</a>&nbsp;&nbsp;&nbsp;calloc
</UL>

<P><STRONG><a name="[55]"></a>menu_keywork_mode1</STRONG> (Thumb, 130 bytes, Stack size 8 bytes, key_op.o(i.menu_keywork_mode1))
<BR><BR>[Stack]<UL><LI>Max Depth = 120<LI>Call Chain = menu_keywork_mode1 &rArr; KEY4_OP &rArr; LCD_RefreshItem &rArr; LCD_WriteText2 &rArr; LCD_AccessLayer &rArr; LCD_ReadREG &rArr; LCD_ReadData &rArr; GPIO_Init
</UL>
<BR>[Calls]<UL><LI><a href="#[80]">&gt;&gt;</a>&nbsp;&nbsp;&nbsp;KEY_PressMinus
<LI><a href="#[a4]">&gt;&gt;</a>&nbsp;&nbsp;&nbsp;KEY6_OP
<LI><a href="#[a2]">&gt;&gt;</a>&nbsp;&nbsp;&nbsp;KEY5_OP
<LI><a href="#[a1]">&gt;&gt;</a>&nbsp;&nbsp;&nbsp;KEY4_OP
<LI><a href="#[a0]">&gt;&gt;</a>&nbsp;&nbsp;&nbsp;KEY3_OP
<LI><a href="#[9f]">&gt;&gt;</a>&nbsp;&nbsp;&nbsp;KEY2_OP
<LI><a href="#[9c]">&gt;&gt;</a>&nbsp;&nbsp;&nbsp;KEY1_OP
<LI><a href="#[13c]">&gt;&gt;</a>&nbsp;&nbsp;&nbsp;__2printf
</UL>
<BR>[Address Reference Count : 1]<UL><LI> menu_resource.o(i.MainMenu_Init)
</UL>
<P><STRONG><a name="[4f]"></a>menu_keywork_mode2</STRONG> (Thumb, 122 bytes, Stack size 8 bytes, key_op.o(i.menu_keywork_mode2))
<BR><BR>[Stack]<UL><LI>Max Depth = 120<LI>Call Chain = menu_keywork_mode2 &rArr; KEY2_OP &rArr; LCD_RefreshItem &rArr; LCD_WriteText2 &rArr; LCD_AccessLayer &rArr; LCD_ReadREG &rArr; LCD_ReadData &rArr; GPIO_Init
</UL>
<BR>[Calls]<UL><LI><a href="#[80]">&gt;&gt;</a>&nbsp;&nbsp;&nbsp;KEY_PressMinus
<LI><a href="#[a4]">&gt;&gt;</a>&nbsp;&nbsp;&nbsp;KEY6_OP
<LI><a href="#[a2]">&gt;&gt;</a>&nbsp;&nbsp;&nbsp;KEY5_OP
<LI><a href="#[9f]">&gt;&gt;</a>&nbsp;&nbsp;&nbsp;KEY2_OP
<LI><a href="#[9c]">&gt;&gt;</a>&nbsp;&nbsp;&nbsp;KEY1_OP
<LI><a href="#[13c]">&gt;&gt;</a>&nbsp;&nbsp;&nbsp;__2printf
</UL>
<BR>[Address Reference Count : 7]<UL><LI> menu_resource.o(i.ManualModeMenu_Init)
<LI> menu_resource.o(i.PeriodOfTimeMenu_Init)
<LI> menu_resource.o(i.PhaseMenu_Init)
<LI> menu_resource.o(i.RTCSetMenu_Init)
<LI> menu_resource.o(i.TimeSetMenu_Init)
<LI> menu_resource.o(i.FlashMenu_Init)
<LI> menu_resource.o(i.LEDColorMenu_Init)
</UL>
<P><STRONG><a name="[13d]"></a>nightflash_Interface</STRONG> (Thumb, 184 bytes, Stack size 8 bytes, ra8806_ctrl.o(i.nightflash_Interface))
<BR><BR>[Stack]<UL><LI>Max Depth = 104<LI>Call Chain = nightflash_Interface &rArr; LCD_WriteText2 &rArr; LCD_AccessLayer &rArr; LCD_ReadREG &rArr; LCD_ReadData &rArr; GPIO_Init
</UL>
<BR>[Calls]<UL><LI><a href="#[86]">&gt;&gt;</a>&nbsp;&nbsp;&nbsp;LCD_WriteText2
<LI><a href="#[87]">&gt;&gt;</a>&nbsp;&nbsp;&nbsp;LCD_SetAppwindow
<LI><a href="#[84]">&gt;&gt;</a>&nbsp;&nbsp;&nbsp;EXTI_GenerateSWInterrupt
<LI><a href="#[85]">&gt;&gt;</a>&nbsp;&nbsp;&nbsp;LCD_ClearItemAllText
</UL>
<BR>[Called By]<UL><LI><a href="#[4d]">&gt;&gt;</a>&nbsp;&nbsp;&nbsp;nightflash_main
</UL>

<P><STRONG><a name="[4e]"></a>nightflash_datainit</STRONG> (Thumb, 66 bytes, Stack size 16 bytes, ra8806_ctrl.o(i.nightflash_datainit))
<BR><BR>[Stack]<UL><LI>Max Depth = 168<LI>Call Chain = nightflash_datainit &rArr; nightflash_main &rArr; dayflash &rArr; keyfunction_help &rArr; LCD_WriteText2 &rArr; LCD_AccessLayer &rArr; LCD_ReadREG &rArr; LCD_ReadData &rArr; GPIO_Init
</UL>
<BR>[Calls]<UL><LI><a href="#[4d]">&gt;&gt;</a>&nbsp;&nbsp;&nbsp;nightflash_main
<LI><a href="#[73]">&gt;&gt;</a>&nbsp;&nbsp;&nbsp;calloc
</UL>
<BR>[Address Reference Count : 1]<UL><LI> menu_resource.o(i.FlashMenu_Init)
</UL>
<P><STRONG><a name="[4d]"></a>nightflash_main</STRONG> (Thumb, 104 bytes, Stack size 16 bytes, ra8806_ctrl.o(i.nightflash_main))
<BR><BR>[Stack]<UL><LI>Max Depth = 152<LI>Call Chain = nightflash_main &rArr; dayflash &rArr; keyfunction_help &rArr; LCD_WriteText2 &rArr; LCD_AccessLayer &rArr; LCD_ReadREG &rArr; LCD_ReadData &rArr; GPIO_Init
</UL>
<BR>[Calls]<UL><LI><a href="#[82]">&gt;&gt;</a>&nbsp;&nbsp;&nbsp;LCD_ClearMenuText
<LI><a href="#[13d]">&gt;&gt;</a>&nbsp;&nbsp;&nbsp;nightflash_Interface
<LI><a href="#[10b]">&gt;&gt;</a>&nbsp;&nbsp;&nbsp;flashfunc_update
<LI><a href="#[12a]">&gt;&gt;</a>&nbsp;&nbsp;&nbsp;dayflash
<LI><a href="#[81]">&gt;&gt;</a>&nbsp;&nbsp;&nbsp;free
</UL>
<BR>[Called By]<UL><LI><a href="#[4e]">&gt;&gt;</a>&nbsp;&nbsp;&nbsp;nightflash_datainit
</UL>
<BR>[Address Reference Count : 1]<UL><LI> menu_resource.o(i.FlashMenu_Init)
</UL>
<P><STRONG><a name="[13e]"></a>set_period</STRONG> (Thumb, 918 bytes, Stack size 16 bytes, ra8806_ctrl.o(i.set_period))
<BR><BR>[Stack]<UL><LI>Max Depth = 136<LI>Call Chain = set_period &rArr; set_period_update &rArr; LCD_WriteChar1 &rArr; LCD_AccessLayer &rArr; LCD_ReadREG &rArr; LCD_ReadData &rArr; GPIO_Init
</UL>
<BR>[Calls]<UL><LI><a href="#[80]">&gt;&gt;</a>&nbsp;&nbsp;&nbsp;KEY_PressMinus
<LI><a href="#[7e]">&gt;&gt;</a>&nbsp;&nbsp;&nbsp;RTC_WaitForLastTask
<LI><a href="#[7f]">&gt;&gt;</a>&nbsp;&nbsp;&nbsp;RTC_ITConfig
<LI><a href="#[13f]">&gt;&gt;</a>&nbsp;&nbsp;&nbsp;set_period_update
<LI><a href="#[bc]">&gt;&gt;</a>&nbsp;&nbsp;&nbsp;keyfunction_help
<LI><a href="#[bb]">&gt;&gt;</a>&nbsp;&nbsp;&nbsp;keyfunction_clear_help
</UL>
<BR>[Called By]<UL><LI><a href="#[62]">&gt;&gt;</a>&nbsp;&nbsp;&nbsp;set_period_main
</UL>

<P><STRONG><a name="[63]"></a>set_period_datainit</STRONG> (Thumb, 56 bytes, Stack size 8 bytes, ra8806_ctrl.o(i.set_period_datainit))
<BR><BR>[Stack]<UL><LI>Max Depth = 36<LI>Call Chain = set_period_datainit &rArr; calloc &rArr; malloc
</UL>
<BR>[Calls]<UL><LI><a href="#[73]">&gt;&gt;</a>&nbsp;&nbsp;&nbsp;calloc
</UL>
<BR>[Address Reference Count : 1]<UL><LI> menu_resource.o(i.PeriodOfTimeMenu_Init)
</UL>
<P><STRONG><a name="[140]"></a>set_period_interface</STRONG> (Thumb, 152 bytes, Stack size 16 bytes, ra8806_ctrl.o(i.set_period_interface))
<BR><BR>[Stack]<UL><LI>Max Depth = 136<LI>Call Chain = set_period_interface &rArr; set_period_update &rArr; LCD_WriteChar1 &rArr; LCD_AccessLayer &rArr; LCD_ReadREG &rArr; LCD_ReadData &rArr; GPIO_Init
</UL>
<BR>[Calls]<UL><LI><a href="#[86]">&gt;&gt;</a>&nbsp;&nbsp;&nbsp;LCD_WriteText2
<LI><a href="#[87]">&gt;&gt;</a>&nbsp;&nbsp;&nbsp;LCD_SetAppwindow
<LI><a href="#[84]">&gt;&gt;</a>&nbsp;&nbsp;&nbsp;EXTI_GenerateSWInterrupt
<LI><a href="#[13f]">&gt;&gt;</a>&nbsp;&nbsp;&nbsp;set_period_update
<LI><a href="#[85]">&gt;&gt;</a>&nbsp;&nbsp;&nbsp;LCD_ClearItemAllText
</UL>
<BR>[Called By]<UL><LI><a href="#[62]">&gt;&gt;</a>&nbsp;&nbsp;&nbsp;set_period_main
</UL>

<P><STRONG><a name="[62]"></a>set_period_main</STRONG> (Thumb, 114 bytes, Stack size 16 bytes, ra8806_ctrl.o(i.set_period_main))
<BR><BR>[Stack]<UL><LI>Max Depth = 152<LI>Call Chain = set_period_main &rArr; set_period_interface &rArr; set_period_update &rArr; LCD_WriteChar1 &rArr; LCD_AccessLayer &rArr; LCD_ReadREG &rArr; LCD_ReadData &rArr; GPIO_Init
</UL>
<BR>[Calls]<UL><LI><a href="#[82]">&gt;&gt;</a>&nbsp;&nbsp;&nbsp;LCD_ClearMenuText
<LI><a href="#[140]">&gt;&gt;</a>&nbsp;&nbsp;&nbsp;set_period_interface
<LI><a href="#[13e]">&gt;&gt;</a>&nbsp;&nbsp;&nbsp;set_period
<LI><a href="#[81]">&gt;&gt;</a>&nbsp;&nbsp;&nbsp;free
</UL>
<BR>[Address Reference Count : 1]<UL><LI> menu_resource.o(i.PeriodOfTimeMenu_Init)
</UL>
<P><STRONG><a name="[13f]"></a>set_period_update</STRONG> (Thumb, 310 bytes, Stack size 40 bytes, ra8806_ctrl.o(i.set_period_update))
<BR><BR>[Stack]<UL><LI>Max Depth = 120<LI>Call Chain = set_period_update &rArr; LCD_WriteChar1 &rArr; LCD_AccessLayer &rArr; LCD_ReadREG &rArr; LCD_ReadData &rArr; GPIO_Init
</UL>
<BR>[Calls]<UL><LI><a href="#[8c]">&gt;&gt;</a>&nbsp;&nbsp;&nbsp;LCD_NoInv
<LI><a href="#[88]">&gt;&gt;</a>&nbsp;&nbsp;&nbsp;LCD_Inv
<LI><a href="#[84]">&gt;&gt;</a>&nbsp;&nbsp;&nbsp;EXTI_GenerateSWInterrupt
<LI><a href="#[c2]">&gt;&gt;</a>&nbsp;&nbsp;&nbsp;LCD_WriteChar1
<LI><a href="#[89]">&gt;&gt;</a>&nbsp;&nbsp;&nbsp;LCD_SetCursor
</UL>
<BR>[Called By]<UL><LI><a href="#[140]">&gt;&gt;</a>&nbsp;&nbsp;&nbsp;set_period_interface
<LI><a href="#[13e]">&gt;&gt;</a>&nbsp;&nbsp;&nbsp;set_period
</UL>

<P><STRONG><a name="[141]"></a>set_phase</STRONG> (Thumb, 1614 bytes, Stack size 24 bytes, ra8806_ctrl.o(i.set_phase))
<BR><BR>[Stack]<UL><LI>Max Depth = 160<LI>Call Chain = set_phase &rArr; set_phase_update &rArr; LCD_WriteText2 &rArr; LCD_AccessLayer &rArr; LCD_ReadREG &rArr; LCD_ReadData &rArr; GPIO_Init
</UL>
<BR>[Calls]<UL><LI><a href="#[80]">&gt;&gt;</a>&nbsp;&nbsp;&nbsp;KEY_PressMinus
<LI><a href="#[7e]">&gt;&gt;</a>&nbsp;&nbsp;&nbsp;RTC_WaitForLastTask
<LI><a href="#[7f]">&gt;&gt;</a>&nbsp;&nbsp;&nbsp;RTC_ITConfig
<LI><a href="#[142]">&gt;&gt;</a>&nbsp;&nbsp;&nbsp;set_phase_update
<LI><a href="#[bc]">&gt;&gt;</a>&nbsp;&nbsp;&nbsp;keyfunction_help
<LI><a href="#[bb]">&gt;&gt;</a>&nbsp;&nbsp;&nbsp;keyfunction_clear_help
</UL>
<BR>[Called By]<UL><LI><a href="#[68]">&gt;&gt;</a>&nbsp;&nbsp;&nbsp;set_phase_main
</UL>

<P><STRONG><a name="[69]"></a>set_phase_datainit</STRONG> (Thumb, 102 bytes, Stack size 8 bytes, ra8806_ctrl.o(i.set_phase_datainit))
<BR><BR>[Stack]<UL><LI>Max Depth = 192<LI>Call Chain = set_phase_datainit &rArr; set_phase_main &rArr; set_phase_interface &rArr; set_phase_update &rArr; LCD_WriteText2 &rArr; LCD_AccessLayer &rArr; LCD_ReadREG &rArr; LCD_ReadData &rArr; GPIO_Init
</UL>
<BR>[Calls]<UL><LI><a href="#[68]">&gt;&gt;</a>&nbsp;&nbsp;&nbsp;set_phase_main
<LI><a href="#[73]">&gt;&gt;</a>&nbsp;&nbsp;&nbsp;calloc
</UL>
<BR>[Address Reference Count : 1]<UL><LI> menu_resource.o(i.PhaseMenu_Init)
</UL>
<P><STRONG><a name="[143]"></a>set_phase_interface</STRONG> (Thumb, 192 bytes, Stack size 24 bytes, ra8806_ctrl.o(i.set_phase_interface))
<BR><BR>[Stack]<UL><LI>Max Depth = 160<LI>Call Chain = set_phase_interface &rArr; set_phase_update &rArr; LCD_WriteText2 &rArr; LCD_AccessLayer &rArr; LCD_ReadREG &rArr; LCD_ReadData &rArr; GPIO_Init
</UL>
<BR>[Calls]<UL><LI><a href="#[86]">&gt;&gt;</a>&nbsp;&nbsp;&nbsp;LCD_WriteText2
<LI><a href="#[87]">&gt;&gt;</a>&nbsp;&nbsp;&nbsp;LCD_SetAppwindow
<LI><a href="#[84]">&gt;&gt;</a>&nbsp;&nbsp;&nbsp;EXTI_GenerateSWInterrupt
<LI><a href="#[142]">&gt;&gt;</a>&nbsp;&nbsp;&nbsp;set_phase_update
<LI><a href="#[85]">&gt;&gt;</a>&nbsp;&nbsp;&nbsp;LCD_ClearItemAllText
</UL>
<BR>[Called By]<UL><LI><a href="#[68]">&gt;&gt;</a>&nbsp;&nbsp;&nbsp;set_phase_main
</UL>

<P><STRONG><a name="[68]"></a>set_phase_main</STRONG> (Thumb, 108 bytes, Stack size 24 bytes, ra8806_ctrl.o(i.set_phase_main))
<BR><BR>[Stack]<UL><LI>Max Depth = 184<LI>Call Chain = set_phase_main &rArr; set_phase_interface &rArr; set_phase_update &rArr; LCD_WriteText2 &rArr; LCD_AccessLayer &rArr; LCD_ReadREG &rArr; LCD_ReadData &rArr; GPIO_Init
</UL>
<BR>[Calls]<UL><LI><a href="#[82]">&gt;&gt;</a>&nbsp;&nbsp;&nbsp;LCD_ClearMenuText
<LI><a href="#[142]">&gt;&gt;</a>&nbsp;&nbsp;&nbsp;set_phase_update
<LI><a href="#[143]">&gt;&gt;</a>&nbsp;&nbsp;&nbsp;set_phase_interface
<LI><a href="#[141]">&gt;&gt;</a>&nbsp;&nbsp;&nbsp;set_phase
<LI><a href="#[81]">&gt;&gt;</a>&nbsp;&nbsp;&nbsp;free
</UL>
<BR>[Called By]<UL><LI><a href="#[69]">&gt;&gt;</a>&nbsp;&nbsp;&nbsp;set_phase_datainit
</UL>
<BR>[Address Reference Count : 1]<UL><LI> menu_resource.o(i.PhaseMenu_Init)
</UL>
<P><STRONG><a name="[142]"></a>set_phase_update</STRONG> (Thumb, 652 bytes, Stack size 40 bytes, ra8806_ctrl.o(i.set_phase_update))
<BR><BR>[Stack]<UL><LI>Max Depth = 136<LI>Call Chain = set_phase_update &rArr; LCD_WriteText2 &rArr; LCD_AccessLayer &rArr; LCD_ReadREG &rArr; LCD_ReadData &rArr; GPIO_Init
</UL>
<BR>[Calls]<UL><LI><a href="#[86]">&gt;&gt;</a>&nbsp;&nbsp;&nbsp;LCD_WriteText2
<LI><a href="#[b1]">&gt;&gt;</a>&nbsp;&nbsp;&nbsp;LCD_WriteText1
<LI><a href="#[8c]">&gt;&gt;</a>&nbsp;&nbsp;&nbsp;LCD_NoInv
<LI><a href="#[88]">&gt;&gt;</a>&nbsp;&nbsp;&nbsp;LCD_Inv
<LI><a href="#[84]">&gt;&gt;</a>&nbsp;&nbsp;&nbsp;EXTI_GenerateSWInterrupt
<LI><a href="#[b0]">&gt;&gt;</a>&nbsp;&nbsp;&nbsp;LCD_WriteChar2
<LI><a href="#[c2]">&gt;&gt;</a>&nbsp;&nbsp;&nbsp;LCD_WriteChar1
<LI><a href="#[89]">&gt;&gt;</a>&nbsp;&nbsp;&nbsp;LCD_SetCursor
</UL>
<BR>[Called By]<UL><LI><a href="#[68]">&gt;&gt;</a>&nbsp;&nbsp;&nbsp;set_phase_main
<LI><a href="#[143]">&gt;&gt;</a>&nbsp;&nbsp;&nbsp;set_phase_interface
<LI><a href="#[141]">&gt;&gt;</a>&nbsp;&nbsp;&nbsp;set_phase
</UL>
<P>
<H3>
Local Symbols
</H3>
<P><STRONG><a name="[108]"></a>SetSysClock</STRONG> (Thumb, 8 bytes, Stack size 8 bytes, system_stm32f10x.o(i.SetSysClock))
<BR><BR>[Stack]<UL><LI>Max Depth = 8<LI>Call Chain = SetSysClock
</UL>
<BR>[Calls]<UL><LI><a href="#[109]">&gt;&gt;</a>&nbsp;&nbsp;&nbsp;SetSysClockTo72
</UL>
<BR>[Called By]<UL><LI><a href="#[47]">&gt;&gt;</a>&nbsp;&nbsp;&nbsp;SystemInit
</UL>

<P><STRONG><a name="[109]"></a>SetSysClockTo72</STRONG> (Thumb, 192 bytes, Stack size 0 bytes, system_stm32f10x.o(i.SetSysClockTo72))
<BR><BR>[Called By]<UL><LI><a href="#[108]">&gt;&gt;</a>&nbsp;&nbsp;&nbsp;SetSysClock
</UL>

<P><STRONG><a name="[122]"></a>_printf_core</STRONG> (Thumb, 334 bytes, Stack size 88 bytes, printf1.o(i._printf_core), UNUSED)
<BR><BR>[Calls]<UL><LI><a href="#[123]">&gt;&gt;</a>&nbsp;&nbsp;&nbsp;__aeabi_uidivmod
</UL>
<BR>[Called By]<UL><LI><a href="#[121]">&gt;&gt;</a>&nbsp;&nbsp;&nbsp;__0printf$1
</UL>
<P>
<H3>
Undefined Global Symbols
</H3><HR></body></html>
