ARM Linker, 4.1 [Build 481] [Standard]

==============================================================================

Section Cross References

    stm32f10x_usart.o(i.USART_DeInit) refers to stm32f10x_rcc.o(i.RCC_APB2PeriphResetCmd) for RCC_APB2PeriphResetCmd
    stm32f10x_usart.o(i.USART_DeInit) refers to stm32f10x_rcc.o(i.RCC_APB1PeriphResetCmd) for RCC_APB1PeriphResetCmd
    stm32f10x_usart.o(i.USART_Init) refers to stm32f10x_rcc.o(i.RCC_GetClocksFreq) for RCC_GetClocksFreq
    stm32f10x_bkp.o(i.BKP_DeInit) refers to stm32f10x_rcc.o(i.RCC_BackupResetCmd) for RCC_BackupResetCmd
    stm32f10x_gpio.o(i.GPIO_AFIODeInit) refers to stm32f10x_rcc.o(i.RCC_APB2PeriphResetCmd) for RCC_APB2PeriphResetCmd
    stm32f10x_gpio.o(i.GPIO_DeInit) refers to stm32f10x_rcc.o(i.RCC_APB2PeriphResetCmd) for RCC_APB2PeriphResetCmd
    stm32f10x_pwr.o(i.PWR_DeInit) refers to stm32f10x_rcc.o(i.RCC_APB1PeriphResetCmd) for RCC_APB1PeriphResetCmd
    stm32f10x_rcc.o(i.RCC_GetClocksFreq) refers to stm32f10x_rcc.o(.data) for APBAHBPrescTable
    stm32f10x_rcc.o(i.RCC_WaitForHSEStartUp) refers to stm32f10x_rcc.o(i.RCC_GetFlagStatus) for RCC_GetFlagStatus
    stm32f10x_rtc.o(i.RTC_SetAlarm) refers to stm32f10x_rtc.o(i.RTC_EnterConfigMode) for RTC_EnterConfigMode
    stm32f10x_rtc.o(i.RTC_SetAlarm) refers to stm32f10x_rtc.o(i.RTC_ExitConfigMode) for RTC_ExitConfigMode
    stm32f10x_rtc.o(i.RTC_SetCounter) refers to stm32f10x_rtc.o(i.RTC_EnterConfigMode) for RTC_EnterConfigMode
    stm32f10x_rtc.o(i.RTC_SetCounter) refers to stm32f10x_rtc.o(i.RTC_ExitConfigMode) for RTC_ExitConfigMode
    stm32f10x_rtc.o(i.RTC_SetPrescaler) refers to stm32f10x_rtc.o(i.RTC_EnterConfigMode) for RTC_EnterConfigMode
    stm32f10x_rtc.o(i.RTC_SetPrescaler) refers to stm32f10x_rtc.o(i.RTC_ExitConfigMode) for RTC_ExitConfigMode
    stm32f10x_tim.o(i.TIM_DeInit) refers to stm32f10x_rcc.o(i.RCC_APB2PeriphResetCmd) for RCC_APB2PeriphResetCmd
    stm32f10x_tim.o(i.TIM_DeInit) refers to stm32f10x_rcc.o(i.RCC_APB1PeriphResetCmd) for RCC_APB1PeriphResetCmd
    stm32f10x_tim.o(i.TIM_ETRClockMode1Config) refers to stm32f10x_tim.o(i.TIM_ETRConfig) for TIM_ETRConfig
    stm32f10x_tim.o(i.TIM_ETRClockMode2Config) refers to stm32f10x_tim.o(i.TIM_ETRConfig) for TIM_ETRConfig
    stm32f10x_tim.o(i.TIM_ICInit) refers to stm32f10x_tim.o(i.TI1_Config) for TI1_Config
    stm32f10x_tim.o(i.TIM_ICInit) refers to stm32f10x_tim.o(i.TIM_SetIC1Prescaler) for TIM_SetIC1Prescaler
    stm32f10x_tim.o(i.TIM_ICInit) refers to stm32f10x_tim.o(i.TI2_Config) for TI2_Config
    stm32f10x_tim.o(i.TIM_ICInit) refers to stm32f10x_tim.o(i.TIM_SetIC2Prescaler) for TIM_SetIC2Prescaler
    stm32f10x_tim.o(i.TIM_ICInit) refers to stm32f10x_tim.o(i.TI3_Config) for TI3_Config
    stm32f10x_tim.o(i.TIM_ICInit) refers to stm32f10x_tim.o(i.TIM_SetIC3Prescaler) for TIM_SetIC3Prescaler
    stm32f10x_tim.o(i.TIM_ICInit) refers to stm32f10x_tim.o(i.TI4_Config) for TI4_Config
    stm32f10x_tim.o(i.TIM_ICInit) refers to stm32f10x_tim.o(i.TIM_SetIC4Prescaler) for TIM_SetIC4Prescaler
    stm32f10x_tim.o(i.TIM_ITRxExternalClockConfig) refers to stm32f10x_tim.o(i.TIM_SelectInputTrigger) for TIM_SelectInputTrigger
    stm32f10x_tim.o(i.TIM_PWMIConfig) refers to stm32f10x_tim.o(i.TI1_Config) for TI1_Config
    stm32f10x_tim.o(i.TIM_PWMIConfig) refers to stm32f10x_tim.o(i.TIM_SetIC1Prescaler) for TIM_SetIC1Prescaler
    stm32f10x_tim.o(i.TIM_PWMIConfig) refers to stm32f10x_tim.o(i.TI2_Config) for TI2_Config
    stm32f10x_tim.o(i.TIM_PWMIConfig) refers to stm32f10x_tim.o(i.TIM_SetIC2Prescaler) for TIM_SetIC2Prescaler
    stm32f10x_tim.o(i.TIM_TIxExternalClockConfig) refers to stm32f10x_tim.o(i.TI2_Config) for TI2_Config
    stm32f10x_tim.o(i.TIM_TIxExternalClockConfig) refers to stm32f10x_tim.o(i.TI1_Config) for TI1_Config
    stm32f10x_tim.o(i.TIM_TIxExternalClockConfig) refers to stm32f10x_tim.o(i.TIM_SelectInputTrigger) for TIM_SelectInputTrigger
    stm32f10x_i2c.o(i.I2C_DeInit) refers to stm32f10x_rcc.o(i.RCC_APB1PeriphResetCmd) for RCC_APB1PeriphResetCmd
    stm32f10x_i2c.o(i.I2C_Init) refers to stm32f10x_rcc.o(i.RCC_GetClocksFreq) for RCC_GetClocksFreq
    stm32f10x_spi.o(i.I2S_Init) refers to stm32f10x_rcc.o(i.RCC_GetClocksFreq) for RCC_GetClocksFreq
    stm32f10x_spi.o(i.SPI_I2S_DeInit) refers to stm32f10x_rcc.o(i.RCC_APB2PeriphResetCmd) for RCC_APB2PeriphResetCmd
    stm32f10x_spi.o(i.SPI_I2S_DeInit) refers to stm32f10x_rcc.o(i.RCC_APB1PeriphResetCmd) for RCC_APB1PeriphResetCmd
    system_stm32f10x.o(i.SetSysClock) refers to system_stm32f10x.o(i.SetSysClockTo72) for SetSysClockTo72
    system_stm32f10x.o(i.SystemCoreClockUpdate) refers to system_stm32f10x.o(.data) for SystemCoreClock
    system_stm32f10x.o(i.SystemInit) refers to system_stm32f10x.o(i.SetSysClock) for SetSysClock
    startup_stm32f10x_hd.o(RESET) refers to startup_stm32f10x_hd.o(STACK) for __initial_sp
    startup_stm32f10x_hd.o(RESET) refers to startup_stm32f10x_hd.o(.text) for Reset_Handler
[...]
    RCC_SYSCLKConfig                         0x08005cad   Thumb Code    18  stm32f10x_rcc.o(i.RCC_SYSCLKConfig)
    RCC_WaitForHSEStartUp                    0x08005cc5   Thumb Code    48  stm32f10x_rcc.o(i.RCC_WaitForHSEStartUp)
    RTCSetMenu_Init                          0x08005cf5   Thumb Code   114  menu_resource.o(i.RTCSetMenu_Init)
    RTC_ClearITPendingBit                    0x08005df5   Thumb Code    22  stm32f10x_rtc.o(i.RTC_ClearITPendingBit)
    RTC_Config                               0x08005e15   Thumb Code   106  sys_config.o(i.RTC_Config)
    RTC_EnterConfigMode                      0x08005e85   Thumb Code    16  stm32f10x_rtc.o(i.RTC_EnterConfigMode)
    RTC_ExitConfigMode                       0x08005e9d   Thumb Code    20  stm32f10x_rtc.o(i.RTC_ExitConfigMode)
    RTC_GetCounter                           0x08005eb9   Thumb Code    18  stm32f10x_rtc.o(i.RTC_GetCounter)
    RTC_GetFlagStatus                        0x08005ed5   Thumb Code    20  stm32f10x_rtc.o(i.RTC_GetFlagStatus)
    RTC_IRQHandler                           0x08005eed   Thumb Code   218  stm32f10x_it.o(i.RTC_IRQHandler)
    RTC_ITConfig                             0x08005fed   Thumb Code    40  stm32f10x_rtc.o(i.RTC_ITConfig)
    RTC_SetCounter                           0x0800601d   Thumb Code    26  stm32f10x_rtc.o(i.RTC_SetCounter)
    RTC_SetDate                              0x08006041   Thumb Code  1488  ra8806_ctrl.o(i.RTC_SetDate)
    RTC_SetDate_Init                         0x0800661d   Thumb Code   178  ra8806_ctrl.o(i.RTC_SetDate_Init)
    RTC_SetDate_Update                       0x0800672d   Thumb Code   374  ra8806_ctrl.o(i.RTC_SetDate_Update)
    RTC_SetPrescaler                         0x080068ad   Thumb Code    28  stm32f10x_rtc.o(i.RTC_SetPrescaler)
    RTC_WaitForLastTask                      0x080068d1   Thumb Code    14  stm32f10x_rtc.o(i.RTC_WaitForLastTask)
    RTC_WaitForSynchro                       0x080068e5   Thumb Code    32  stm32f10x_rtc.o(i.RTC_WaitForSynchro)
    SPI1_Config                              0x0800690d   Thumb Code    78  sys_config.o(i.SPI1_Config)
    SPI1_ReadWrite                           0x08006961   Thumb Code    50  spi_op.o(i.SPI1_ReadWrite)
    SPI_Cmd                                  0x08006999   Thumb Code    24  stm32f10x_spi.o(i.SPI_Cmd)
    SPI_I2S_GetFlagStatus                    0x080069b1   Thumb Code    18  stm32f10x_spi.o(i.SPI_I2S_GetFlagStatus)
    SPI_I2S_ReceiveData                      0x080069c3   Thumb Code     6  stm32f10x_spi.o(i.SPI_I2S_ReceiveData)
    SPI_I2S_SendData                         0x080069c9   Thumb Code     4  stm32f10x_spi.o(i.SPI_I2S_SendData)
    SPI_Init                                 0x080069cd   Thumb Code    60  stm32f10x_spi.o(i.SPI_Init)
    SVC_Handler                              0x08006a09   Thumb Code     2  stm32f10x_it.o(i.SVC_Handler)
    Set_FlashAllowence                       0x08006add   Thumb Code   288  ra8806_ctrl.o(i.Set_FlashAllowence)
    Set_FlashAllowence_Interface             0x08006c11   Thumb Code   184  ra8806_ctrl.o(i.Set_FlashAllowence_Interface)
    SysTick_Handler                          0x08006d9d   Thumb Code    32  stm32f10x_it.o(i.SysTick_Handler)
    SystemInit                               0x08006dc9   Thumb Code    78  system_stm32f10x.o(i.SystemInit)
    TIM2_IRQHandler                          0x08006e29   Thumb Code   256  stm32f10x_it.o(i.TIM2_IRQHandler)
    TIM6_IRQHandler                          0x08006f55   Thumb Code   456  stm32f10x_it.o(i.TIM6_IRQHandler)
    TIM_ARRPreloadConfig                     0x08007141   Thumb Code    24  stm32f10x_tim.o(i.TIM_ARRPreloadConfig)
    TIM_Basic_Config                         0x08007159   Thumb Code    92  sys_config.o(i.TIM_Basic_Config)
    TIM_ClearFlag                            0x080071b5   Thumb Code     6  stm32f10x_tim.o(i.TIM_ClearFlag)
    TIM_ClearITPendingBit                    0x080071bb   Thumb Code     6  stm32f10x_tim.o(i.TIM_ClearITPendingBit)
    TIM_Cmd                                  0x080071c1   Thumb Code    24  stm32f10x_tim.o(i.TIM_Cmd)
    TIM_Config                               0x080071d9   Thumb Code   126  sys_config.o(i.TIM_Config)
    TIM_DeInit                               0x08007259   Thumb Code   424  stm32f10x_tim.o(i.TIM_DeInit)
    TIM_GetFlagStatus                        0x08007441   Thumb Code    18  stm32f10x_tim.o(i.TIM_GetFlagStatus)
    TIM_ITConfig                             0x08007453   Thumb Code    24  stm32f10x_tim.o(i.TIM_ITConfig)
    TIM_InternalClockConfig                  0x0800746b   Thumb Code    12  stm32f10x_tim.o(i.TIM_InternalClockConfig)
    TIM_OC2Init                              0x08007479   Thumb Code   146  stm32f10x_tim.o(i.TIM_OC2Init)
    TIM_SelectOnePulseMode                   0x08007515   Thumb Code    18  stm32f10x_tim.o(i.TIM_SelectOnePulseMode)
    TIM_TimeBaseInit                         0x08007529   Thumb Code   122  stm32f10x_tim.o(i.TIM_TimeBaseInit)
    TIM_UpdateRequestConfig                  0x080075cd   Thumb Code    24  stm32f10x_tim.o(i.TIM_UpdateRequestConfig)
    TimeSetMenu_Init                         0x080075e5   Thumb Code   112  menu_resource.o(i.TimeSetMenu_Init)
    Time_ConvCalendarToUnix                  0x080076c5   Thumb Code    24  time_op.o(i.Time_ConvCalendarToUnix)
    Time_ConvUnixToCalendar                  0x080076dd   Thumb Code    32  time_op.o(i.Time_ConvUnixToCalendar)
    Time_GetUnixTime                         0x080076fd   Thumb Code     8  time_op.o(i.Time_GetUnixTime)
    Time_JudgeDayOrNight                     0x08007705   Thumb Code   118  time_op.o(i.Time_JudgeDayOrNight)
    Time_JudgeTimeTable                      0x08007789   Thumb Code   162  time_op.o(i.Time_JudgeTimeTable)
    Time_SetCalendarTime                     0x08007839   Thumb Code    38  time_op.o(i.Time_SetCalendarTime)
    Time_SetUnixTime                         0x0800785f   Thumb Code    20  time_op.o(i.Time_SetUnixTime)
    USART_Cmd                                0x08007873   Thumb Code    24  stm32f10x_usart.o(i.USART_Cmd)
    USART_Config                             0x0800788d   Thumb Code    52  sys_config.o(i.USART_Config)
    USART_Init                               0x080078c5   Thumb Code   210  stm32f10x_usart.o(i.USART_Init)
    USART_SendData                           0x0800799d   Thumb Code     8  stm32f10x_usart.o(i.USART_SendData)
    UsageFault_Handler                       0x080079a5   Thumb Code     4  stm32f10x_it.o(i.UsageFault_Handler)
    Var_Init                                 0x080079a9   Thumb Code   106  ex_var.o(i.Var_Init)
    __0printf$3                              0x08007a71   Thumb Code    22  printf3.o(i.__0printf$3)
    __1printf$3                              0x08007a71   Thumb Code     0  printf3.o(i.__0printf$3)
    __2printf                                0x08007a71   Thumb Code     0  printf3.o(i.__0printf$3)
    __0sprintf$3                             0x08007a91   Thumb Code    34  printf3.o(i.__0sprintf$3)
    __1sprintf$3                             0x08007a91   Thumb Code     0  printf3.o(i.__0sprintf$3)
    __2sprintf                               0x08007a91   Thumb Code     0  printf3.o(i.__0sprintf$3)
    __scatterload_copy                       0x08007ab9   Thumb Code    14  handlers.o(i.__scatterload_copy)
    __scatterload_null                       0x08007ac7   Thumb Code     2  handlers.o(i.__scatterload_null)
    __scatterload_zeroinit                   0x08007ac9   Thumb Code    14  handlers.o(i.__scatterload_zeroinit)
    add_period                               0x08007c99   Thumb Code   756  ra8806_ctrl.o(i.add_period)
    add_period_datainit                      0x08007fc5   Thumb Code    48  ra8806_ctrl.o(i.add_period_datainit)
    add_period_interface                     0x08007ff9   Thumb Code   172  ra8806_ctrl.o(i.add_period_interface)
    add_period_main                          0x08008131   Thumb Code   120  ra8806_ctrl.o(i.add_period_main)
    add_period_update                        0x080081ad   Thumb Code   228  ra8806_ctrl.o(i.add_period_update)
    add_phase                                0x0800829d   Thumb Code   970  ra8806_ctrl.o(i.add_phase)
    add_phase_datainit                       0x080086c1   Thumb Code    46  ra8806_ctrl.o(i.add_phase_datainit)
    add_phase_interface                      0x080086f5   Thumb Code   154  ra8806_ctrl.o(i.add_phase_interface)
    add_phase_main                           0x0800884d   Thumb Code   118  ra8806_ctrl.o(i.add_phase_main)
    add_phase_update                         0x080088c9   Thumb Code   242  ra8806_ctrl.o(i.add_phase_update)
    dayflash                                 0x080089f1   Thumb Code   290  ra8806_ctrl.o(i.dayflash)
    dayflash_Interface                       0x08008b29   Thumb Code   184  ra8806_ctrl.o(i.dayflash_Interface)
    dayflash_datainit                        0x08008cb5   Thumb Code    66  ra8806_ctrl.o(i.dayflash_datainit)
    dayflash_main                            0x08008d01   Thumb Code   104  ra8806_ctrl.o(i.dayflash_main)
    del_period                               0x08008d6d   Thumb Code   556  ra8806_ctrl.o(i.del_period)
    del_period_datainit                      0x08008fb9   Thumb Code    98  ra8806_ctrl.o(i.del_period_datainit)
    del_period_interface                     0x08009025   Thumb Code   188  ra8806_ctrl.o(i.del_period_interface)
    del_period_main                          0x08009155   Thumb Code   114  ra8806_ctrl.o(i.del_period_main)
    del_period_update                        0x080091cd   Thumb Code   540  ra8806_ctrl.o(i.del_period_update)
    del_phase                                0x080093fd   Thumb Code  1248  ra8806_ctrl.o(i.del_phase)
    del_phase_datainit                       0x0800990d   Thumb Code   104  ra8806_ctrl.o(i.del_phase_datainit)
    del_phase_interface                      0x0800997d   Thumb Code   202  ra8806_ctrl.o(i.del_phase_interface)
    del_phase_main                           0x08009b1d   Thumb Code   122  ra8806_ctrl.o(i.del_phase_main)
    del_phase_update                         0x08009b9d   Thumb Code   654  ra8806_ctrl.o(i.del_phase_update)
    delay                                    0x08009e51   Thumb Code    12  delay.o(i.delay)
    delay_100ns                              0x08009e5d   Thumb Code    24  delay.o(i.delay_100ns)
    delay_us                                 0x08009e75   Thumb Code    24  delay.o(i.delay_us)
    disp_frame1                              0x08009e8d   Thumb Code    78  key_op.o(i.disp_frame1)
    disp_frame2                              0x08009ee5   Thumb Code    82  key_op.o(i.disp_frame2)
    disp_help1                               0x08009f39   Thumb Code   110  key_op.o(i.disp_help1)
    disp_help2                               0x08009fd1   Thumb Code   130  key_op.o(i.disp_help2)
    disp_item                                0x0800a085   Thumb Code   270  key_op.o(i.disp_item)
    e2prom_check_busy                        0x0800a1ad   Thumb Code    58  at24c64_op.o(i.e2prom_check_busy)
    e2prom_read_bytes                        0x0800a1ed   Thumb Code   374  at24c64_op.o(i.e2prom_read_bytes)
    e2prom_send_data                         0x0800a369   Thumb Code    88  at24c64_op.o(i.e2prom_send_data)
    e2prom_start_condition                   0x0800a3c5   Thumb Code    68  at24c64_op.o(i.e2prom_start_condition)
    e2prom_stop_condition                    0x0800a40d   Thumb Code    60  at24c64_op.o(i.e2prom_stop_condition)
    e2prom_waitfor_ack                       0x0800a44d   Thumb Code    86  at24c64_op.o(i.e2prom_waitfor_ack)
    e2prom_write_bytes                       0x0800a4a9   Thumb Code   186  at24c64_op.o(i.e2prom_write_bytes)
    enc28j60Init                             0x0800a565   Thumb Code   476  enc28j60.o(i.enc28j60Init)
    enc28j60PacketReceive                    0x0800a7ad   Thumb Code   192  enc28j60.o(i.enc28j60PacketReceive)
    enc28j60PacketSend                       0x0800a871   Thumb Code   122  enc28j60.o(i.enc28j60PacketSend)
    enc28j60PhyRead                          0x0800a8eb   Thumb Code    70  enc28j60.o(i.enc28j60PhyRead)
    enc28j60PhyWrite                         0x0800a931   Thumb Code    48  enc28j60.o(i.enc28j60PhyWrite)
    enc28j60Read                             0x0800a961   Thumb Code    20  enc28j60.o(i.enc28j60Read)
    enc28j60ReadBuffer                       0x0800a975   Thumb Code    50  enc28j60.o(i.enc28j60ReadBuffer)
    enc28j60ReadOp                           0x0800a9b1   Thumb Code    60  enc28j60.o(i.enc28j60ReadOp)
    enc28j60SetBank                          0x0800a9f5   Thumb Code    48  enc28j60.o(i.enc28j60SetBank)
    enc28j60Write                            0x0800aa29   Thumb Code    24  enc28j60.o(i.enc28j60Write)
    enc28j60WriteBuffer                      0x0800aa41   Thumb Code    44  enc28j60.o(i.enc28j60WriteBuffer)
    enc28j60WriteOp                          0x0800aa75   Thumb Code    52  enc28j60.o(i.enc28j60WriteOp)
    etharp_output                            0x0800ae01   Thumb Code   354  etharp.o(i.etharp_output)
    etharp_query                             0x0800aff5   Thumb Code   420  etharp.o(i.etharp_query)
    etharp_request                           0x0800b291   Thumb Code    36  etharp.o(i.etharp_request)
    etharp_tmr                               0x0800b301   Thumb Code   140  etharp.o(i.etharp_tmr)
    ethernet_input                           0x0800b46d   Thumb Code   226  etharp.o(i.ethernet_input)
    ethernetif_init                          0x0800b559   Thumb Code    68  ethernetif.o(i.ethernetif_init)
    ethernetif_input                         0x0800b5a5   Thumb Code    88  ethernetif.o(i.ethernetif_input)
    flash_allowed_datainit                   0x0800b5fd   Thumb Code    64  ra8806_ctrl.o(i.flash_allowed_datainit)
    flash_allowed_main                       0x0800b645   Thumb Code   104  ra8806_ctrl.o(i.flash_allowed_main)
    flashfunc_update                         0x0800b6b1   Thumb Code   140  ra8806_ctrl.o(i.flashfunc_update)
    fputc                                    0x0800b751   Thumb Code    30  usart_op.o(i.fputc)
    free                                     0x0800b775   Thumb Code    76  malloc.o(i.free)
    icmp_dest_unreach                        0x0800b7c5   Thumb Code    18  icmp.o(i.icmp_dest_unreach)
    icmp_input                               0x0800b7d9   Thumb Code   530  icmp.o(i.icmp_input)
    icmp_time_exceeded                       0x0800ba89   Thumb Code    18  icmp.o(i.icmp_time_exceeded)
    inet_chksum                              0x0800ba9b   Thumb Code    20  inet_chksum.o(i.inet_chksum)
    inet_chksum_pbuf                         0x0800baaf   Thumb Code    86  inet_chksum.o(i.inet_chksum_pbuf)
    inet_chksum_pseudo                       0x0800bb05   Thumb Code   164  inet_chksum.o(i.inet_chksum_pseudo)
    ip4_addr_isbroadcast                     0x0800bba9   Thumb Code    78  ip_addr.o(i.ip4_addr_isbroadcast)
    ip_frag                                  0x0800bbf9   Thumb Code   448  ip_frag.o(i.ip_frag)
    ip_input                                 0x0800bde5   Thumb Code   544  ip.o(i.ip_input)
    ip_output                                0x0800c01d   Thumb Code    82  ip.o(i.ip_output)
    ip_output_if                             0x0800c075   Thumb Code   312  ip.o(i.ip_output_if)
    ip_reass                                 0x0800c1b5   Thumb Code   448  ip_frag.o(i.ip_reass)
    ip_route                                 0x0800c709   Thumb Code    92  ip.o(i.ip_route)
    keyfunction_clear_help                   0x0800c7a1   Thumb Code    70  ra8806_ctrl.o(i.keyfunction_clear_help)
    keyfunction_help                         0x0800c7f1   Thumb Code    78  ra8806_ctrl.o(i.keyfunction_help)
    ledgpio_map_check_used                   0x0800c849   Thumb Code    50  led_op.o(i.ledgpio_map_check_used)
    ledgpio_saveto_e2prom                    0x0800c881   Thumb Code    68  ra8806_ctrl.o(i.ledgpio_saveto_e2prom)
    lwip_eth_poll                            0x0800c9a5   Thumb Code   154  netconf.o(i.lwip_eth_poll)
    lwip_htonl                               0x0800ca59   Thumb Code    26  def.o(i.lwip_htonl)
    lwip_htons                               0x0800ca73   Thumb Code    12  def.o(i.lwip_htons)
    lwip_ntohl                               0x0800ca7f   Thumb Code    12  def.o(i.lwip_ntohl)
    lwip_ntohs                               0x0800ca8b   Thumb Code    12  def.o(i.lwip_ntohs)
    main                                     0x0800caf5   Thumb Code   158  main.o(i.main)
    malloc                                   0x0800cbb1   Thumb Code    92  malloc.o(i.malloc)
    mem_calloc                               0x0800cc1d   Thumb Code    34  mem.o(i.mem_calloc)
    mem_free                                 0x0800cc41   Thumb Code   144  mem.o(i.mem_free)
    mem_init                                 0x0800cce1   Thumb Code    80  mem.o(i.mem_init)
    mem_malloc                               0x0800cd45   Thumb Code   368  mem.o(i.mem_malloc)
    mem_trim                                 0x0800cec5   Thumb Code   376  mem.o(i.mem_trim)
    memp_free                                0x0800d04d   Thumb Code    60  memp.o(i.memp_free)
    memp_init                                0x0800d091   Thumb Code   132  memp.o(i.memp_init)
    memp_malloc                              0x0800d129   Thumb Code   162  memp.o(i.memp_malloc)
    menu_keywork_mode1                       0x0800d1d5   Thumb Code   130  key_op.o(i.menu_keywork_mode1)
    menu_keywork_mode2                       0x0800d26d   Thumb Code   122  key_op.o(i.menu_keywork_mode2)
    netif_add                                0x0800d2fd   Thumb Code   106  netif.o(i.netif_add)
    netif_set_addr                           0x0800d371   Thumb Code    40  netif.o(i.netif_set_addr)
    netif_set_default                        0x0800d399   Thumb Code     6  netif.o(i.netif_set_default)
    netif_set_gw                             0x0800d3a5   Thumb Code    12  netif.o(i.netif_set_gw)
    netif_set_ipaddr                         0x0800d3b1   Thumb Code   110  netif.o(i.netif_set_ipaddr)
    netif_set_netmask                        0x0800d429   Thumb Code    12  netif.o(i.netif_set_netmask)
    netif_set_up                             0x0800d435   Thumb Code    54  netif.o(i.netif_set_up)
    nightflash_Interface                     0x0800d46d   Thumb Code   184  ra8806_ctrl.o(i.nightflash_Interface)
    nightflash_datainit                      0x0800d5f9   Thumb Code    66  ra8806_ctrl.o(i.nightflash_datainit)
    nightflash_main                          0x0800d645   Thumb Code   104  ra8806_ctrl.o(i.nightflash_main)
    pbuf_alloc                               0x0800d6b1   Thumb Code   454  pbuf.o(i.pbuf_alloc)
    pbuf_alloced_custom                      0x0800d877   Thumb Code   100  pbuf.o(i.pbuf_alloced_custom)
    pbuf_cat                                 0x0800d8db   Thumb Code    80  pbuf.o(i.pbuf_cat)
    pbuf_clen                                0x0800d92b   Thumb Code    18  pbuf.o(i.pbuf_clen)
    pbuf_copy                                0x0800d93d   Thumb Code   228  pbuf.o(i.pbuf_copy)
    pbuf_copy_partial                        0x0800da21   Thumb Code   154  pbuf.o(i.pbuf_copy_partial)
    pbuf_free                                0x0800dabb   Thumb Code   186  pbuf.o(i.pbuf_free)
    pbuf_header                              0x0800db75   Thumb Code   140  pbuf.o(i.pbuf_header)
    pbuf_realloc                             0x0800dc01   Thumb Code   176  pbuf.o(i.pbuf_realloc)
    pbuf_ref                                 0x0800dcb1   Thumb Code    10  pbuf.o(i.pbuf_ref)
    print_client_pcb_state                   0x0800dd71   Thumb Code    22  tcp_client.o(i.print_client_pcb_state)
    print_server_pcb_state                   0x0800dd9d   Thumb Code    22  tcp_server.o(i.print_server_pcb_state)
    raw_input                                0x0800ddcd   Thumb Code   102  raw.o(i.raw_input)
    reset_ledgpio_map                        0x0800de41   Thumb Code   536  ra8806_ctrl.o(i.reset_ledgpio_map)
    set_period                               0x0800e05d   Thumb Code   918  ra8806_ctrl.o(i.set_period)
    set_period_datainit                      0x0800e415   Thumb Code    56  ra8806_ctrl.o(i.set_period_datainit)
    set_period_interface                     0x0800e455   Thumb Code   152  ra8806_ctrl.o(i.set_period_interface)
    set_period_main                          0x0800e555   Thumb Code   114  ra8806_ctrl.o(i.set_period_main)
    set_period_update                        0x0800e5cd   Thumb Code   310  ra8806_ctrl.o(i.set_period_update)
    set_phase                                0x0800e715   Thumb Code  1614  ra8806_ctrl.o(i.set_phase)
    set_phase_datainit                       0x0800ed81   Thumb Code   102  ra8806_ctrl.o(i.set_phase_datainit)
    set_phase_interface                      0x0800edf1   Thumb Code   192  ra8806_ctrl.o(i.set_phase_interface)
    set_phase_main                           0x0800ef7d   Thumb Code   108  ra8806_ctrl.o(i.set_phase_main)
    set_phase_update                         0x0800efed   Thumb Code   652  ra8806_ctrl.o(i.set_phase_update)
    sys_timeout                              0x0800f291   Thumb Code   158  timers.o(i.sys_timeout)
    tcp_abandon                              0x0800f335   Thumb Code   156  tcp.o(i.tcp_abandon)
    tcp_abort                                0x0800f3dd   Thumb Code    14  tcp.o(i.tcp_abort)
    tcp_accept                               0x0800f3eb   Thumb Code     4  tcp.o(i.tcp_accept)
    tcp_alloc                                0x0800f3f9   Thumb Code   236  tcp.o(i.tcp_alloc)
    tcp_arg                                  0x0800f4fd   Thumb Code     4  tcp.o(i.tcp_arg)
    tcp_bind                                 0x0800f501   Thumb Code   146  tcp.o(i.tcp_bind)
    tcp_client_connected                     0x0800f59d   Thumb Code   112  tcp_client.o(i.tcp_client_connected)
    tcp_client_errf                          0x0800f65d   Thumb Code   192  tcp_client.o(i.tcp_client_errf)
    tcp_client_poll                          0x0800f84d   Thumb Code   114  tcp_client.o(i.tcp_client_poll)
    tcp_client_recv                          0x0800f8f9   Thumb Code   716  tcp_client.o(i.tcp_client_recv)
    tcp_client_request                       0x0800fcb1   Thumb Code    76  tcp_client.o(i.tcp_client_request)
    tcp_client_sent                          0x0800fd31   Thumb Code    62  tcp_client.o(i.tcp_client_sent)
    tcp_close                                0x0800fd79   Thumb Code    28  tcp.o(i.tcp_close)
    tcp_connect                              0x0800ff69   Thumb Code   326  tcp.o(i.tcp_connect)
    tcp_debug_state_str                      0x08010185   Thumb Code    10  tcp.o(i.tcp_debug_state_str)
    tcp_eff_send_mss                         0x08010195   Thumb Code    46  tcp.o(i.tcp_eff_send_mss)
    tcp_enqueue_flags                        0x080101c5   Thumb Code   382  tcp_out.o(i.tcp_enqueue_flags)
    tcp_err                                  0x08010349   Thumb Code    20  tcp.o(i.tcp_err)
    tcp_fasttmr                              0x0801035d   Thumb Code   110  tcp.o(i.tcp_fasttmr)
    tcp_input                                0x080103d9   Thumb Code  1364  tcp_in.o(i.tcp_input)
    tcp_keepalive                            0x08010959   Thumb Code   100  tcp_out.o(i.tcp_keepalive)
    tcp_listen_with_backlog                  0x08010b95   Thumb Code   202  tcp.o(i.tcp_listen_with_backlog)
    tcp_new                                  0x08010c71   Thumb Code    10  tcp.o(i.tcp_new)
    tcp_next_iss                             0x08010ce5   Thumb Code    20  tcp.o(i.tcp_next_iss)
    tcp_output                               0x08010d91   Thumb Code   464  tcp_out.o(i.tcp_output)
    tcp_pcb_purge                            0x08011209   Thumb Code    72  tcp.o(i.tcp_pcb_purge)
    tcp_pcb_remove                           0x08011251   Thumb Code   168  tcp.o(i.tcp_pcb_remove)
    tcp_poll                                 0x080112fd   Thumb Code    24  tcp.o(i.tcp_poll)
    tcp_process_refused_data                 0x080118b9   Thumb Code   144  tcp.o(i.tcp_process_refused_data)
    tcp_recv                                 0x08012421   Thumb Code    20  tcp.o(i.tcp_recv)
    tcp_recv_null                            0x08012435   Thumb Code    46  tcp.o(i.tcp_recv_null)
    tcp_recved                               0x08012463   Thumb Code    96  tcp.o(i.tcp_recved)
    tcp_rexmit                               0x080124c3   Thumb Code    90  tcp_out.o(i.tcp_rexmit)
    tcp_rexmit_fast                          0x0801251d   Thumb Code   112  tcp_out.o(i.tcp_rexmit_fast)
    tcp_rexmit_rto                           0x0801258d   Thumb Code    58  tcp_out.o(i.tcp_rexmit_rto)
    tcp_rst                                  0x080125c9   Thumb Code   166  tcp_out.o(i.tcp_rst)
    tcp_seg_copy                             0x08012675   Thumb Code    36  tcp.o(i.tcp_seg_copy)
    tcp_seg_free                             0x08012699   Thumb Code    26  tcp.o(i.tcp_seg_free)
    tcp_segs_free                            0x080126b3   Thumb Code    24  tcp.o(i.tcp_segs_free)
    tcp_send_empty_ack                       0x080126cb   Thumb Code    96  tcp_out.o(i.tcp_send_empty_ack)
    tcp_send_fin                             0x0801272b   Thumb Code    74  tcp_out.o(i.tcp_send_fin)
    tcp_sent                                 0x08012775   Thumb Code    18  tcp.o(i.tcp_sent)
    tcp_server_accept                        0x08012789   Thumb Code   102  tcp_server.o(i.tcp_server_accept)
    tcp_server_errf                          0x08012819   Thumb Code   176  tcp_server.o(i.tcp_server_errf)
    tcp_server_init                          0x080129f5   Thumb Code    58  tcp_server.o(i.tcp_server_init)
    tcp_server_poll                          0x08012a4d   Thumb Code    76  tcp_server.o(i.tcp_server_poll)
    tcp_server_recv                          0x08012aa5   Thumb Code   472  tcp_server.o(i.tcp_server_recv)
    tcp_server_sent                          0x08012d05   Thumb Code    42  tcp_server.o(i.tcp_server_sent)
    tcp_slowtmr                              0x08012d39   Thumb Code   916  tcp.o(i.tcp_slowtmr)
    tcp_timer_needed                         0x080130e9   Thumb Code    38  timers.o(i.tcp_timer_needed)
    tcp_tmr                                  0x080131cd   Thumb Code    30  tcp.o(i.tcp_tmr)
    tcp_update_rcv_ann_wnd                   0x080131f1   Thumb Code    88  tcp.o(i.tcp_update_rcv_ann_wnd)
    tcp_write                                0x08013249   Thumb Code  1022  tcp_out.o(i.tcp_write)
    tcp_zero_window_probe                    0x080136e9   Thumb Code   200  tcp_out.o(i.tcp_zero_window_probe)
    time_saveto_ds1302                       0x080137ed   Thumb Code    84  ra8806_ctrl.o(i.time_saveto_ds1302)
    udp_input                                0x08013845   Thumb Code   580  udp.o(i.udp_input)
    tcp_state_str                            0x08013ac0   Data          44  tcp.o(.constdata)
    tcp_backoff                              0x08013aec   Data          13  tcp.o(.constdata)
    tcp_persist_backoff                      0x08013af9   Data           7  tcp.o(.constdata)
    tcp_pcb_lists                            0x08013b00   Data          16  tcp.o(.constdata)
    ip_addr_any                              0x08013b10   Data           4  ip_addr.o(.constdata)
    ip_addr_broadcast                        0x08013b14   Data           4  ip_addr.o(.constdata)
    ethbroadcast                             0x08013b18   Data           6  etharp.o(.constdata)
    ethzero                                  0x08013b1e   Data           6  etharp.o(.constdata)
    Night_Icon                               0x08013b24   Data          32  ra8806_ctrl.o(.constdata)
    Manual_Icon                              0x08013b44   Data          32  ra8806_ctrl.o(.constdata)
    Number_Table                             0x08013b64   Data          10  ra8806_ctrl.o(.constdata)
    Func_Run_PeriodPhase_Place               0x08013b6e   Data           4  ra8806_ctrl.o(.constdata)
    Func_RTCDate_Place                       0x08013b72   Data          24  ra8806_ctrl.o(.constdata)
    Func_DayNight_Place                      0x08013b8a   Data          12  ra8806_ctrl.o(.constdata)
    Func_LedGPIO_Place                       0x08013b96   Data          34  ra8806_ctrl.o(.constdata)
    Func_SetFlash_Place                      0x08013bb8   Data          34  ra8806_ctrl.o(.constdata)
    Func_PhaseInfo_Place                     0x08013bda   Data          14  ra8806_ctrl.o(.constdata)
    Func_AddPhase_Place                      0x08013be8   Data           8  ra8806_ctrl.o(.constdata)
    Func_SetPeriodOfTime_Place               0x08013bf0   Data           8  ra8806_ctrl.o(.constdata)
    Func_SetPhase_Place                      0x08013bf8   Data          20  ra8806_ctrl.o(.constdata)
    __ctype_categories                       0x08013c24   Data          64  ctype_c.o(.constdata)
    Region$$Table$$Base                      0x08013cfc   Number         0  anon$$obj.o(Region$$Table)
    Region$$Table$$Limit                     0x08013d1c   Number         0  anon$$obj.o(Region$$Table)
    netif_list                               0x20000020   Data           4  netif.o(.data)
    netif_default                            0x20000024   Data           4  netif.o(.data)
    tcp_ticks                                0x20000038   Data           4  tcp.o(.data)
    tcp_bound_pcbs                           0x2000003c   Data           4  tcp.o(.data)
    tcp_listen_pcbs                          0x20000040   Data           4  tcp.o(.data)
    tcp_active_pcbs                          0x20000044   Data           4  tcp.o(.data)
    tcp_tw_pcbs                              0x20000048   Data           4  tcp.o(.data)
    tcp_tmp_pcb                              0x2000004c   Data           4  tcp.o(.data)
    tcp_active_pcbs_changed                  0x20000050   Data           1  tcp.o(.data)
    tcp_input_pcb                            0x20000070   Data           4  tcp_in.o(.data)
    udp_pcbs                                 0x20000084   Data           4  udp.o(.data)
    current_netif                            0x20000088   Data           4  ip.o(.data)
    current_header                           0x2000008c   Data           4  ip.o(.data)
    current_iphdr_src                        0x20000090   Data           4  ip.o(.data)
    current_iphdr_dest                       0x20000094   Data           4  ip.o(.data)
    ETH_INT                                  0x200000b8   Data           1  main.o(.data)
    time_update_status                       0x200000b9   Data           1  main.o(.data)
    LocalTime                                0x200000bc   Data           4  main.o(.data)
    MACaddr                                  0x200000c0   Data           6  main.o(.data)
    system_time                              0x200000c8   Data           4  main.o(.data)
    RTC_FLAG_SECSET                          0x200000cc   Data           1  main.o(.data)
    RTC_FLAG_ALRSET                          0x200000cd   Data           1  main.o(.data)
    RTC_FLAG_HalfSecSET                      0x200000ce   Data           1  main.o(.data)
    Time_FLAG_DayOrNight                     0x200000cf   Data           1  main.o(.data)
    Phase_FLAG_Start                         0x200000d0   Data           1  main.o(.data)
    Cycle_FLAG_Start                         0x200000d1   Data           1  main.o(.data)
    Init_FLAG_Finished                       0x200000d2   Data           1  main.o(.data)
    Manual_FLAG                              0x200000d3   Data           1  main.o(.data)
    No_UpdateLED_FLAG                        0x200000d4   Data           1  main.o(.data)
    LCD_FLAG_Using                           0x200000d5   Data           1  main.o(.data)
    LCD_FLAG_Oping                           0x200000d6   Data           1  main.o(.data)
    LCD_FLAG_UpdateIrq                       0x200000d7   Data           1  main.o(.data)
    Current_CutDown                          0x200000d8   Data           1  main.o(.data)
    Current_PhaseTable                       0x200000d9   Data           1  main.o(.data)
    Current_TimeTable                        0x200000da   Data           1  main.o(.data)
    KEY_BufferPointer                        0x200000db   Data           1  main.o(.data)
    KEY_BufferBottomOfStack                  0x200000dc   Data           1  main.o(.data)
    KEY_Press                                0x200000dd   Data           1  main.o(.data)
    Trg                                      0x200000de   Data           1  main.o(.data)
    Cont                                     0x200000df   Data           1  main.o(.data)
    CKey                                     0x200000e0   Data           1  main.o(.data)
    press_cycle                              0x200000e1   Data           1  main.o(.data)
    Current_Menu                             0x200000e4   Data           4  main.o(.data)
    CurrentMenu_ItemNumber                   0x200000e8   Data           1  main.o(.data)
    lcd_refresh_time                         0x200000e9   Data           1  main.o(.data)
    Weekday_Table                            0x200000ec   Data          44  ra8806_ctrl.o(.data)
    Tick_Cross_Table                         0x20000118   Data           8  ra8806_ctrl.o(.data)
    LedColor_Table                           0x20000120   Data          12  ra8806_ctrl.o(.data)
    TCPTimer                                 0x2000012c   Data           4  netconf.o(.data)
    ARPTimer                                 0x20000130   Data           4  netconf.o(.data)
    DHCPfineTimer                            0x20000134   Data           4  netconf.o(.data)
    DHCPcoarseTimer                          0x20000138   Data           4  netconf.o(.data)
    __stdout                                 0x2000013c   Data           4  stdout.o(.data)
    __microlib_freelist                      0x20000140   Data           4  mvars.o(.data)
    __microlib_freelist_initialised          0x20000144   Data           4  mvars.o(.data)
    ram_heap                                 0x20000148   Data       16013  mem.o(.bss)
    lwip_stats                               0x20007088   Data         278  stats.o(.bss)
    eth_buf1                                 0x20007278   Data        1536  main.o(.bss)
    eth_buf2                                 0x20007878   Data        3000  main.o(.bss)
    Current_Time                             0x20008430   Data          44  main.o(.bss)
    my_Schedule                              0x2000845c   Data        3546  main.o(.bss)
    Current_Crossway_LED                     0x20009236   Data          12  main.o(.bss)
    temp_Current_Crossway_LED                0x20009242   Data          12  main.o(.bss)
    temp_Current_Crossway_Yellow             0x2000924e   Data          12  main.o(.bss)
    Current_Crossway_Flash                   0x2000925a   Data          12  main.o(.bss)
    Current_Crossway_Flash_Allowence         0x20009266   Data          12  main.o(.bss)
    Phase_OneShot                            0x20009272   Data         210  main.o(.bss)
    KEY_Buffer                               0x20009344   Data          16  main.o(.bss)
    MainMenu                                 0x20009354   Data          40  main.o(.bss)
    MainMenu_Items                           0x2000937c   Data         280  main.o(.bss)
    PhaseMenu                                0x20009494   Data          40  main.o(.bss)
    PhaseMenu_Items                          0x200094bc   Data          84  main.o(.bss)
    PeriodOfTimeMenu                         0x20009510   Data          40  main.o(.bss)
    PeriodOfTimeMenu_Items                   0x20009538   Data          84  main.o(.bss)
    FlashMenu                                0x2000958c   Data          40  main.o(.bss)
    FlashMenu_Items                          0x200095b4   Data          84  main.o(.bss)
    TimeSetMenu                              0x20009608   Data          40  main.o(.bss)
    TimeSetMenu_Items                        0x20009630   Data          56  main.o(.bss)
    LEDColorMenu                             0x20009668   Data          40  main.o(.bss)
    LEDColorMenu_Items                       0x20009690   Data          84  main.o(.bss)
    RTCSetMenu                               0x200096e4   Data          40  main.o(.bss)
    RTCSetMenu_Items                         0x2000970c   Data          56  main.o(.bss)
    ManualModeMenu                           0x20009744   Data          40  main.o(.bss)
    ManualModeMenu_Items                     0x2000976c   Data          84  main.o(.bss)
    used_if_record                           0x200097c0   Data          12  main.o(.bss)
    enc28j60                                 0x200097cc   Data          48  netconf.o(.bss)
    __heap_base                              0x20009828   Data           0  startup_stm32f10x_hd.o(HEAP)
    __heap_limit                             0x2000b828   Data           0  startup_stm32f10x_hd.o(HEAP)
    __initial_sp                             0x2000d828   Data           0  startup_stm32f10x_hd.o(STACK)



==============================================================================

Memory Map of the image

  Image Entry point : 0x08000131

  Load Region LR_IROM1 (Base: 0x08000000, Size: 0x00013e64, Max: 0x00080000, ABSOLUTE, COMPRESSED[0x00013d74])

    Execution Region ER_IROM1 (Base: 0x08000000, Size: 0x00013d1c, Max: 0x00080000, ABSOLUTE)

    Base Addr    Size         Type   Attr      Idx    E Section Name        Object

    0x08000000   0x00000130   Data   RO         1841    RESET               startup_stm32f10x_hd.o
    0x08000130   0x00000000   Code   RO         5369  * .ARM.Collect$$$$00000000  mc_w.l(entry.o)(mc_w.l)
    0x08000130   0x00000004   Code   RO         5686    .ARM.Collect$$$$00000001  mc_w.l(entry2.o)(mc_w.l)
    0x08000134   0x00000004   Code   RO         5689    .ARM.Collect$$$$00000004  mc_w.l(entry5.o)(mc_w.l)
    0x08000138   0x00000008   Code   RO         5690    .ARM.Collect$$$$00000007  mc_w.l(entry7.o)(mc_w.l)
    0x08000140   0x00000004   Code   RO         5687    .ARM.Collect$$$$00002712  mc_w.l(entry2.o)(mc_w.l)
    0x08000144   0x00000024   Code   RO         1842    .text               startup_stm32f10x_hd.o
    0x08000168   0x000000a0   Code   RO         5376    .text               mc_w.l(mktime.o)(mc_w.l)
    0x08000208   0x00000024   Code   RO         5379    .text               mc_w.l(memcpya.o)(mc_w.l)
    0x0800022c   0x00000026   Code   RO         5381    .text               mc_w.l(memseta.o)(mc_w.l)
    0x08000252   0x00000010   Code   RO         5383    .text               mc_w.l(strlen.o)(mc_w.l)
    0x08000262   0x0000001a   Code   RO         5385    .text               mc_w.l(memcmp.o)(mc_w.l)
    0x0800027c   0x0000001c   Code   RO         5678    .text               mc_w.l(calloc.o)(mc_w.l)
    0x08000298   0x00000038   Code   RO         5680    .text               mc_w.l(__0sscanf.o)(mc_w.l)
    0x080002d0   0x0000014e   Code   RO         5682    .text               mc_w.l(_scanf_int.o)(mc_w.l)
    0x0800041e   0x000000d8   Code   RO         5684    .text               mc_w.l(_scanf_str.o)(mc_w.l)
    0x080004f6   0x0000002c   Code   RO         5692    .text               mc_w.l(uidiv.o)(mc_w.l)
    0x08000522   0x00000002   PAD
    0x08000524   0x0000000c   Code   RO         5696    .text               mc_w.l(localtime_w.o)(mc_w.l)
    0x08000530   0x00000080   Code   RO         5699    .text               mc_w.l(localtime_i.o)(mc_w.l)
    0x080005b0   0x00000020   Code   RO         5704    .text               mc_w.l(_chval.o)(mc_w.l)
    0x080005d0   0x0000002c   Code   RO         5706    .text               mc_w.l(scanf_char.o)(mc_w.l)
    0x080005fc   0x00000040   Code   RO         5708    .text               mc_w.l(_sgetc.o)(mc_w.l)
    0x0800063c   0x00000024   Code   RO         5721    .text               mc_w.l(init.o)(mc_w.l)
    0x08000660   0x0000000a   Code   RO         5729    .text               mc_w.l(isspace_c.o)(mc_w.l)
    0x0800066a   0x00000002   PAD
    0x0800066c   0x00000338   Code   RO         5731    .text               mc_w.l(_scanf.o)(mc_w.l)
    0x080009a4   0x00000028   Code   RO         5735    .text               mc_w.l(ctype_c.o)(mc_w.l)
    0x080009cc   0x0000005c   Code   RO         5746    .text               mc_w.l(__dczerorl2.o)(mc_w.l)
    0x08000a28   0x00000014   Code   RO         4036    i.All_LED_Die       led_op.o
    0x08000a3c   0x00000010   Code   RO          271    i.BKP_DeInit        stm32f10x_bkp.o
    0x08000a4c   0x00000004   Code   RO         5275    i.BusFault_Handler  stm32f10x_it.o
    0x08000a50   0x00000154   Code   RO         4037    i.CrossWay_LED_Display  led_op.o
    0x08000ba4   0x00000138   Code   RO         5173    i.DS1302_ReadByte   ds1302_op.o
    0x08000cdc   0x00000024   Code   RO         5174    i.DS1302_ReadDate   ds1302_op.o
    0x08000d00   0x00000040   Code   RO         5175    i.DS1302_ReadHour   ds1302_op.o
    0x08000d40   0x00000024   Code   RO         5176    i.DS1302_ReadMin    ds1302_op.o
    0x08000d64   0x00000024   Code   RO         5177    i.DS1302_ReadMon    ds1302_op.o
    0x08000d88   0x00000024   Code   RO         5178    i.DS1302_ReadSec    ds1302_op.o
    0x08000dac   0x00000026   Code   RO         5179    i.DS1302_ReadYear   ds1302_op.o
    0x08000dd2   0x0000002e   Code   RO         5181    i.DS1302_SetDate    ds1302_op.o
    0x08000e00   0x00000086   Code   RO         5182    i.DS1302_SetHour    ds1302_op.o
    0x08000e86   0x0000002e   Code   RO         5183    i.DS1302_SetMin     ds1302_op.o
    0x08000eb4   0x0000002e   Code   RO         5184    i.DS1302_SetMon     ds1302_op.o
    0x08000ee2   0x00000036   Code   RO         5185    i.DS1302_SetSec     ds1302_op.o
    0x08000f18   0x00000026   Code   RO         5186    i.DS1302_SetYear    ds1302_op.o
    0x08000f3e   0x00000002   PAD
    0x08000f40   0x00000104   Code   RO         5187    i.DS1302_WriteByte  ds1302_op.o
    0x08001044   0x000002ac   Code   RO         4217    i.DayNight_PeriodofTime  ra8806_ctrl.o
    0x080012f0   0x000000e0   Code   RO         4218    i.DayNight_PeriodofTime_Init  ra8806_ctrl.o
    0x080013d0   0x000000e4   Code   RO         4219    i.DayNight_PeriodofTime_Update  ra8806_ctrl.o
    0x080014b4   0x00000002   Code   RO         5276    i.DebugMon_Handler  stm32f10x_it.o
    0x080014b6   0x00000002   PAD
    0x080014b8   0x000000c0   Code   RO         5277    i.EXTI0_IRQHandler  stm32f10x_it.o
    0x08001578   0x00000020   Code   RO         5278    i.EXTI1_IRQHandler  stm32f10x_it.o
    0x08001598   0x0000000c   Code   RO          348    i.EXTI_ClearITPendingBit  stm32f10x_exti.o
    0x080015a4   0x0000003c   Code   RO         3783    i.EXTI_Config       sys_config.o
    0x080015e0   0x00000018   Code   RO          350    i.EXTI_GenerateSWInterrupt  stm32f10x_exti.o
    0x080015f8   0x0000002c   Code   RO          352    i.EXTI_GetITStatus  stm32f10x_exti.o
    0x08001624   0x000000ac   Code   RO          353    i.EXTI_Init         stm32f10x_exti.o
    0x080016d0   0x00000144   Code   RO         4987    i.FlashMenu_Init    menu_resource.o
    0x08001814   0x0000016c   Code   RO         3784    i.GPIO_Config       sys_config.o
    0x08001980   0x00000040   Code   RO          404    i.GPIO_EXTILineConfig  stm32f10x_gpio.o
    0x080019c0   0x00000112   Code   RO          407    i.GPIO_Init         stm32f10x_gpio.o
    0x08001ad2   0x00000002   PAD
    0x08001ad4   0x00000070   Code   RO         3785    i.GPIO_Initial      sys_config.o
    0x08001b44   0x00000008   Code   RO          410    i.GPIO_ReadInputData  stm32f10x_gpio.o
    0x08001b4c   0x00000012   Code   RO          411    i.GPIO_ReadInputDataBit  stm32f10x_gpio.o
    0x08001b5e   0x00000008   Code   RO          412    i.GPIO_ReadOutputData  stm32f10x_gpio.o
    0x08001b66   0x00000012   Code   RO          413    i.GPIO_ReadOutputDataBit  stm32f10x_gpio.o
    0x08001b78   0x00000004   Code   RO          414    i.GPIO_ResetBits    stm32f10x_gpio.o
    0x08001b7c   0x00000004   Code   RO          415    i.GPIO_SetBits      stm32f10x_gpio.o
    0x08001b80   0x00000004   Code   RO          417    i.GPIO_Write        stm32f10x_gpio.o
    0x08001b84   0x0000000a   Code   RO          418    i.GPIO_WriteBit     stm32f10x_gpio.o
    0x08001b8e   0x00000002   PAD
    0x08001b90   0x00000040   Code   RO         4105    i.Get_CurrentTime   time_op.o
    0x08001bd0   0x00000280   Code   RO         4205    i.Get_Schedule      e2prom_op.o
    0x08001e50   0x00000004   Code   RO         5279    i.HardFault_Handler  stm32f10x_it.o
    0x08001e54   0x00000048   Code   RO         3786    i.I2C1_Config       sys_config.o
    0x08001e9c   0x00000018   Code   RO         1419    i.I2C_Cmd           stm32f10x_i2c.o
    0x08001eb4   0x00000038   Code   RO         1422    i.I2C_DeInit        stm32f10x_i2c.o
    0x08001eec   0x000000ec   Code   RO         1433    i.I2C_Init          stm32f10x_i2c.o
    0x08001fd8   0x00000040   Code   RO         3933    i.KEY1_OP           key_op.o
    0x08002018   0x00000044   Code   RO         3934    i.KEY2_OP           key_op.o
    0x0800205c   0x00000040   Code   RO         3935    i.KEY3_OP           key_op.o
    0x0800209c   0x00000058   Code   RO         3936    i.KEY4_OP           key_op.o
    0x080020f4   0x000000ac   Code   RO         3937    i.KEY5_OP           key_op.o
    0x080021a0   0x00000048   Code   RO         3938    i.KEY6_OP           key_op.o
    0x080021e8   0x00000044   Code   RO         3939    i.KEY_PressMinus    key_op.o
    0x0800222c   0x00000022   Code   RO         4220    i.LCD_AccessLayer   ra8806_ctrl.o
    0x0800224e   0x0000006a   Code   RO         4223    i.LCD_CGRAM_CreatWord  ra8806_ctrl.o
    0x080022b8   0x0000003a   Code   RO         4224    i.LCD_ClearAppWindow  ra8806_ctrl.o
    0x080022f2   0x0000001a   Code   RO         4225    i.LCD_ClearItemAllText  ra8806_ctrl.o
    0x0800230c   0x0000001a   Code   RO         4226    i.LCD_ClearItemText  ra8806_ctrl.o
    0x08002326   0x0000001a   Code   RO         4227    i.LCD_ClearMenuForm  ra8806_ctrl.o
    0x08002340   0x0000001a   Code   RO         4228    i.LCD_ClearMenuText  ra8806_ctrl.o
    0x0800235a   0x0000001c   Code   RO         4229    i.LCD_DDRAMs_ShowRule  ra8806_ctrl.o
    0x08002376   0x00000002   PAD
    0x08002378   0x0000018c   Code   RO         4230    i.LCD_DisplayMainPannel  ra8806_ctrl.o
    0x08002504   0x000000c6   Code   RO         4232    i.LCD_DrawForm      ra8806_ctrl.o
    0x080025ca   0x00000176   Code   RO         4235    i.LCD_DrawRectangle  ra8806_ctrl.o
    0x08002740   0x00000016   Code   RO         4236    i.LCD_EliminateFlickerOFF  ra8806_ctrl.o
    0x08002756   0x00000028   Code   RO         4238    i.LCD_FillAppWindow  ra8806_ctrl.o
    0x0800277e   0x00000002   PAD
    0x08002780   0x0000001c   Code   RO         4239    i.LCD_IconInit      ra8806_ctrl.o
    0x0800279c   0x000000d2   Code   RO         4240    i.LCD_Init          ra8806_ctrl.o
    0x0800286e   0x00000002   PAD
    0x08002870   0x0000009c   Code   RO         4241    i.LCD_InterfaceInit  ra8806_ctrl.o
    0x0800290c   0x00000016   Code   RO         4242    i.LCD_Inv           ra8806_ctrl.o
    0x08002922   0x00000002   PAD
    0x08002924   0x00000334   Code   RO         4243    i.LCD_LedGPIO       ra8806_ctrl.o
    0x08002c58   0x000001e8   Code   RO         4244    i.LCD_LedGPIO_Init  ra8806_ctrl.o
    0x08002e40   0x000000d0   Code   RO         4245    i.LCD_LedGPIO_Update  ra8806_ctrl.o
    0x08002f10   0x0000001c   Code   RO         4246    i.LCD_NoInv         ra8806_ctrl.o
    0x08002f2c   0x00000128   Code   RO         3940    i.LCD_NorItem       key_op.o
    0x08003054   0x0000001c   Code   RO         4248    i.LCD_PicsMode      ra8806_ctrl.o
    0x08003070   0x00000094   Code   RO         4249    i.LCD_ReadData      ra8806_ctrl.o
    0x08003104   0x00000040   Code   RO         4250    i.LCD_ReadREG       ra8806_ctrl.o
    0x08003144   0x00000120   Code   RO         3941    i.LCD_RefreshItem   key_op.o
    0x08003264   0x00000044   Code   RO         4252    i.LCD_Reset         ra8806_ctrl.o
    0x080032a8   0x00000030   Code   RO         4254    i.LCD_SetAppwindow  ra8806_ctrl.o
    0x080032d8   0x00000018   Code   RO         4255    i.LCD_SetCursor     ra8806_ctrl.o
    0x080032f0   0x0000001c   Code   RO         4258    i.LCD_ShowLayer     ra8806_ctrl.o
    0x0800330c   0x00000030   Code   RO         4260    i.LCD_TextBold      ra8806_ctrl.o
    0x0800333c   0x00000032   Code   RO         4262    i.LCD_TextMode      ra8806_ctrl.o
    0x0800336e   0x00000002   PAD
    0x08003370   0x00000424   Code   RO         4263    i.LCD_UpdateInfo    ra8806_ctrl.o
    0x08003794   0x0000001c   Code   RO         4266    i.LCD_WriteChar1    ra8806_ctrl.o
    0x080037b0   0x00000028   Code   RO         4267    i.LCD_WriteChar2    ra8806_ctrl.o
    0x080037d8   0x0000006c   Code   RO         4268    i.LCD_WriteCommand  ra8806_ctrl.o
    0x08003844   0x0000006c   Code   RO         4269    i.LCD_WriteData     ra8806_ctrl.o
    0x080038b0   0x00000040   Code   RO         4271    i.LCD_WriteREG      ra8806_ctrl.o
    0x080038f0   0x00000028   Code   RO         4272    i.LCD_WriteText1    ra8806_ctrl.o
    0x08003918   0x0000003e   Code   RO         4273    i.LCD_WriteText2    ra8806_ctrl.o
    0x08003956   0x00000056   Code   RO         4274    i.LCD_WriteWordFromCGRAM  ra8806_ctrl.o
    0x080039ac   0x0000015c   Code   RO         4988    i.LEDColorMenu_Init  menu_resource.o
    0x08003b08   0x00000258   Code   RO         4275    i.LED_Check         ra8806_ctrl.o
    0x08003d60   0x00000044   Code   RO         4276    i.LED_Check_Update  ra8806_ctrl.o
    0x08003da4   0x00000034   Code   RO         4277    i.LED_Check_datainit  ra8806_ctrl.o
    0x08003dd8   0x000000d4   Code   RO         4278    i.LED_Check_interfaceinit  ra8806_ctrl.o
    0x08003eac   0x000000f4   Code   RO         4279    i.LED_Check_main    ra8806_ctrl.o
    0x08003fa0   0x0000011c   Code   RO         4038    i.LED_HalfSec_Display  led_op.o
    0x080040bc   0x0000020c   Code   RO         4039    i.LED_Init          led_op.o
    0x080042c8   0x0000034c   Code   RO         4040    i.LED_Interpretation  led_op.o
    0x08004614   0x0000008c   Code   RO         4041    i.LED_Sec_Display   led_op.o
    0x080046a0   0x0000002c   Code   RO         4042    i.LE_sel            led_op.o
    0x080046cc   0x00000070   Code   RO         5125    i.LwIP_Init         netconf.o
    0x0800473c   0x00000374   Code   RO         4989    i.MainMenu_Init     menu_resource.o
    0x08004ab0   0x00000150   Code   RO         4990    i.ManualModeMenu_Init  menu_resource.o
    0x08004c00   0x000000cc   Code   RO         4280    i.ManualMode_CutDown  ra8806_ctrl.o
    0x08004ccc   0x0000003c   Code   RO         4281    i.ManualMode_CutDown_init  ra8806_ctrl.o
    0x08004d08   0x00000098   Code   RO         4282    i.ManualMode_CutDown_interfaceinit  ra8806_ctrl.o
    0x08004da0   0x00000080   Code   RO         4283    i.ManualMode_CutDown_main  ra8806_ctrl.o
    0x08004e20   0x00000184   Code   RO         4284    i.ManualMode_TimePhase  ra8806_ctrl.o
    0x08004fa4   0x000000b8   Code   RO         4285    i.ManualMode_TimePhase_Update  ra8806_ctrl.o
    0x0800505c   0x0000003c   Code   RO         4286    i.ManualMode_TimePhase_datainit  ra8806_ctrl.o
    0x08005098   0x000000ec   Code   RO         4287    i.ManualMode_TimePhase_interface  ra8806_ctrl.o
    0x08005184   0x000000f4   Code   RO         4288    i.ManualMode_TimePhase_main  ra8806_ctrl.o
    0x08005278   0x00000004   Code   RO         5280    i.MemManage_Handler  stm32f10x_it.o
    0x0800527c   0x0000005c   Code   RO         4289    i.MenuLock_Update   ra8806_ctrl.o
    0x080052d8   0x000000cc   Code   RO         4290    i.MenuLock_init     ra8806_ctrl.o
    0x080053a4   0x00000024   Code   RO         4991    i.Menu_Init         menu_resource.o
    0x080053c8   0x00000154   Code   RO         4291    i.Menu_Lock         ra8806_ctrl.o
    0x0800551c   0x00000002   Code   RO         5281    i.NMI_Handler       stm32f10x_it.o
    0x0800551e   0x00000002   PAD
    0x08005520   0x00000108   Code   RO         3787    i.NVIC_Config       sys_config.o
    0x08005628   0x00000084   Code   RO            1    i.NVIC_Init         misc.o
    0x080056ac   0x00000014   Code   RO            2    i.NVIC_PriorityGroupConfig  misc.o
    0x080056c0   0x00000014   Code   RO            3    i.NVIC_SetVectorTable  misc.o
    0x080056d4   0x0000000c   Code   RO          515    i.PWR_BackupAccessCmd  stm32f10x_pwr.o
    0x080056e0   0x00000002   Code   RO         5282    i.PendSV_Handler    stm32f10x_it.o
    0x080056e2   0x00000002   PAD
    0x080056e4   0x00000138   Code   RO         4992    i.PeriodOfTimeMenu_Init  menu_resource.o
    0x0800581c   0x00000144   Code   RO         4993    i.PhaseMenu_Init    menu_resource.o
    0x08005960   0x00000020   Code   RO          577    i.RCC_APB1PeriphClockCmd  stm32f10x_rcc.o
    0x08005980   0x00000020   Code   RO          578    i.RCC_APB1PeriphResetCmd  stm32f10x_rcc.o
    0x080059a0   0x00000020   Code   RO          579    i.RCC_APB2PeriphClockCmd  stm32f10x_rcc.o
    0x080059c0   0x00000020   Code   RO          580    i.RCC_APB2PeriphResetCmd  stm32f10x_rcc.o
    0x080059e0   0x0000000c   Code   RO          582    i.RCC_BackupResetCmd  stm32f10x_rcc.o
    0x080059ec   0x00000058   Code   RO         3788    i.RCC_Config        sys_config.o
    0x08005a44   0x0000004c   Code   RO          586    i.RCC_DeInit        stm32f10x_rcc.o
    0x08005a90   0x000000d4   Code   RO          587    i.RCC_GetClocksFreq  stm32f10x_rcc.o
    0x08005b64   0x0000003c   Code   RO          588    i.RCC_GetFlagStatus  stm32f10x_rcc.o
    0x08005ba0   0x00000018   Code   RO          591    i.RCC_HCLKConfig    stm32f10x_rcc.o
    0x08005bb8   0x0000004c   Code   RO          592    i.RCC_HSEConfig     stm32f10x_rcc.o
    0x08005c04   0x00000034   Code   RO          595    i.RCC_LSEConfig     stm32f10x_rcc.o
    0x08005c38   0x00000018   Code   RO          598    i.RCC_PCLK1Config   stm32f10x_rcc.o
    0x08005c50   0x00000018   Code   RO          599    i.RCC_PCLK2Config   stm32f10x_rcc.o
    0x08005c68   0x0000000c   Code   RO          600    i.RCC_PLLCmd        stm32f10x_rcc.o
    0x08005c74   0x0000001c   Code   RO          601    i.RCC_PLLConfig     stm32f10x_rcc.o
    0x08005c90   0x0000000c   Code   RO          602    i.RCC_RTCCLKCmd     stm32f10x_rcc.o
    0x08005c9c   0x00000010   Code   RO          603    i.RCC_RTCCLKConfig  stm32f10x_rcc.o
    0x08005cac   0x00000018   Code   RO          604    i.RCC_SYSCLKConfig  stm32f10x_rcc.o
    0x08005cc4   0x00000030   Code   RO          606    i.RCC_WaitForHSEStartUp  stm32f10x_rcc.o
    0x08005cf4   0x00000100   Code   RO         4994    i.RTCSetMenu_Init   menu_resource.o
    0x08005df4   0x00000020   Code   RO          776    i.RTC_ClearITPendingBit  stm32f10x_rtc.o
    0x08005e14   0x00000070   Code   RO         3789    i.RTC_Config        sys_config.o
    0x08005e84   0x00000018   Code   RO          777    i.RTC_EnterConfigMode  stm32f10x_rtc.o
    0x08005e9c   0x0000001c   Code   RO          778    i.RTC_ExitConfigMode  stm32f10x_rtc.o
    0x08005eb8   0x0000001c   Code   RO          779    i.RTC_GetCounter    stm32f10x_rtc.o
    0x08005ed4   0x00000018   Code   RO          781    i.RTC_GetFlagStatus  stm32f10x_rtc.o
    0x08005eec   0x00000100   Code   RO         5283    i.RTC_IRQHandler    stm32f10x_it.o
    0x08005fec   0x00000030   Code   RO          783    i.RTC_ITConfig      stm32f10x_rtc.o
    0x0800601c   0x00000024   Code   RO          785    i.RTC_SetCounter    stm32f10x_rtc.o
    0x08006040   0x000005dc   Code   RO         4292    i.RTC_SetDate       ra8806_ctrl.o
    0x0800661c   0x00000110   Code   RO         4293    i.RTC_SetDate_Init  ra8806_ctrl.o
    0x0800672c   0x00000180   Code   RO         4294    i.RTC_SetDate_Update  ra8806_ctrl.o
    0x080068ac   0x00000024   Code   RO          786    i.RTC_SetPrescaler  stm32f10x_rtc.o
    0x080068d0   0x00000014   Code   RO          787    i.RTC_WaitForLastTask  stm32f10x_rtc.o
    0x080068e4   0x00000028   Code   RO          788    i.RTC_WaitForSynchro  stm32f10x_rtc.o
    0x0800690c   0x00000054   Code   RO         3791    i.SPI1_Config       sys_config.o
    0x08006960   0x00000038   Code   RO         5161    i.SPI1_ReadWrite    spi_op.o
    0x08006998   0x00000018   Code   RO         1616    i.SPI_Cmd           stm32f10x_spi.o
    0x080069b0   0x00000012   Code   RO         1624    i.SPI_I2S_GetFlagStatus  stm32f10x_spi.o
    0x080069c2   0x00000006   Code   RO         1627    i.SPI_I2S_ReceiveData  stm32f10x_spi.o
    0x080069c8   0x00000004   Code   RO         1628    i.SPI_I2S_SendData  stm32f10x_spi.o
    0x080069cc   0x0000003c   Code   RO         1629    i.SPI_Init          stm32f10x_spi.o
    0x08006a08   0x00000002   Code   RO         5284    i.SVC_Handler       stm32f10x_it.o
    0x08006a0a   0x00000008   Code   RO         1805    i.SetSysClock       system_stm32f10x.o
    0x08006a12   0x00000002   PAD
    0x08006a14   0x000000c8   Code   RO         1806    i.SetSysClockTo72   system_stm32f10x.o
    0x08006adc   0x00000134   Code   RO         4295    i.Set_FlashAllowence  ra8806_ctrl.o
    0x08006c10   0x0000018c   Code   RO         4296    i.Set_FlashAllowence_Interface  ra8806_ctrl.o
    0x08006d9c   0x0000002c   Code   RO         5285    i.SysTick_Handler   stm32f10x_it.o
    0x08006dc8   0x00000060   Code   RO         1808    i.SystemInit        system_stm32f10x.o
    0x08006e28   0x0000012c   Code   RO         5286    i.TIM2_IRQHandler   stm32f10x_it.o
    0x08006f54   0x000001ec   Code   RO         5287    i.TIM6_IRQHandler   stm32f10x_it.o
    0x08007140   0x00000018   Code   RO          869    i.TIM_ARRPreloadConfig  stm32f10x_tim.o
    0x08007158   0x0000005c   Code   RO         3792    i.TIM_Basic_Config  sys_config.o
    0x080071b4   0x00000006   Code   RO          875    i.TIM_ClearFlag     stm32f10x_tim.o
    0x080071ba   0x00000006   Code   RO          876    i.TIM_ClearITPendingBit  stm32f10x_tim.o
    0x080071c0   0x00000018   Code   RO          881    i.TIM_Cmd           stm32f10x_tim.o
    0x080071d8   0x0000007e   Code   RO         3793    i.TIM_Config        sys_config.o
    0x08007256   0x00000002   PAD
    0x08007258   0x000001e8   Code   RO          886    i.TIM_DeInit        stm32f10x_tim.o
    0x08007440   0x00000012   Code   RO          901    i.TIM_GetFlagStatus  stm32f10x_tim.o
    0x08007452   0x00000018   Code   RO          906    i.TIM_ITConfig      stm32f10x_tim.o
    0x0800746a   0x0000000c   Code   RO          908    i.TIM_InternalClockConfig  stm32f10x_tim.o
    0x08007476   0x00000002   PAD
    0x08007478   0x0000009c   Code   RO          915    i.TIM_OC2Init       stm32f10x_tim.o
    0x08007514   0x00000012   Code   RO          937    i.TIM_SelectOnePulseMode  stm32f10x_tim.o
    0x08007526   0x00000002   PAD
    0x08007528   0x000000a4   Code   RO          952    i.TIM_TimeBaseInit  stm32f10x_tim.o
    0x080075cc   0x00000018   Code   RO          955    i.TIM_UpdateRequestConfig  stm32f10x_tim.o
    0x080075e4   0x000000e0   Code   RO         4995    i.TimeSetMenu_Init  menu_resource.o
    0x080076c4   0x00000018   Code   RO         4106    i.Time_ConvCalendarToUnix  time_op.o
    0x080076dc   0x00000020   Code   RO         4107    i.Time_ConvUnixToCalendar  time_op.o
    0x080076fc   0x00000008   Code   RO         4108    i.Time_GetUnixTime  time_op.o
    0x08007704   0x00000084   Code   RO         4109    i.Time_JudgeDayOrNight  time_op.o
    0x08007788   0x000000b0   Code   RO         4110    i.Time_JudgeTimeTable  time_op.o
    0x08007838   0x00000026   Code   RO         4111    i.Time_SetCalendarTime  time_op.o
    0x0800785e   0x00000014   Code   RO         4112    i.Time_SetUnixTime  time_op.o
    0x08007872   0x00000018   Code   RO           93    i.USART_Cmd         stm32f10x_usart.o
    0x0800788a   0x00000002   PAD
    0x0800788c   0x00000038   Code   RO         3794    i.USART_Config      sys_config.o
    0x080078c4   0x000000d8   Code   RO          100    i.USART_Init        stm32f10x_usart.o
    0x0800799c   0x00000008   Code   RO          110    i.USART_SendData    stm32f10x_usart.o
    0x080079a4   0x00000004   Code   RO         5288    i.UsageFault_Handler  stm32f10x_it.o
    0x080079a8   0x000000c8   Code   RO         3908    i.Var_Init          ex_var.o
    0x08007a70   0x00000020   Code   RO         5478    i.__0printf$3       mc_w.l(printf3.o)(mc_w.l)
    0x08007a90   0x00000028   Code   RO         5480    i.__0sprintf$3      mc_w.l(printf3.o)(mc_w.l)
    0x08007ab8   0x0000000e   Code   RO         5740    i.__scatterload_copy  mc_w.l(handlers.o)(mc_w.l)
    0x08007ac6   0x00000002   Code   RO         5741    i.__scatterload_null  mc_w.l(handlers.o)(mc_w.l)
    0x08007ac8   0x0000000e   Code   RO         5742    i.__scatterload_zeroinit  mc_w.l(handlers.o)(mc_w.l)
    0x08007ad6   0x00000002   PAD
    0x08007ad8   0x000001b4   Code   RO         5485    i._printf_core      mc_w.l(printf3.o)(mc_w.l)
    0x08007c8c   0x0000000a   Code   RO         5487    i._sputc            mc_w.l(printf3.o)(mc_w.l)
    0x08007c96   0x00000002   PAD
    0x08007c98   0x0000032c   Code   RO         4297    i.add_period        ra8806_ctrl.o
    0x08007fc4   0x00000034   Code   RO         4298    i.add_period_datainit  ra8806_ctrl.o
    0x08007ff8   0x00000138   Code   RO         4299    i.add_period_interface  ra8806_ctrl.o
    0x08008130   0x0000007c   Code   RO         4300    i.add_period_main   ra8806_ctrl.o
    0x080081ac   0x000000f0   Code   RO         4301    i.add_period_update  ra8806_ctrl.o
    0x0800829c   0x00000424   Code   RO         4302    i.add_phase         ra8806_ctrl.o
    0x080086c0   0x00000034   Code   RO         4303    i.add_phase_datainit  ra8806_ctrl.o
    0x080086f4   0x00000158   Code   RO         4304    i.add_phase_interface  ra8806_ctrl.o
    0x0800884c   0x0000007c   Code   RO         4305    i.add_phase_main    ra8806_ctrl.o
    0x080088c8   0x00000128   Code   RO         4306    i.add_phase_update  ra8806_ctrl.o
    0x080089f0   0x00000138   Code   RO         4307    i.dayflash          ra8806_ctrl.o
    0x08008b28   0x0000018c   Code   RO         4308    i.dayflash_Interface  ra8806_ctrl.o
    0x08008cb4   0x0000004c   Code   RO         4309    i.dayflash_datainit  ra8806_ctrl.o
    0x08008d00   0x0000006c   Code   RO         4310    i.dayflash_main     ra8806_ctrl.o
    0x08008d6c   0x0000024c   Code   RO         4311    i.del_period        ra8806_ctrl.o
    0x08008fb8   0x0000006c   Code   RO         4312    i.del_period_datainit  ra8806_ctrl.o
    0x08009024   0x00000130   Code   RO         4313    i.del_period_interface  ra8806_ctrl.o
    0x08009154   0x00000078   Code   RO         4314    i.del_period_main   ra8806_ctrl.o
    0x080091cc   0x00000230   Code   RO         4315    i.del_period_update  ra8806_ctrl.o
    0x080093fc   0x00000510   Code   RO         4316    i.del_phase         ra8806_ctrl.o
    0x0800990c   0x00000070   Code   RO         4317    i.del_phase_datainit  ra8806_ctrl.o
    0x0800997c   0x000001a0   Code   RO         4318    i.del_phase_interface  ra8806_ctrl.o
    0x08009b1c   0x00000080   Code   RO         4319    i.del_phase_main    ra8806_ctrl.o
    0x08009b9c   0x000002b4   Code   RO         4320    i.del_phase_update  ra8806_ctrl.o
    0x08009e50   0x0000000c   Code   RO         3884    i.delay             delay.o
    0x08009e5c   0x00000018   Code   RO         3885    i.delay_100ns       delay.o
    0x08009e74   0x00000018   Code   RO         3886    i.delay_us          delay.o
    0x08009e8c   0x00000058   Code   RO         3942    i.disp_frame1       key_op.o
    0x08009ee4   0x00000052   Code   RO         3943    i.disp_frame2       key_op.o
    0x08009f36   0x00000002   PAD
    0x08009f38   0x00000098   Code   RO         3944    i.disp_help1        key_op.o
    0x08009fd0   0x000000b4   Code   RO         3945    i.disp_help2        key_op.o
    0x0800a084   0x00000128   Code   RO         3946    i.disp_item         key_op.o
    0x0800a1ac   0x00000040   Code   RO         5048    i.e2prom_check_busy  at24c64_op.o
    0x0800a1ec   0x0000017c   Code   RO         5050    i.e2prom_read_bytes  at24c64_op.o
    0x0800a368   0x0000005c   Code   RO         5053    i.e2prom_send_data  at24c64_op.o
    0x0800a3c4   0x00000048   Code   RO         5054    i.e2prom_start_condition  at24c64_op.o
    0x0800a40c   0x00000040   Code   RO         5055    i.e2prom_stop_condition  at24c64_op.o
    0x0800a44c   0x0000005c   Code   RO         5056    i.e2prom_waitfor_ack  at24c64_op.o
    0x0800a4a8   0x000000ba   Code   RO         5058    i.e2prom_write_bytes  at24c64_op.o
    0x0800a562   0x00000002   PAD
    0x0800a564   0x00000248   Code   RO         3481    i.enc28j60Init      enc28j60.o
    0x0800a7ac   0x000000c4   Code   RO         3482    i.enc28j60PacketReceive  enc28j60.o
    0x0800a870   0x0000007a   Code   RO         3483    i.enc28j60PacketSend  enc28j60.o
    0x0800a8ea   0x00000046   Code   RO         3484    i.enc28j60PhyRead   enc28j60.o
    0x0800a930   0x00000030   Code   RO         3485    i.enc28j60PhyWrite  enc28j60.o
    0x0800a960   0x00000014   Code   RO         3486    i.enc28j60Read      enc28j60.o
    0x0800a974   0x0000003c   Code   RO         3487    i.enc28j60ReadBuffer  enc28j60.o
    0x0800a9b0   0x00000044   Code   RO         3488    i.enc28j60ReadOp    enc28j60.o
    0x0800a9f4   0x00000034   Code   RO         3489    i.enc28j60SetBank   enc28j60.o
    0x0800aa28   0x00000018   Code   RO         3490    i.enc28j60Write     enc28j60.o
    0x0800aa40   0x00000034   Code   RO         3491    i.enc28j60WriteBuffer  enc28j60.o
    0x0800aa74   0x0000003c   Code   RO         3492    i.enc28j60WriteOp   enc28j60.o
    0x0800aab0   0x00000170   Code   RO         3318    i.etharp_arp_input  etharp.o
    0x0800ac20   0x000001a0   Code   RO         3321    i.etharp_find_entry  etharp.o
    0x0800adc0   0x00000040   Code   RO         3322    i.etharp_free_entry  etharp.o
    0x0800ae00   0x00000174   Code   RO         3323    i.etharp_output     etharp.o
    0x0800af74   0x00000080   Code   RO         3324    i.etharp_output_to_arp_index  etharp.o
    0x0800aff4   0x000001b0   Code   RO         3325    i.etharp_query      etharp.o
    0x0800b1a4   0x000000ec   Code   RO         3326    i.etharp_raw        etharp.o
    0x0800b290   0x0000002c   Code   RO         3328    i.etharp_request    etharp.o
    0x0800b2bc   0x00000044   Code   RO         3329    i.etharp_send_ip    etharp.o
    0x0800b300   0x00000090   Code   RO         3330    i.etharp_tmr        etharp.o
    0x0800b390   0x000000dc   Code   RO         3331    i.etharp_update_arp_entry  etharp.o
    0x0800b46c   0x000000ec   Code   RO         3332    i.ethernet_input    etharp.o
    0x0800b558   0x0000004c   Code   RO         3424    i.ethernetif_init   ethernetif.o
    0x0800b5a4   0x00000058   Code   RO         3425    i.ethernetif_input  ethernetif.o
    0x0800b5fc   0x00000048   Code   RO         4321    i.flash_allowed_datainit  ra8806_ctrl.o
    0x0800b644   0x0000006c   Code   RO         4322    i.flash_allowed_main  ra8806_ctrl.o
    0x0800b6b0   0x000000a0   Code   RO         4323    i.flashfunc_update  ra8806_ctrl.o
    0x0800b750   0x00000024   Code   RO         4168    i.fputc             usart_op.o
    0x0800b774   0x00000050   Code   RO         5650    i.free              mc_w.l(malloc.o)(mc_w.l)
    0x0800b7c4   0x00000012   Code   RO         3034    i.icmp_dest_unreach  icmp.o
    0x0800b7d6   0x00000002   PAD
    0x0800b7d8   0x00000220   Code   RO         3035    i.icmp_input        icmp.o
    0x0800b9f8   0x00000090   Code   RO         3036    i.icmp_send_response  icmp.o
    0x0800ba88   0x00000012   Code   RO         3037    i.icmp_time_exceeded  icmp.o
    0x0800ba9a   0x00000014   Code   RO         3082    i.inet_chksum       inet_chksum.o
    0x0800baae   0x00000056   Code   RO         3083    i.inet_chksum_pbuf  inet_chksum.o
    0x0800bb04   0x000000a4   Code   RO         3084    i.inet_chksum_pseudo  inet_chksum.o
    0x0800bba8   0x0000004e   Code   RO         3162    i.ip4_addr_isbroadcast  ip_addr.o
    0x0800bbf6   0x00000002   PAD
    0x0800bbf8   0x000001c8   Code   RO         3215    i.ip_frag           ip_frag.o
    0x0800bdc0   0x0000000a   Code   RO         3216    i.ip_frag_alloc_pbuf_custom_ref  ip_frag.o
    0x0800bdca   0x00000018   Code   RO         3217    i.ip_frag_free_pbuf_custom_ref  ip_frag.o
    0x0800bde2   0x00000002   PAD
    0x0800bde4   0x00000238   Code   RO         3123    i.ip_input          ip.o
    0x0800c01c   0x00000058   Code   RO         3124    i.ip_output         ip.o
    0x0800c074   0x00000140   Code   RO         3125    i.ip_output_if      ip.o
    0x0800c1b4   0x000001cc   Code   RO         3218    i.ip_reass          ip_frag.o
    0x0800c380   0x0000019c   Code   RO         3219    i.ip_reass_chain_frag_into_datagram_and_validate  ip_frag.o
    0x0800c51c   0x00000034   Code   RO         3220    i.ip_reass_dequeue_datagram  ip_frag.o
    0x0800c550   0x00000064   Code   RO         3221    i.ip_reass_enqueue_new_datagram  ip_frag.o
    0x0800c5b4   0x000000d8   Code   RO         3222    i.ip_reass_free_complete_datagram  ip_frag.o
    0x0800c68c   0x0000007c   Code   RO         3223    i.ip_reass_remove_oldest_datagram  ip_frag.o
    0x0800c708   0x00000068   Code   RO         3126    i.ip_route          ip.o
    0x0800c770   0x0000002e   Code   RO         3225    i.ipfrag_free_pbuf_custom  ip_frag.o
    0x0800c79e   0x00000002   PAD
    0x0800c7a0   0x00000050   Code   RO         4324    i.keyfunction_clear_help  ra8806_ctrl.o
    0x0800c7f0   0x00000058   Code   RO         4325    i.keyfunction_help  ra8806_ctrl.o
    0x0800c848   0x00000038   Code   RO         4045    i.ledgpio_map_check_used  led_op.o
    0x0800c880   0x00000048   Code   RO         4326    i.ledgpio_saveto_e2prom  ra8806_ctrl.o
    0x0800c8c8   0x00000054   Code   RO         3426    i.low_level_init    ethernetif.o
    0x0800c91c   0x00000050   Code   RO         3427    i.low_level_input   ethernetif.o
    0x0800c96c   0x00000038   Code   RO         3428    i.low_level_output  ethernetif.o
    0x0800c9a4   0x000000b4   Code   RO         5126    i.lwip_eth_poll     netconf.o
    0x0800ca58   0x0000001a   Code   RO         1918    i.lwip_htonl        def.o
    0x0800ca72   0x0000000c   Code   RO         1919    i.lwip_htons        def.o
    0x0800ca7e   0x0000000c   Code   RO         1920    i.lwip_ntohl        def.o
    0x0800ca8a   0x0000000c   Code   RO         1921    i.lwip_ntohs        def.o
    0x0800ca96   0x0000005e   Code   RO         3086    i.lwip_standard_chksum  inet_chksum.o
    0x0800caf4   0x000000bc   Code   RO         3691    i.main              main.o
    0x0800cbb0   0x0000006c   Code   RO         5651    i.malloc            mc_w.l(malloc.o)(mc_w.l)
    0x0800cc1c   0x00000022   Code   RO         2060    i.mem_calloc        mem.o
    0x0800cc3e   0x00000002   PAD
    0x0800cc40   0x000000a0   Code   RO         2061    i.mem_free          mem.o
    0x0800cce0   0x00000064   Code   RO         2062    i.mem_init          mem.o
    0x0800cd44   0x00000180   Code   RO         2063    i.mem_malloc        mem.o
    0x0800cec4   0x00000188   Code   RO         2064    i.mem_trim          mem.o
    0x0800d04c   0x00000044   Code   RO         2108    i.memp_free         memp.o
    0x0800d090   0x00000098   Code   RO         2109    i.memp_init         memp.o
    0x0800d128   0x000000ac   Code   RO         2110    i.memp_malloc       memp.o
    0x0800d1d4   0x00000098   Code   RO         3947    i.menu_keywork_mode1  key_op.o
    0x0800d26c   0x00000090   Code   RO         3948    i.menu_keywork_mode2  key_op.o
    0x0800d2fc   0x00000074   Code   RO         2150    i.netif_add         netif.o
    0x0800d370   0x00000028   Code   RO         2154    i.netif_set_addr    netif.o
    0x0800d398   0x0000000c   Code   RO         2155    i.netif_set_default  netif.o
    0x0800d3a4   0x0000000c   Code   RO         2157    i.netif_set_gw      netif.o
    0x0800d3b0   0x00000078   Code   RO         2158    i.netif_set_ipaddr  netif.o
    0x0800d428   0x0000000c   Code   RO         2161    i.netif_set_netmask  netif.o
    0x0800d434   0x00000036   Code   RO         2162    i.netif_set_up      netif.o
    0x0800d46a   0x00000002   PAD
    0x0800d46c   0x0000018c   Code   RO         4328    i.nightflash_Interface  ra8806_ctrl.o
    0x0800d5f8   0x0000004c   Code   RO         4329    i.nightflash_datainit  ra8806_ctrl.o
    0x0800d644   0x0000006c   Code   RO         4330    i.nightflash_main   ra8806_ctrl.o
    0x0800d6b0   0x000001c6   Code   RO         2247    i.pbuf_alloc        pbuf.o
    0x0800d876   0x00000064   Code   RO         2248    i.pbuf_alloced_custom  pbuf.o
    0x0800d8da   0x00000050   Code   RO         2249    i.pbuf_cat          pbuf.o
    0x0800d92a   0x00000012   Code   RO         2251    i.pbuf_clen         pbuf.o
    0x0800d93c   0x000000e4   Code   RO         2253    i.pbuf_copy         pbuf.o
    0x0800da20   0x0000009a   Code   RO         2254    i.pbuf_copy_partial  pbuf.o
    0x0800daba   0x000000ba   Code   RO         2256    i.pbuf_free         pbuf.o
    0x0800db74   0x0000008c   Code   RO         2258    i.pbuf_header       pbuf.o
    0x0800dc00   0x000000b0   Code   RO         2261    i.pbuf_realloc      pbuf.o
    0x0800dcb0   0x0000000a   Code   RO         2262    i.pbuf_ref          pbuf.o
    0x0800dcba   0x00000002   PAD
    0x0800dcbc   0x000000b4   Code   RO         2065    i.plug_holes        mem.o
    0x0800dd70   0x0000002c   Code   RO         3583    i.print_client_pcb_state  tcp_client.o
    0x0800dd9c   0x00000030   Code   RO         3639    i.print_server_pcb_state  tcp_server.o
    0x0800ddcc   0x00000074   Code   RO         2366    i.raw_input         raw.o
    0x0800de40   0x0000021c   Code   RO         4331    i.reset_ledgpio_map  ra8806_ctrl.o
    0x0800e05c   0x000003b8   Code   RO         4332    i.set_period        ra8806_ctrl.o
    0x0800e414   0x00000040   Code   RO         4333    i.set_period_datainit  ra8806_ctrl.o
    0x0800e454   0x00000100   Code   RO         4334    i.set_period_interface  ra8806_ctrl.o
    0x0800e554   0x00000078   Code   RO         4335    i.set_period_main   ra8806_ctrl.o
    0x0800e5cc   0x00000148   Code   RO         4336    i.set_period_update  ra8806_ctrl.o
    0x0800e714   0x0000066c   Code   RO         4337    i.set_phase         ra8806_ctrl.o
    0x0800ed80   0x00000070   Code   RO         4338    i.set_phase_datainit  ra8806_ctrl.o
    0x0800edf0   0x0000018c   Code   RO         4339    i.set_phase_interface  ra8806_ctrl.o
    0x0800ef7c   0x00000070   Code   RO         4340    i.set_phase_main    ra8806_ctrl.o
    0x0800efec   0x000002a4   Code   RO         4341    i.set_phase_update  ra8806_ctrl.o
    0x0800f290   0x000000a4   Code   RO         2887    i.sys_timeout       timers.o
    0x0800f334   0x000000a8   Code   RO         2495    i.tcp_abandon       tcp.o
    0x0800f3dc   0x0000000e   Code   RO         2496    i.tcp_abort         tcp.o
    0x0800f3ea   0x00000004   Code   RO         2497    i.tcp_accept        tcp.o
    0x0800f3ee   0x00000008   Code   RO         2498    i.tcp_accept_null   tcp.o
    0x0800f3f6   0x00000002   PAD
    0x0800f3f8   0x00000104   Code   RO         2499    i.tcp_alloc         tcp.o
    0x0800f4fc   0x00000004   Code   RO         2500    i.tcp_arg           tcp.o
    0x0800f500   0x0000009c   Code   RO         2501    i.tcp_bind          tcp.o
    0x0800f59c   0x000000c0   Code   RO         3584    i.tcp_client_connected  tcp_client.o
    0x0800f65c   0x000001f0   Code   RO         3585    i.tcp_client_errf   tcp_client.o
    0x0800f84c   0x000000ac   Code   RO         3586    i.tcp_client_poll   tcp_client.o
    0x0800f8f8   0x000003b8   Code   RO         3587    i.tcp_client_recv   tcp_client.o
    0x0800fcb0   0x00000080   Code   RO         3588    i.tcp_client_request  tcp_client.o
    0x0800fd30   0x00000048   Code   RO         3589    i.tcp_client_sent   tcp_client.o
    0x0800fd78   0x0000001c   Code   RO         2502    i.tcp_close         tcp.o
    0x0800fd94   0x000001d4   Code   RO         2503    i.tcp_close_shutdown  tcp.o
    0x0800ff68   0x00000158   Code   RO         2504    i.tcp_connect       tcp.o
    0x080100c0   0x000000c4   Code   RO         2786    i.tcp_create_segment  tcp_out.o
    0x08010184   0x00000010   Code   RO         2505    i.tcp_debug_state_str  tcp.o
    0x08010194   0x0000002e   Code   RO         2506    i.tcp_eff_send_mss  tcp.o
    0x080101c2   0x00000002   PAD
    0x080101c4   0x00000184   Code   RO         2787    i.tcp_enqueue_flags  tcp_out.o
    0x08010348   0x00000014   Code   RO         2507    i.tcp_err           tcp.o
    0x0801035c   0x0000007c   Code   RO         2508    i.tcp_fasttmr       tcp.o
    0x080103d8   0x00000580   Code   RO         2730    i.tcp_input         tcp_in.o
    0x08010958   0x00000068   Code   RO         2788    i.tcp_keepalive     tcp_out.o
    0x080109c0   0x00000054   Code   RO         2510    i.tcp_kill_prio     tcp.o
    0x08010a14   0x0000003c   Code   RO         2511    i.tcp_kill_timewait  tcp.o
    0x08010a50   0x00000144   Code   RO         2731    i.tcp_listen_input  tcp_in.o
    0x08010b94   0x000000dc   Code   RO         2512    i.tcp_listen_with_backlog  tcp.o
    0x08010c70   0x0000000a   Code   RO         2513    i.tcp_new           tcp.o
    0x08010c7a   0x00000002   PAD
    0x08010c7c   0x00000068   Code   RO         2514    i.tcp_new_port      tcp.o
    0x08010ce4   0x0000001c   Code   RO         2515    i.tcp_next_iss      tcp.o
    0x08010d00   0x00000090   Code   RO         2732    i.tcp_oos_insert_segment  tcp_in.o
    0x08010d90   0x000001d4   Code   RO         2789    i.tcp_output        tcp_out.o
    0x08010f64   0x00000086   Code   RO         2790    i.tcp_output_alloc_header  tcp_out.o
    0x08010fea   0x00000002   PAD
    0x08010fec   0x000000f4   Code   RO         2791    i.tcp_output_segment  tcp_out.o
    0x080110e0   0x000000b0   Code   RO         2733    i.tcp_parseopt      tcp_in.o
    0x08011190   0x00000078   Code   RO         2792    i.tcp_pbuf_prealloc  tcp_out.o
    0x08011208   0x00000048   Code   RO         2516    i.tcp_pcb_purge     tcp.o
    0x08011250   0x000000ac   Code   RO         2517    i.tcp_pcb_remove    tcp.o
    0x080112fc   0x00000018   Code   RO         2518    i.tcp_poll          tcp.o
    0x08011314   0x000005a4   Code   RO         2734    i.tcp_process       tcp_in.o
    0x080118b8   0x00000090   Code   RO         2519    i.tcp_process_refused_data  tcp.o
    0x08011948   0x00000ad8   Code   RO         2735    i.tcp_receive       tcp_in.o
    0x08012420   0x00000014   Code   RO         2520    i.tcp_recv          tcp.o
    0x08012434   0x0000002e   Code   RO         2521    i.tcp_recv_null     tcp.o
    0x08012462   0x00000060   Code   RO         2522    i.tcp_recved        tcp.o
    0x080124c2   0x0000005a   Code   RO         2793    i.tcp_rexmit        tcp_out.o
    0x0801251c   0x00000070   Code   RO         2794    i.tcp_rexmit_fast   tcp_out.o
    0x0801258c   0x0000003a   Code   RO         2795    i.tcp_rexmit_rto    tcp_out.o
    0x080125c6   0x00000002   PAD
    0x080125c8   0x000000ac   Code   RO         2796    i.tcp_rst           tcp_out.o
    0x08012674   0x00000024   Code   RO         2523    i.tcp_seg_copy      tcp.o
    0x08012698   0x0000001a   Code   RO         2524    i.tcp_seg_free      tcp.o
    0x080126b2   0x00000018   Code   RO         2525    i.tcp_segs_free     tcp.o
    0x080126ca   0x00000060   Code   RO         2797    i.tcp_send_empty_ack  tcp_out.o
    0x0801272a   0x0000004a   Code   RO         2798    i.tcp_send_fin      tcp_out.o
    0x08012774   0x00000012   Code   RO         2526    i.tcp_sent          tcp.o
    0x08012786   0x00000002   PAD
    0x08012788   0x00000090   Code   RO         3640    i.tcp_server_accept  tcp_server.o
    0x08012818   0x000001dc   Code   RO         3641    i.tcp_server_errf   tcp_server.o
    0x080129f4   0x00000058   Code   RO         3642    i.tcp_server_init   tcp_server.o
    0x08012a4c   0x00000058   Code   RO         3643    i.tcp_server_poll   tcp_server.o
    0x08012aa4   0x00000260   Code   RO         3644    i.tcp_server_recv   tcp_server.o
    0x08012d04   0x00000034   Code   RO         3645    i.tcp_server_sent   tcp_server.o
    0x08012d38   0x000003b0   Code   RO         2529    i.tcp_slowtmr       tcp.o
    0x080130e8   0x00000038   Code   RO         2890    i.tcp_timer_needed  timers.o
    0x08013120   0x000000ac   Code   RO         2736    i.tcp_timewait_input  tcp_in.o
    0x080131cc   0x00000024   Code   RO         2530    i.tcp_tmr           tcp.o
    0x080131f0   0x00000058   Code   RO         2531    i.tcp_update_rcv_ann_wnd  tcp.o
    0x08013248   0x00000404   Code   RO         2799    i.tcp_write         tcp_out.o
    0x0801364c   0x0000009c   Code   RO         2800    i.tcp_write_checks  tcp_out.o
    0x080136e8   0x000000cc   Code   RO         2801    i.tcp_zero_window_probe  tcp_out.o
    0x080137b4   0x00000038   Code   RO         2891    i.tcpip_tcp_timer   timers.o
    0x080137ec   0x00000058   Code   RO         4342    i.time_saveto_ds1302  ra8806_ctrl.o
    0x08013844   0x00000254   Code   RO         2949    i.udp_input         udp.o
    0x08013a98   0x00000028   Data   RO         2112    .constdata          memp.o
    0x08013ac0   0x00000050   Data   RO         2532    .constdata          tcp.o
    0x08013b10   0x00000008   Data   RO         3169    .constdata          ip_addr.o
    0x08013b18   0x0000000c   Data   RO         3334    .constdata          etharp.o
    0x08013b24   0x000000e8   Data   RO         4343    .constdata          ra8806_ctrl.o
    0x08013c0c   0x0000000c   Data   RO         5377    .constdata          mc_w.l(mktime.o)(mc_w.l)
    0x08013c18   0x0000000c   Data   RO         5700    .constdata          mc_w.l(localtime_i.o)(mc_w.l)
    0x08013c24   0x00000040   Data   RO         5736    .constdata          mc_w.l(ctype_c.o)(mc_w.l)
    0x08013c64   0x00000068   Data   RO         2533    .conststring        tcp.o
    0x08013ccc   0x00000030   Data   RO         4344    .conststring        ra8806_ctrl.o
    0x08013cfc   0x00000020   Data   RO         5738    Region$$Table       anon$$obj.o


    Execution Region RW_IRAM1 (Base: 0x20000000, Size: 0x0000d828, Max: 0x00010000, ABSOLUTE, COMPRESSED[0x00000058])

    Base Addr    Size         Type   Attr      Idx    E Section Name        Object

    0x20000000   0x00000014   Data   RW          607    .data               stm32f10x_rcc.o
    0x20000014   0x0000000c   Data   RW         2067    .data               mem.o
    0x20000020   0x00000009   Data   RW         2163    .data               netif.o
    0x20000029   0x00000003   PAD
    0x2000002c   0x00000004   Data   RW         2372    .data               raw.o
    0x20000030   0x00000023   Data   RW         2534    .data               tcp.o
    0x20000053   0x00000001   PAD
    0x20000054   0x00000020   Data   RW         2738    .data               tcp_in.o
    0x20000074   0x0000000c   Data   RW         2892    .data               timers.o
    0x20000080   0x00000008   Data   RW         2957    .data               udp.o
    0x20000088   0x00000012   Data   RW         3127    .data               ip.o
    0x2000009a   0x00000002   PAD
    0x2000009c   0x00000006   Data   RW         3226    .data               ip_frag.o
    0x200000a2   0x00000001   Data   RW         3335    .data               etharp.o
    0x200000a3   0x00000006   Data   RW         3429    .data               ethernetif.o
    0x200000a9   0x00000003   PAD
    0x200000ac   0x00000008   Data   RW         3495    .data               enc28j60.o
    0x200000b4   0x00000004   Data   RW         3590    .data               tcp_client.o
    0x200000b8   0x00000032   Data   RW         3693    .data               main.o
    0x200000ea   0x00000002   PAD
    0x200000ec   0x00000040   Data   RW         4345    .data               ra8806_ctrl.o
    0x2000012c   0x00000010   Data   RW         5128    .data               netconf.o
    0x2000013c   0x00000004   Data   RW         5691    .data               mc_w.l(stdout.o)(mc_w.l)
    0x20000140   0x00000004   Data   RW         5702    .data               mc_w.l(mvars.o)(mc_w.l)
    0x20000144   0x00000004   Data   RW         5703    .data               mc_w.l(mvars.o)(mc_w.l)
    0x20000148   0x00003e8d   Zero   RW         2066    .bss                mem.o
    0x20003fd5   0x00000003   PAD
    0x20003fd8   0x000030b0   Zero   RW         2111    .bss                memp.o
    0x20007088   0x00000116   Zero   RW         2421    .bss                stats.o
    0x2000719e   0x00000002   PAD
    0x200071a0   0x00000010   Zero   RW         2737    .bss                tcp_in.o
    0x200071b0   0x000000c8   Zero   RW         3333    .bss                etharp.o
    0x20007278   0x00002554   Zero   RW         3692    .bss                main.o
    0x200097cc   0x00000030   Zero   RW         5127    .bss                netconf.o
    0x200097fc   0x0000002c   Zero   RW         5697    .bss                mc_w.l(localtime_w.o)(mc_w.l)
    0x20009828   0x00002000   Zero   RW         1840    HEAP                startup_stm32f10x_hd.o
    0x2000b828   0x00002000   Zero   RW         1839    STACK               startup_stm32f10x_hd.o


==============================================================================

Image component sizes


      Code (inc. data)   RO Data    RW Data    ZI Data      Debug   Object Name

         0          0          0          0          0          0   api_lib.o
       950         30          0          0          0          0   at24c64_op.o
         0          0          0          0          0          0   core_cm3.o
        62          0          0          0          0          0   def.o
        60          0          0          0          0          0   delay.o
      1182          8          0          0          0          0   ds1302_op.o
       640          8          0          0          0          0   e2prom_op.o
      1356        150          0          8          0          0   enc28j60.o
      2728         92         12          1        200          0   etharp.o
       384         22          0          6          0          0   ethernetif.o
       200         94          0          0          0          0   ex_var.o
       724         20          0          0          0          0   icmp.o
         0          0          0          0          0          0   inet.o
       364          0          0          0          0          0   inet_chksum.o
         0          0          0          0          0          0   init.o
      1080         50          0         18          0          0   ip.o
        78          0          8          0          0          0   ip_addr.o
      1900         50          0          6          0          0   ip_frag.o
      2274        294          0          0          0          0   key_op.o
      2252        132          0          0          0          0   led_op.o
       188         30          0         50       9556          0   main.o
      1250         80          0         12      16013          0   mem.o
       392         38         40          0      12464          0   memp.o
      3044       1604          0          0          0          0   menu_resource.o
       172         32          0          0          0          0   misc.o
       292         68          0         16         48          0   netconf.o
       366         26          0          9          0          0   netif.o
      1546          0          0          0          0          0   pbuf.o
     27966       3958        280         64          0          0   ra8806_ctrl.o
       116         14          0          4          0          0   raw.o
        56          6          0          0          0          0   spi_op.o
        36          8        304          0      16384          0   startup_stm32f10x_hd.o
         0          0          0          0        278          0   stats.o
        16          0          0          0          0          0   stm32f10x_bkp.o
       252         36          0          0          0          0   stm32f10x_exti.o
       412          4          0          0          0          0   stm32f10x_gpio.o
       316         20          0          0          0          0   stm32f10x_i2c.o
      1340        216          0          0          0          0   stm32f10x_it.o
        12          6          0          0          0          0   stm32f10x_pwr.o
       828        122          0         20          0          0   stm32f10x_rcc.o
       316         80          0          0          0          0   stm32f10x_rtc.o
       112          0          0          0          0          0   stm32f10x_spi.o
       964        116          0          0          0          0   stm32f10x_tim.o
       248          6          0          0          0          0   stm32f10x_usart.o
         0          0          0          0          0          0   sys.o
      1430         80          0          0          0          0   sys_config.o
       304         26          0          0          0          0   system_stm32f10x.o
      3912        206        184         35          0          0   tcp.o
      2056        778          0          4          0          0   tcp_client.o
      6444        350          0         32         16          0   tcp_in.o
      3644         48          0          0          0          0   tcp_out.o
      1504        572          0          0          0          0   tcp_server.o
       494         34          0          0          0          0   time_op.o
       276         40          0         12          0          0   timers.o
       596         16          0          8          0          0   udp.o
        36          6          0          0          0          0   usart_op.o

    ----------------------------------------------------------------------
     77232       9576        860        316      54964          0   Object Totals
         0          0         32          0          0          0   (incl. Generated)
        62          0          0         11          5          2   (incl. Padding)

    ----------------------------------------------------------------------

      Code (inc. data)   RO Data    RW Data    ZI Data      Debug   Library Member Name

        56          8          0          0          0          0   __0sscanf.o
        92          0          0          0          0          0   __dczerorl2.o
        32          0          0          0          0          0   _chval.o
       824          6          0          0          0          0   _scanf.o
       334          0          0          0          0          0   _scanf_int.o
       216          0          0          0          0          0   _scanf_str.o
        64          0          0          0          0          0   _sgetc.o
        28          0          0          0          0          0   calloc.o
        40          6         64          0          0          0   ctype_c.o
         0          0          0          0          0          0   entry.o
         8          4          0          0          0          0   entry2.o
         4          0          0          0          0          0   entry5.o
         8          4          0          0          0          0   entry7.o
        30          0          0          0          0          0   handlers.o
        36          8          0          0          0          0   init.o
        10          0          0          0          0          0   isspace_c.o
       128          6         12          0          0          0   localtime_i.o
        12          6          0          0         44          0   localtime_w.o
       188         20          0          0          0          0   malloc.o
        26          0          0          0          0          0   memcmp.o
        36          0          0          0          0          0   memcpya.o
        38          0          0          0          0          0   memseta.o
       160         18         12          0          0          0   mktime.o
         0          0          0          8          0          0   mvars.o
       518         22          0          0          0          0   printf3.o
        44         10          0          0          0          0   scanf_char.o
         0          0          0          4          0          0   stdout.o
        16          0          0          0          0          0   strlen.o
        44          0          0          0          0          0   uidiv.o

    ----------------------------------------------------------------------
      3000        118         88         12         44          0   Library Totals
         8          0          0          0          0          0   (incl. Padding)

    ----------------------------------------------------------------------

      Code (inc. data)   RO Data    RW Data    ZI Data      Debug   Library Name

      2992        118         88         12         44       2016   mc_w.l

    ----------------------------------------------------------------------
      3000        118         88         12         44          0   Library Totals

    ----------------------------------------------------------------------

==============================================================================


      Code (inc. data)   RO Data    RW Data    ZI Data      Debug   

     80232       9694        948        328      55008     652584   Grand Totals
     80232       9694        948         88      55008     652584   ELF Image Totals (compressed)
     80232       9694        948         88          0          0   ROM Totals

==============================================================================

    Total RO  Size (Code + RO Data)                81180 (  79.28kB)
    Total RW  Size (RW Data + ZI Data)             55336 (  54.04kB)
    Total ROM Size (Code + RO Data + RW Data)      81268 (  79.36kB)

==============================================================================

